Indexing opening suite...
Started game 1 of 200 (checkforge vs opponent)
Finished game 1 (checkforge vs opponent): 1-0 {White mates}
Score of checkforge vs opponent: 1 - 0 - 0  [1.000] 1
Started game 2 of 200 (opponent vs checkforge)
Finished game 2 (opponent vs checkforge): 1/2-1/2 {Draw by 3-fold repetition}
Score of checkforge vs opponent: 1 - 0 - 1  [0.750] 2
Started game 3 of 200 (checkforge vs opponent)
Finished game 3 (checkforge vs opponent): 1/2-1/2 {Draw by 3-fold repetition}
Score of checkforge vs opponent: 1 - 0 - 2  [0.667] 3
Started game 4 of 200 (opponent vs checkforge)
Finished game 4 (opponent vs checkforge): 1/2-1/2 {Draw by 3-fold repetition}
Score of checkforge vs opponent: 1 - 0 - 3  [0.625] 4
Started game 5 of 200 (checkforge vs opponent)
Finished game 5 (checkforge vs opponent): 1-0 {White mates}
Score of checkforge vs opponent: 2 - 0 - 3  [0.700] 5
Started game 6 of 200 (opponent vs checkforge)
Finished game 6 (opponent vs checkforge): 1/2-1/2 {Draw by 3-fold repetition}
Score of checkforge vs opponent: 2 - 0 - 4  [0.667] 6
Started game 7 of 200 (checkforge vs opponent)
Finished game 7 (checkforge vs opponent): 1/2-1/2 {Draw by 3-fold repetition}
Score of checkforge vs opponent: 2 - 0 - 5  [0.643] 7
Started game 8 of 200 (opponent vs checkforge)
Finished game 8 (opponent vs checkforge): 1/2-1/2 {Draw by 3-fold repetition}
Score of checkforge vs opponent: 2 - 0 - 6  [0.625] 8
Started game 9 of 200 (checkforge vs opponent)
Finished game 9 (checkforge vs opponent): 1/2-1/2 {Draw by 3-fold repetition}
Score of checkforge vs opponent: 2 - 0 - 7  [0.611] 9
Started game 10 of 200 (opponent vs checkforge)
Finished game 10 (opponent vs checkforge): 0-1 {Black mates}
Score of checkforge vs opponent: 3 - 0 - 7  [0.650] 10
Started game 11 of 200 (checkforge vs opponent)
Finished game 11 (checkforge vs opponent): 0-1 {Black mates}
Score of checkforge vs opponent: 3 - 1 - 7  [0.591] 11
Started game 12 of 200 (opponent vs checkforge)
Finished game 12 (opponent vs checkforge): 0-1 {Black mates}
Score of checkforge vs opponent: 4 - 1 - 7  [0.625] 12
Started game 13 of 200 (checkforge vs opponent)
Finished game 13 (checkforge vs opponent): 1/2-1/2 {Draw by 3-fold repetition}
Score of checkforge vs opponent: 4 - 1 - 8  [0.615] 13
Started game 14 of 200 (opponent vs checkforge)
Finished game 14 (opponent vs checkforge): 1-0 {White mates}
Score of checkforge vs opponent: 4 - 2 - 8  [0.571] 14
Started game 15 of 200 (checkforge vs opponent)
Finished game 15 (checkforge vs opponent): 1-0 {White mates}
Score of checkforge vs opponent: 5 - 2 - 8  [0.600] 15
Started game 16 of 200 (opponent vs checkforge)
Finished game 16 (opponent vs checkforge): 0-1 {Black mates}
Score of checkforge vs opponent: 6 - 2 - 8  [0.625] 16
Started game 17 of 200 (checkforge vs opponent)
Finished game 17 (checkforge vs opponent): 1/2-1/2 {Draw by 3-fold repetition}
Score of checkforge vs opponent: 6 - 2 - 9  [0.618] 17
Started game 18 of 200 (opponent vs checkforge)
Finished game 18 (opponent vs checkforge): 0-1 {Black mates}
Score of checkforge vs opponent: 7 - 2 - 9  [0.639] 18
Started game 19 of 200 (checkforge vs opponent)
Finished game 19 (checkforge vs opponent): 1-0 {White mates}
Score of checkforge vs opponent: 8 - 2 - 9  [0.658] 19
Started game 20 of 200 (opponent vs checkforge)
Finished game 20 (opponent vs checkforge): 0-1 {Black mates}
Score of checkforge vs opponent: 9 - 2 - 9  [0.675] 20
Started game 21 of 200 (checkforge vs opponent)
Finished game 21 (checkforge vs opponent): 1/2-1/2 {Draw by 3-fold repetition}
Score of checkforge vs opponent: 9 - 2 - 10  [0.667] 21
Started game 22 of 200 (opponent vs checkforge)
Finished game 22 (opponent vs checkforge): 1-0 {White mates}
Score of checkforge vs opponent: 9 - 3 - 10  [0.636] 22
Started game 23 of 200 (checkforge vs opponent)
Finished game 23 (checkforge vs opponent): 1-0 {White mates}
Score of checkforge vs opponent: 10 - 3 - 10  [0.652] 23
Started game 24 of 200 (opponent vs checkforge)
Finished game 24 (opponent vs checkforge): 0-1 {Black mates}
Score of checkforge vs opponent: 11 - 3 - 10  [0.667] 24
Started game 25 of 200 (checkforge vs opponent)
Finished game 25 (checkforge vs opponent): 1/2-1/2 {Draw by 3-fold repetition}
Score of checkforge vs opponent: 11 - 3 - 11  [0.660] 25
Started game 26 of 200 (opponent vs checkforge)
Finished game 26 (opponent vs checkforge): 1/2-1/2 {Draw by 3-fold repetition}
Score of checkforge vs opponent: 11 - 3 - 12  [0.654] 26
Started game 27 of 200 (checkforge vs opponent)
Finished game 27 (checkforge vs opponent): 1/2-1/2 {Draw by 3-fold repetition}
Score of checkforge vs opponent: 11 - 3 - 13  [0.648] 27
Started game 28 of 200 (opponent vs checkforge)
Finished game 28 (opponent vs checkforge): 0-1 {Black mates}
Score of checkforge vs opponent: 12 - 3 - 13  [0.661] 28
Started game 29 of 200 (checkforge vs opponent)
Finished game 29 (checkforge vs opponent): 1-0 {White mates}
Score of checkforge vs opponent: 13 - 3 - 13  [0.672] 29
Started game 30 of 200 (opponent vs checkforge)
Finished game 30 (opponent vs checkforge): 1-0 {White mates}
Score of checkforge vs opponent: 13 - 4 - 13  [0.650] 30
Started game 31 of 200 (checkforge vs opponent)
Finished game 31 (checkforge vs opponent): 0-1 {Black mates}
Score of checkforge vs opponent: 13 - 5 - 13  [0.629] 31
Started game 32 of 200 (opponent vs checkforge)
Finished game 32 (opponent vs checkforge): 1/2-1/2 {Draw by 3-fold repetition}
Score of checkforge vs opponent: 13 - 5 - 14  [0.625] 32
Started game 33 of 200 (checkforge vs opponent)
Finished game 33 (checkforge vs opponent): 1/2-1/2 {Draw by 3-fold repetition}
Score of checkforge vs opponent: 13 - 5 - 15  [0.621] 33
Started game 34 of 200 (opponent vs checkforge)
Finished game 34 (opponent vs checkforge): 0-1 {Black mates}
Score of checkforge vs opponent: 14 - 5 - 15  [0.632] 34
Started game 35 of 200 (checkforge vs opponent)
Finished game 35 (checkforge vs opponent): 0-1 {Black mates}
Score of checkforge vs opponent: 14 - 6 - 15  [0.614] 35
Started game 36 of 200 (opponent vs checkforge)
Finished game 36 (opponent vs checkforge): 0-1 {Black mates}
Score of checkforge vs opponent: 15 - 6 - 15  [0.625] 36
Started game 37 of 200 (checkforge vs opponent)
Finished game 37 (checkforge vs opponent): 1/2-1/2 {Draw by 3-fold repetition}
Score of checkforge vs opponent: 15 - 6 - 16  [0.622] 37
Started game 38 of 200 (opponent vs checkforge)
Finished game 38 (opponent vs checkforge): 1/2-1/2 {Draw by 3-fold repetition}
Score of checkforge vs opponent: 15 - 6 - 17  [0.618] 38
Started game 39 of 200 (checkforge vs opponent)
Finished game 39 (checkforge vs opponent): 1/2-1/2 {Draw by 3-fold repetition}
Score of checkforge vs opponent: 15 - 6 - 18  [0.615] 39
Started game 40 of 200 (opponent vs checkforge)
Finished game 40 (opponent vs checkforge): 0-1 {Black mates}
Score of checkforge vs opponent: 16 - 6 - 18  [0.625] 40
Started game 41 of 200 (checkforge vs opponent)
Finished game 41 (checkforge vs opponent): 1-0 {White mates}
Score of checkforge vs opponent: 17 - 6 - 18  [0.634] 41
Started game 42 of 200 (opponent vs checkforge)
Finished game 42 (opponent vs checkforge): 0-1 {Black mates}
Score of checkforge vs opponent: 18 - 6 - 18  [0.643] 42
Started game 43 of 200 (checkforge vs opponent)
Finished game 43 (checkforge vs opponent): 1/2-1/2 {Draw by 3-fold repetition}
Score of checkforge vs opponent: 18 - 6 - 19  [0.640] 43
Started game 44 of 200 (opponent vs checkforge)
Finished game 44 (opponent vs checkforge): 1/2-1/2 {Draw by 3-fold repetition}
Score of checkforge vs opponent: 18 - 6 - 20  [0.636] 44
Started game 45 of 200 (checkforge vs opponent)
Finished game 45 (checkforge vs opponent): 0-1 {Black mates}
Score of checkforge vs opponent: 18 - 7 - 20  [0.622] 45
Started game 46 of 200 (opponent vs checkforge)
Finished game 46 (opponent vs checkforge): 1-0 {White mates}
Score of checkforge vs opponent: 18 - 8 - 20  [0.609] 46
Started game 47 of 200 (checkforge vs opponent)
Finished game 47 (checkforge vs opponent): 1/2-1/2 {Draw by 3-fold repetition}
Score of checkforge vs opponent: 18 - 8 - 21  [0.606] 47
Started game 48 of 200 (opponent vs checkforge)
Finished game 48 (opponent vs checkforge): 0-1 {Black mates}
Score of checkforge vs opponent: 19 - 8 - 21  [0.615] 48
Started game 49 of 200 (checkforge vs opponent)
Finished game 49 (checkforge vs opponent): 1-0 {White mates}
Score of checkforge vs opponent: 20 - 8 - 21  [0.622] 49
Started game 50 of 200 (opponent vs checkforge)
Finished game 50 (opponent vs checkforge): 1/2-1/2 {Draw by 3-fold repetition}
Score of checkforge vs opponent: 20 - 8 - 22  [0.620] 50
Started game 51 of 200 (checkforge vs opponent)
Finished game 51 (checkforge vs opponent): 1/2-1/2 {Draw by 3-fold repetition}
Score of checkforge vs opponent: 20 - 8 - 23  [0.618] 51
Started game 52 of 200 (opponent vs checkforge)
Finished game 52 (opponent vs checkforge): 1/2-1/2 {Draw by 3-fold repetition}
Score of checkforge vs opponent: 20 - 8 - 24  [0.615] 52
Started game 53 of 200 (checkforge vs opponent)
Finished game 53 (checkforge vs opponent): 1/2-1/2 {Draw by 3-fold repetition}
Score of checkforge vs opponent: 20 - 8 - 25  [0.613] 53
Started game 54 of 200 (opponent vs checkforge)
Finished game 54 (opponent vs checkforge): 1-0 {White mates}
Score of checkforge vs opponent: 20 - 9 - 25  [0.602] 54
Started game 55 of 200 (checkforge vs opponent)
Finished game 55 (checkforge vs opponent): 1/2-1/2 {Draw by 3-fold repetition}
Score of checkforge vs opponent: 20 - 9 - 26  [0.600] 55
Started game 56 of 200 (opponent vs checkforge)
Finished game 56 (opponent vs checkforge): 1/2-1/2 {Draw by 3-fold repetition}
Score of checkforge vs opponent: 20 - 9 - 27  [0.598] 56
Started game 57 of 200 (checkforge vs opponent)
Finished game 57 (checkforge vs opponent): 1/2-1/2 {Draw by 3-fold repetition}
Score of checkforge vs opponent: 20 - 9 - 28  [0.596] 57
Started game 58 of 200 (opponent vs checkforge)
Finished game 58 (opponent vs checkforge): 1/2-1/2 {Draw by 3-fold repetition}
Score of checkforge vs opponent: 20 - 9 - 29  [0.595] 58
Started game 59 of 200 (checkforge vs opponent)
Finished game 59 (checkforge vs opponent): 1-0 {White mates}
Score of checkforge vs opponent: 21 - 9 - 29  [0.602] 59
Started game 60 of 200 (opponent vs checkforge)
Finished game 60 (opponent vs checkforge): 1/2-1/2 {Draw by 3-fold repetition}
Score of checkforge vs opponent: 21 - 9 - 30  [0.600] 60
Started game 61 of 200 (checkforge vs opponent)
Finished game 61 (checkforge vs opponent): 1/2-1/2 {Draw by 3-fold repetition}
Score of checkforge vs opponent: 21 - 9 - 31  [0.598] 61
Started game 62 of 200 (opponent vs checkforge)
Finished game 62 (opponent vs checkforge): 1-0 {White mates}
Score of checkforge vs opponent: 21 - 10 - 31  [0.589] 62
Started game 63 of 200 (checkforge vs opponent)
Finished game 63 (checkforge vs opponent): 1-0 {White mates}
Score of checkforge vs opponent: 22 - 10 - 31  [0.595] 63
Started game 64 of 200 (opponent vs checkforge)
Finished game 64 (opponent vs checkforge): 0-1 {Black mates}
Score of checkforge vs opponent: 23 - 10 - 31  [0.602] 64
Started game 65 of 200 (checkforge vs opponent)
Finished game 65 (checkforge vs opponent): 1-0 {White mates}
Score of checkforge vs opponent: 24 - 10 - 31  [0.608] 65
Started game 66 of 200 (opponent vs checkforge)
Finished game 66 (opponent vs checkforge): 1/2-1/2 {Draw by 3-fold repetition}
Score of checkforge vs opponent: 24 - 10 - 32  [0.606] 66
Started game 67 of 200 (checkforge vs opponent)
Finished game 67 (checkforge vs opponent): 1-0 {White mates}
Score of checkforge vs opponent: 25 - 10 - 32  [0.612] 67
Started game 68 of 200 (opponent vs checkforge)
Finished game 68 (opponent vs checkforge): 1/2-1/2 {Draw by 3-fold repetition}
Score of checkforge vs opponent: 25 - 10 - 33  [0.610] 68
Started game 69 of 200 (checkforge vs opponent)
Finished game 69 (checkforge vs opponent): 1-0 {White mates}
Score of checkforge vs opponent: 26 - 10 - 33  [0.616] 69
Started game 70 of 200 (opponent vs checkforge)
Finished game 70 (opponent vs checkforge): 1/2-1/2 {Draw by 3-fold repetition}
Score of checkforge vs opponent: 26 - 10 - 34  [0.614] 70
Started game 71 of 200 (checkforge vs opponent)
Finished game 71 (checkforge vs opponent): 1/2-1/2 {Draw by 3-fold repetition}
Score of checkforge vs opponent: 26 - 10 - 35  [0.613] 71
Started game 72 of 200 (opponent vs checkforge)
Finished game 72 (opponent vs checkforge): 1-0 {White mates}
Score of checkforge vs opponent: 26 - 11 - 35  [0.604] 72
Started game 73 of 200 (checkforge vs opponent)
Finished game 73 (checkforge vs opponent): 1-0 {White mates}
Score of checkforge vs opponent: 27 - 11 - 35  [0.610] 73
Started game 74 of 200 (opponent vs checkforge)
Finished game 74 (opponent vs checkforge): 1-0 {White mates}
Score of checkforge vs opponent: 27 - 12 - 35  [0.601] 74
Started game 75 of 200 (checkforge vs opponent)
Finished game 75 (checkforge vs opponent): 1/2-1/2 {Draw by 3-fold repetition}
Score of checkforge vs opponent: 27 - 12 - 36  [0.600] 75
Started game 76 of 200 (opponent vs checkforge)
Finished game 76 (opponent vs checkforge): 1/2-1/2 {Draw by 3-fold repetition}
Score of checkforge vs opponent: 27 - 12 - 37  [0.599] 76
Started game 77 of 200 (checkforge vs opponent)
Finished game 77 (checkforge vs opponent): 1-0 {White mates}
Score of checkforge vs opponent: 28 - 12 - 37  [0.604] 77
Started game 78 of 200 (opponent vs checkforge)
Finished game 78 (opponent vs checkforge): 1-0 {White mates}
Score of checkforge vs opponent: 28 - 13 - 37  [0.596] 78
Started game 79 of 200 (checkforge vs opponent)
Finished game 79 (checkforge vs opponent): 1/2-1/2 {Draw by 3-fold repetition}
Score of checkforge vs opponent: 28 - 13 - 38  [0.595] 79
Started game 80 of 200 (opponent vs checkforge)
Finished game 80 (opponent vs checkforge): 1/2-1/2 {Draw by 3-fold repetition}
Score of checkforge vs opponent: 28 - 13 - 39  [0.594] 80
Started game 81 of 200 (checkforge vs opponent)
Finished game 81 (checkforge vs opponent): 1/2-1/2 {Draw by 3-fold repetition}
Score of checkforge vs opponent: 28 - 13 - 40  [0.593] 81
Started game 82 of 200 (opponent vs checkforge)
Finished game 82 (opponent vs checkforge): 1/2-1/2 {Draw by 3-fold repetition}
Score of checkforge vs opponent: 28 - 13 - 41  [0.591] 82
Started game 83 of 200 (checkforge vs opponent)
Finished game 83 (checkforge vs opponent): 1-0 {White mates}
Score of checkforge vs opponent: 29 - 13 - 41  [0.596] 83
Started game 84 of 200 (opponent vs checkforge)
Finished game 84 (opponent vs checkforge): 0-1 {Black mates}
Score of checkforge vs opponent: 30 - 13 - 41  [0.601] 84
Started game 85 of 200 (checkforge vs opponent)
Finished game 85 (checkforge vs opponent): 0-1 {Black mates}
Score of checkforge vs opponent: 30 - 14 - 41  [0.594] 85
Started game 86 of 200 (opponent vs checkforge)
Finished game 86 (opponent vs checkforge): 1/2-1/2 {Draw by 3-fold repetition}
Score of checkforge vs opponent: 30 - 14 - 42  [0.593] 86
Started game 87 of 200 (checkforge vs opponent)
Finished game 87 (checkforge vs opponent): 1-0 {White mates}
Score of checkforge vs opponent: 31 - 14 - 42  [0.598] 87
Started game 88 of 200 (opponent vs checkforge)
Finished game 88 (opponent vs checkforge): 0-1 {Black mates}
Score of checkforge vs opponent: 32 - 14 - 42  [0.602] 88
Started game 89 of 200 (checkforge vs opponent)
Finished game 89 (checkforge vs opponent): 1/2-1/2 {Draw by 3-fold repetition}
Score of checkforge vs opponent: 32 - 14 - 43  [0.601] 89
Started game 90 of 200 (opponent vs checkforge)
Finished game 90 (opponent vs checkforge): 1/2-1/2 {Draw by 3-fold repetition}
Score of checkforge vs opponent: 32 - 14 - 44  [0.600] 90
Started game 91 of 200 (checkforge vs opponent)
Finished game 91 (checkforge vs opponent): 1/2-1/2 {Draw by 3-fold repetition}
Score of checkforge vs opponent: 32 - 14 - 45  [0.599] 91
Started game 92 of 200 (opponent vs checkforge)
Finished game 92 (opponent vs checkforge): 1/2-1/2 {Draw by 3-fold repetition}
Score of checkforge vs opponent: 32 - 14 - 46  [0.598] 92
Started game 93 of 200 (checkforge vs opponent)
Finished game 93 (checkforge vs opponent): 1/2-1/2 {Draw by 3-fold repetition}
Score of checkforge vs opponent: 32 - 14 - 47  [0.597] 93
Started game 94 of 200 (opponent vs checkforge)
Finished game 94 (opponent vs checkforge): 1-0 {White mates}
Score of checkforge vs opponent: 32 - 15 - 47  [0.590] 94
Started game 95 of 200 (checkforge vs opponent)
Finished game 95 (checkforge vs opponent): 1/2-1/2 {Draw by 3-fold repetition}
Score of checkforge vs opponent: 32 - 15 - 48  [0.589] 95
Started game 96 of 200 (opponent vs checkforge)
Finished game 96 (opponent vs checkforge): 0-1 {Black mates}
Score of checkforge vs opponent: 33 - 15 - 48  [0.594] 96
Started game 97 of 200 (checkforge vs opponent)
Finished game 97 (checkforge vs opponent): 1-0 {White mates}
Score of checkforge vs opponent: 34 - 15 - 48  [0.598] 97
Started game 98 of 200 (opponent vs checkforge)
Finished game 98 (opponent vs checkforge): 1/2-1/2 {Draw by 3-fold repetition}
Score of checkforge vs opponent: 34 - 15 - 49  [0.597] 98
Started game 99 of 200 (checkforge vs opponent)
Finished game 99 (checkforge vs opponent): 1-0 {White mates}
Score of checkforge vs opponent: 35 - 15 - 49  [0.601] 99
Started game 100 of 200 (opponent vs checkforge)
Finished game 100 (opponent vs checkforge): 1/2-1/2 {Draw by 3-fold repetition}
Score of checkforge vs opponent: 35 - 15 - 50  [0.600] 100
Started game 101 of 200 (checkforge vs opponent)
Finished game 101 (checkforge vs opponent): 1/2-1/2 {Draw by 3-fold repetition}
Score of checkforge vs opponent: 35 - 15 - 51  [0.599] 101
Started game 102 of 200 (opponent vs checkforge)
Finished game 102 (opponent vs checkforge): 1-0 {White mates}
Score of checkforge vs opponent: 35 - 16 - 51  [0.593] 102
Started game 103 of 200 (checkforge vs opponent)
Finished game 103 (checkforge vs opponent): 1/2-1/2 {Draw by 3-fold repetition}
Score of checkforge vs opponent: 35 - 16 - 52  [0.592] 103
Started game 104 of 200 (opponent vs checkforge)
Finished game 104 (opponent vs checkforge): 1/2-1/2 {Draw by 3-fold repetition}
Score of checkforge vs opponent: 35 - 16 - 53  [0.591] 104
Started game 105 of 200 (checkforge vs opponent)
Finished game 105 (checkforge vs opponent): 1-0 {White mates}
Score of checkforge vs opponent: 36 - 16 - 53  [0.595] 105
Started game 106 of 200 (opponent vs checkforge)
Finished game 106 (opponent vs checkforge): 1/2-1/2 {Draw by 3-fold repetition}
Score of checkforge vs opponent: 36 - 16 - 54  [0.594] 106
Started game 107 of 200 (checkforge vs opponent)
Finished game 107 (checkforge vs opponent): 1/2-1/2 {Draw by 3-fold repetition}
Score of checkforge vs opponent: 36 - 16 - 55  [0.593] 107
Started game 108 of 200 (opponent vs checkforge)
Finished game 108 (opponent vs checkforge): 0-1 {Black mates}
Score of checkforge vs opponent: 37 - 16 - 55  [0.597] 108
Started game 109 of 200 (checkforge vs opponent)
Finished game 109 (checkforge vs opponent): 1/2-1/2 {Draw by 3-fold repetition}
Score of checkforge vs opponent: 37 - 16 - 56  [0.596] 109
Started game 110 of 200 (opponent vs checkforge)
Finished game 110 (opponent vs checkforge): 1/2-1/2 {Draw by 3-fold repetition}
Score of checkforge vs opponent: 37 - 16 - 57  [0.595] 110
Started game 111 of 200 (checkforge vs opponent)
Finished game 111 (checkforge vs opponent): 1-0 {White mates}
Score of checkforge vs opponent: 38 - 16 - 57  [0.599] 111
Started game 112 of 200 (opponent vs checkforge)
Finished game 112 (opponent vs checkforge): 0-1 {Black mates}
Score of checkforge vs opponent: 39 - 16 - 57  [0.603] 112
Started game 113 of 200 (checkforge vs opponent)
Finished game 113 (checkforge vs opponent): 1-0 {White mates}
Score of checkforge vs opponent: 40 - 16 - 57  [0.606] 113
Started game 114 of 200 (opponent vs checkforge)
Finished game 114 (opponent vs checkforge): 0-1 {Black mates}
Score of checkforge vs opponent: 41 - 16 - 57  [0.610] 114
Started game 115 of 200 (checkforge vs opponent)
Finished game 115 (checkforge vs opponent): 1-0 {White mates}
Score of checkforge vs opponent: 42 - 16 - 57  [0.613] 115
Started game 116 of 200 (opponent vs checkforge)
Finished game 116 (opponent vs checkforge): 1/2-1/2 {Draw by 3-fold repetition}
Score of checkforge vs opponent: 42 - 16 - 58  [0.612] 116
Started game 117 of 200 (checkforge vs opponent)
Finished game 117 (checkforge vs opponent): 1-0 {White mates}
Score of checkforge vs opponent: 43 - 16 - 58  [0.615] 117
Started game 118 of 200 (opponent vs checkforge)
Finished game 118 (opponent vs checkforge): 1-0 {White mates}
Score of checkforge vs opponent: 43 - 17 - 58  [0.610] 118
Started game 119 of 200 (checkforge vs opponent)
Finished game 119 (checkforge vs opponent): 1/2-1/2 {Draw by 3-fold repetition}
Score of checkforge vs opponent: 43 - 17 - 59  [0.609] 119
Started game 120 of 200 (opponent vs checkforge)
Finished game 120 (opponent vs checkforge): 0-1 {Black mates}
Score of checkforge vs opponent: 44 - 17 - 59  [0.613] 120
Started game 121 of 200 (checkforge vs opponent)
Finished game 121 (checkforge vs opponent): 1-0 {White mates}
Score of checkforge vs opponent: 45 - 17 - 59  [0.616] 121
Started game 122 of 200 (opponent vs checkforge)
Finished game 122 (opponent vs checkforge): 1/2-1/2 {Draw by 3-fold repetition}
Score of checkforge vs opponent: 45 - 17 - 60  [0.615] 122
Started game 123 of 200 (checkforge vs opponent)
Finished game 123 (checkforge vs opponent): 1/2-1/2 {Draw by 3-fold repetition}
Score of checkforge vs opponent: 45 - 17 - 61  [0.614] 123
Started game 124 of 200 (opponent vs checkforge)
Finished game 124 (opponent vs checkforge): 0-1 {Black mates}
Score of checkforge vs opponent: 46 - 17 - 61  [0.617] 124
Started game 125 of 200 (checkforge vs opponent)
Finished game 125 (checkforge vs opponent): 1/2-1/2 {Draw by 3-fold repetition}
Score of checkforge vs opponent: 46 - 17 - 62  [0.616] 125
Started game 126 of 200 (opponent vs checkforge)
Finished game 126 (opponent vs checkforge): 1-0 {White mates}
Score of checkforge vs opponent: 46 - 18 - 62  [0.611] 126
Started game 127 of 200 (checkforge vs opponent)
Finished game 127 (checkforge vs opponent): 1/2-1/2 {Draw by 3-fold repetition}
Score of checkforge vs opponent: 46 - 18 - 63  [0.610] 127
Started game 128 of 200 (opponent vs checkforge)
Finished game 128 (opponent vs checkforge): 1/2-1/2 {Draw by 3-fold repetition}
Score of checkforge vs opponent: 46 - 18 - 64  [0.609] 128
Started game 129 of 200 (checkforge vs opponent)
Finished game 129 (checkforge vs opponent): 1/2-1/2 {Draw by 3-fold repetition}
Score of checkforge vs opponent: 46 - 18 - 65  [0.609] 129
Started game 130 of 200 (opponent vs checkforge)
Finished game 130 (opponent vs checkforge): 0-1 {Black mates}
Score of checkforge vs opponent: 47 - 18 - 65  [0.612] 130
Started game 131 of 200 (checkforge vs opponent)
Finished game 131 (checkforge vs opponent): 0-1 {Black mates}
Score of checkforge vs opponent: 47 - 19 - 65  [0.607] 131
Started game 132 of 200 (opponent vs checkforge)
Finished game 132 (opponent vs checkforge): 0-1 {Black mates}
Score of checkforge vs opponent: 48 - 19 - 65  [0.610] 132
Started game 133 of 200 (checkforge vs opponent)
Finished game 133 (checkforge vs opponent): 1-0 {White mates}
Score of checkforge vs opponent: 49 - 19 - 65  [0.613] 133
Started game 134 of 200 (opponent vs checkforge)
Finished game 134 (opponent vs checkforge): 1/2-1/2 {Draw by 3-fold repetition}
Score of checkforge vs opponent: 49 - 19 - 66  [0.612] 134
Started game 135 of 200 (checkforge vs opponent)
Finished game 135 (checkforge vs opponent): 1-0 {White mates}
Score of checkforge vs opponent: 50 - 19 - 66  [0.615] 135
Started game 136 of 200 (opponent vs checkforge)
Finished game 136 (opponent vs checkforge): 0-1 {Black mates}
Score of checkforge vs opponent: 51 - 19 - 66  [0.618] 136
Started game 137 of 200 (checkforge vs opponent)
Finished game 137 (checkforge vs opponent): 0-1 {Black mates}
Score of checkforge vs opponent: 51 - 20 - 66  [0.613] 137
Started game 138 of 200 (opponent vs checkforge)
Finished game 138 (opponent vs checkforge): 1-0 {White mates}
Score of checkforge vs opponent: 51 - 21 - 66  [0.609] 138
Started game 139 of 200 (checkforge vs opponent)
Finished game 139 (checkforge vs opponent): 1-0 {White mates}
Score of checkforge vs opponent: 52 - 21 - 66  [0.612] 139
Started game 140 of 200 (opponent vs checkforge)
Finished game 140 (opponent vs checkforge): 1/2-1/2 {Draw by 3-fold repetition}
Score of checkforge vs opponent: 52 - 21 - 67  [0.611] 140
Started game 141 of 200 (checkforge vs opponent)
Finished game 141 (checkforge vs opponent): 1/2-1/2 {Draw by 3-fold repetition}
Score of checkforge vs opponent: 52 - 21 - 68  [0.610] 141
Started game 142 of 200 (opponent vs checkforge)
Finished game 142 (opponent vs checkforge): 1/2-1/2 {Draw by 3-fold repetition}
Score of checkforge vs opponent: 52 - 21 - 69  [0.609] 142
Started game 143 of 200 (checkforge vs opponent)
Finished game 143 (checkforge vs opponent): 1/2-1/2 {Draw by 3-fold repetition}
Score of checkforge vs opponent: 52 - 21 - 70  [0.608] 143
Started game 144 of 200 (opponent vs checkforge)
Finished game 144 (opponent vs checkforge): 0-1 {Black mates}
Score of checkforge vs opponent: 53 - 21 - 70  [0.611] 144
Started game 145 of 200 (checkforge vs opponent)
Finished game 145 (checkforge vs opponent): 1/2-1/2 {Draw by 3-fold repetition}
Score of checkforge vs opponent: 53 - 21 - 71  [0.610] 145
Started game 146 of 200 (opponent vs checkforge)
Finished game 146 (opponent vs checkforge): 1/2-1/2 {Draw by 3-fold repetition}
Score of checkforge vs opponent: 53 - 21 - 72  [0.610] 146
Started game 147 of 200 (checkforge vs opponent)
Finished game 147 (checkforge vs opponent): 1/2-1/2 {Draw by 3-fold repetition}
Score of checkforge vs opponent: 53 - 21 - 73  [0.609] 147
Started game 148 of 200 (opponent vs checkforge)
Finished game 148 (opponent vs checkforge): 0-1 {Black mates}
Score of checkforge vs opponent: 54 - 21 - 73  [0.611] 148
Started game 149 of 200 (checkforge vs opponent)
Finished game 149 (checkforge vs opponent): 1/2-1/2 {Draw by 3-fold repetition}
Score of checkforge vs opponent: 54 - 21 - 74  [0.611] 149
Started game 150 of 200 (opponent vs checkforge)
Finished game 150 (opponent vs checkforge): 1-0 {White mates}
Score of checkforge vs opponent: 54 - 22 - 74  [0.607] 150
Started game 151 of 200 (checkforge vs opponent)
Finished game 151 (checkforge vs opponent): 1-0 {White mates}
Score of checkforge vs opponent: 55 - 22 - 74  [0.609] 151
Started game 152 of 200 (opponent vs checkforge)
Finished game 152 (opponent vs checkforge): 1/2-1/2 {Draw by 3-fold repetition}
Score of checkforge vs opponent: 55 - 22 - 75  [0.609] 152
Started game 153 of 200 (checkforge vs opponent)
Finished game 153 (checkforge vs opponent): 1/2-1/2 {Draw by 3-fold repetition}
Score of checkforge vs opponent: 55 - 22 - 76  [0.608] 153
Started game 154 of 200 (opponent vs checkforge)
Finished game 154 (opponent vs checkforge): 0-1 {Black mates}
Score of checkforge vs opponent: 56 - 22 - 76  [0.610] 154
Started game 155 of 200 (checkforge vs opponent)
Finished game 155 (checkforge vs opponent): 1-0 {White mates}
Score of checkforge vs opponent: 57 - 22 - 76  [0.613] 155
Started game 156 of 200 (opponent vs checkforge)
Finished game 156 (opponent vs checkforge): 1/2-1/2 {Draw by 3-fold repetition}
Score of checkforge vs opponent: 57 - 22 - 77  [0.612] 156
Started game 157 of 200 (checkforge vs opponent)
Finished game 157 (checkforge vs opponent): 1/2-1/2 {Draw by 3-fold repetition}
Score of checkforge vs opponent: 57 - 22 - 78  [0.611] 157
Started game 158 of 200 (opponent vs checkforge)
Finished game 158 (opponent vs checkforge): 1/2-1/2 {Draw by 3-fold repetition}
Score of checkforge vs opponent: 57 - 22 - 79  [0.611] 158
Started game 159 of 200 (checkforge vs opponent)
Finished game 159 (checkforge vs opponent): 1-0 {White mates}
Score of checkforge vs opponent: 58 - 22 - 79  [0.613] 159
Started game 160 of 200 (opponent vs checkforge)
Finished game 160 (opponent vs checkforge): 1/2-1/2 {Draw by 3-fold repetition}
Score of checkforge vs opponent: 58 - 22 - 80  [0.613] 160
Started game 161 of 200 (checkforge vs opponent)
Finished game 161 (checkforge vs opponent): 1-0 {White mates}
Score of checkforge vs opponent: 59 - 22 - 80  [0.615] 161
Started game 162 of 200 (opponent vs checkforge)
Finished game 162 (opponent vs checkforge): 1/2-1/2 {Draw by 3-fold repetition}
Score of checkforge vs opponent: 59 - 22 - 81  [0.614] 162
Started game 163 of 200 (checkforge vs opponent)
Finished game 163 (checkforge vs opponent): 0-1 {Black mates}
Score of checkforge vs opponent: 59 - 23 - 81  [0.610] 163
Started game 164 of 200 (opponent vs checkforge)
Finished game 164 (opponent vs checkforge): 1/2-1/2 {Draw by 3-fold repetition}
Score of checkforge vs opponent: 59 - 23 - 82  [0.610] 164
Started game 165 of 200 (checkforge vs opponent)
Finished game 165 (checkforge vs opponent): 1/2-1/2 {Draw by 3-fold repetition}
Score of checkforge vs opponent: 59 - 23 - 83  [0.609] 165
Started game 166 of 200 (opponent vs checkforge)
Finished game 166 (opponent vs checkforge): 1/2-1/2 {Draw by 3-fold repetition}
Score of checkforge vs opponent: 59 - 23 - 84  [0.608] 166
Started game 167 of 200 (checkforge vs opponent)
Finished game 167 (checkforge vs opponent): 1/2-1/2 {Draw by 3-fold repetition}
Score of checkforge vs opponent: 59 - 23 - 85  [0.608] 167
Started game 168 of 200 (opponent vs checkforge)
Finished game 168 (opponent vs checkforge): 1/2-1/2 {Draw by 3-fold repetition}
Score of checkforge vs opponent: 59 - 23 - 86  [0.607] 168
Started game 169 of 200 (checkforge vs opponent)
Finished game 169 (checkforge vs opponent): 1-0 {White mates}
Score of checkforge vs opponent: 60 - 23 - 86  [0.609] 169
Started game 170 of 200 (opponent vs checkforge)
Finished game 170 (opponent vs checkforge): 1/2-1/2 {Draw by 3-fold repetition}
Score of checkforge vs opponent: 60 - 23 - 87  [0.609] 170
Started game 171 of 200 (checkforge vs opponent)
Finished game 171 (checkforge vs opponent): 1/2-1/2 {Draw by 3-fold repetition}
Score of checkforge vs opponent: 60 - 23 - 88  [0.608] 171
Started game 172 of 200 (opponent vs checkforge)
Finished game 172 (opponent vs checkforge): 1/2-1/2 {Draw by 3-fold repetition}
Score of checkforge vs opponent: 60 - 23 - 89  [0.608] 172
Started game 173 of 200 (checkforge vs opponent)
Finished game 173 (checkforge vs opponent): 1/2-1/2 {Draw by 3-fold repetition}
Score of checkforge vs opponent: 60 - 23 - 90  [0.607] 173
Started game 174 of 200 (opponent vs checkforge)
Finished game 174 (opponent vs checkforge): 1-0 {White mates}
Score of checkforge vs opponent: 60 - 24 - 90  [0.603] 174
Started game 175 of 200 (checkforge vs opponent)
Finished game 175 (checkforge vs opponent): 0-1 {Black mates}
Score of checkforge vs opponent: 60 - 25 - 90  [0.600] 175
Started game 176 of 200 (opponent vs checkforge)
Finished game 176 (opponent vs checkforge): 1/2-1/2 {Draw by 3-fold repetition}
Score of checkforge vs opponent: 60 - 25 - 91  [0.599] 176
Started game 177 of 200 (checkforge vs opponent)
Finished game 177 (checkforge vs opponent): 1/2-1/2 {Draw by 3-fold repetition}
Score of checkforge vs opponent: 60 - 25 - 92  [0.599] 177
Started game 178 of 200 (opponent vs checkforge)
Finished game 178 (opponent vs checkforge): 1/2-1/2 {Draw by 3-fold repetition}
Score of checkforge vs opponent: 60 - 25 - 93  [0.598] 178
Started game 179 of 200 (checkforge vs opponent)
Finished game 179 (checkforge vs opponent): 0-1 {Black mates}
Score of checkforge vs opponent: 60 - 26 - 93  [0.595] 179
Started game 180 of 200 (opponent vs checkforge)
Finished game 180 (opponent vs checkforge): 1-0 {White mates}
Score of checkforge vs opponent: 60 - 27 - 93  [0.592] 180
Started game 181 of 200 (checkforge vs opponent)
Finished game 181 (checkforge vs opponent): 1/2-1/2 {Draw by 3-fold repetition}
Score of checkforge vs opponent: 60 - 27 - 94  [0.591] 181
Started game 182 of 200 (opponent vs checkforge)
Finished game 182 (opponent vs checkforge): 1/2-1/2 {Draw by 3-fold repetition}
Score of checkforge vs opponent: 60 - 27 - 95  [0.591] 182
Started game 183 of 200 (checkforge vs opponent)
Finished game 183 (checkforge vs opponent): 1/2-1/2 {Draw by 3-fold repetition}
Score of checkforge vs opponent: 60 - 27 - 96  [0.590] 183
Started game 184 of 200 (opponent vs checkforge)
Finished game 184 (opponent vs checkforge): 0-1 {Black mates}
Score of checkforge vs opponent: 61 - 27 - 96  [0.592] 184
Started game 185 of 200 (checkforge vs opponent)
Finished game 185 (checkforge vs opponent): 1/2-1/2 {Draw by 3-fold repetition}
Score of checkforge vs opponent: 61 - 27 - 97  [0.592] 185
Started game 186 of 200 (opponent vs checkforge)
Finished game 186 (opponent vs checkforge): 1/2-1/2 {Draw by 3-fold repetition}
Score of checkforge vs opponent: 61 - 27 - 98  [0.591] 186
Started game 187 of 200 (checkforge vs opponent)
Finished game 187 (checkforge vs opponent): 0-1 {Black mates}
Score of checkforge vs opponent: 61 - 28 - 98  [0.588] 187
Started game 188 of 200 (opponent vs checkforge)
Finished game 188 (opponent vs checkforge): 0-1 {Black mates}
Score of checkforge vs opponent: 62 - 28 - 98  [0.590] 188
Started game 189 of 200 (checkforge vs opponent)
Finished game 189 (checkforge vs opponent): 1/2-1/2 {Draw by 3-fold repetition}
Score of checkforge vs opponent: 62 - 28 - 99  [0.590] 189
Started game 190 of 200 (opponent vs checkforge)
Finished game 190 (opponent vs checkforge): 1/2-1/2 {Draw by 3-fold repetition}
Score of checkforge vs opponent: 62 - 28 - 100  [0.589] 190
Started game 191 of 200 (checkforge vs opponent)
Finished game 191 (checkforge vs opponent): 1/2-1/2 {Draw by 3-fold repetition}
Score of checkforge vs opponent: 62 - 28 - 101  [0.589] 191
Started game 192 of 200 (opponent vs checkforge)
Finished game 192 (opponent vs checkforge): 1/2-1/2 {Draw by 3-fold repetition}
Score of checkforge vs opponent: 62 - 28 - 102  [0.589] 192
Started game 193 of 200 (checkforge vs opponent)
Finished game 193 (checkforge vs opponent): 1/2-1/2 {Draw by 3-fold repetition}
Score of checkforge vs opponent: 62 - 28 - 103  [0.588] 193
Started game 194 of 200 (opponent vs checkforge)
Finished game 194 (opponent vs checkforge): 1/2-1/2 {Draw by 3-fold repetition}
Score of checkforge vs opponent: 62 - 28 - 104  [0.588] 194
Started game 195 of 200 (checkforge vs opponent)
Finished game 195 (checkforge vs opponent): 1/2-1/2 {Draw by 3-fold repetition}
Score of checkforge vs opponent: 62 - 28 - 105  [0.587] 195
Started game 196 of 200 (opponent vs checkforge)
Finished game 196 (opponent vs checkforge): 1/2-1/2 {Draw by 3-fold repetition}
Score of checkforge vs opponent: 62 - 28 - 106  [0.587] 196
Started game 197 of 200 (checkforge vs opponent)
Finished game 197 (checkforge vs opponent): 1/2-1/2 {Draw by 3-fold repetition}
Score of checkforge vs opponent: 62 - 28 - 107  [0.586] 197
Started game 198 of 200 (opponent vs checkforge)
Finished game 198 (opponent vs checkforge): 1-0 {White mates}
Score of checkforge vs opponent: 62 - 29 - 107  [0.583] 198
Started game 199 of 200 (checkforge vs opponent)
Finished game 199 (checkforge vs opponent): 0-1 {Black mates}
Score of checkforge vs opponent: 62 - 30 - 107  [0.580] 199
Started game 200 of 200 (opponent vs checkforge)
Finished game 200 (opponent vs checkforge): 1/2-1/2 {Draw by 3-fold repetition}
Score of checkforge vs opponent: 62 - 30 - 108  [0.580] 200
...      checkforge playing White: 33 - 12 - 55  [0.605] 100
...      checkforge playing Black: 29 - 18 - 53  [0.555] 100
...      White vs Black: 51 - 41 - 108  [0.525] 200
Elo difference: 56.1 +/- 32.6, LOS: 100.0 %, DrawRatio: 54.0 %
SPRT: llr 0 (0.0%), lbound -inf, ubound inf

Player: checkforge
   "Draw by 3-fold repetition": 108
   "Loss: Black mates": 12
   "Loss: White mates": 18
   "Win: Black mates": 29
   "Win: White mates": 33
Player: opponent
   "Draw by 3-fold repetition": 108
   "Loss: Black mates": 29
   "Loss: White mates": 33
   "Win: Black mates": 12
   "Win: White mates": 18
Finished match
