Indexing opening suite...
Started game 1 of 200 (checkforge vs opponent)
Finished game 1 (checkforge vs opponent): 1/2-1/2 {Draw by 3-fold repetition}
Score of checkforge vs opponent: 0 - 0 - 1  [0.500] 1
Started game 2 of 200 (opponent vs checkforge)
Finished game 2 (opponent vs checkforge): 1/2-1/2 {Draw by 3-fold repetition}
Score of checkforge vs opponent: 0 - 0 - 2  [0.500] 2
Started game 3 of 200 (checkforge vs opponent)
Finished game 3 (checkforge vs opponent): 1/2-1/2 {Draw by 3-fold repetition}
Score of checkforge vs opponent: 0 - 0 - 3  [0.500] 3
Started game 4 of 200 (opponent vs checkforge)
Finished game 4 (opponent vs checkforge): 1/2-1/2 {Draw by 3-fold repetition}
Score of checkforge vs opponent: 0 - 0 - 4  [0.500] 4
Started game 5 of 200 (checkforge vs opponent)
Finished game 5 (checkforge vs opponent): 1/2-1/2 {Draw by 3-fold repetition}
Score of checkforge vs opponent: 0 - 0 - 5  [0.500] 5
Started game 6 of 200 (opponent vs checkforge)
Finished game 6 (opponent vs checkforge): 1/2-1/2 {Draw by 3-fold repetition}
Score of checkforge vs opponent: 0 - 0 - 6  [0.500] 6
Started game 7 of 200 (checkforge vs opponent)
Finished game 7 (checkforge vs opponent): 1-0 {White mates}
Score of checkforge vs opponent: 1 - 0 - 6  [0.571] 7
Started game 8 of 200 (opponent vs checkforge)
Finished game 8 (opponent vs checkforge): 1/2-1/2 {Draw by insufficient mating material}
Score of checkforge vs opponent: 1 - 0 - 7  [0.563] 8
Started game 9 of 200 (checkforge vs opponent)
Finished game 9 (checkforge vs opponent): 1/2-1/2 {Draw by 3-fold repetition}
Score of checkforge vs opponent: 1 - 0 - 8  [0.556] 9
Started game 10 of 200 (opponent vs checkforge)
Finished game 10 (opponent vs checkforge): 1/2-1/2 {Draw by 3-fold repetition}
Score of checkforge vs opponent: 1 - 0 - 9  [0.550] 10
Started game 11 of 200 (checkforge vs opponent)
Finished game 11 (checkforge vs opponent): 1/2-1/2 {Draw by 3-fold repetition}
Score of checkforge vs opponent: 1 - 0 - 10  [0.545] 11
Started game 12 of 200 (opponent vs checkforge)
Finished game 12 (opponent vs checkforge): 1/2-1/2 {Draw by 3-fold repetition}
Score of checkforge vs opponent: 1 - 0 - 11  [0.542] 12
Started game 13 of 200 (checkforge vs opponent)
Finished game 13 (checkforge vs opponent): 1/2-1/2 {Draw by 3-fold repetition}
Score of checkforge vs opponent: 1 - 0 - 12  [0.538] 13
Started game 14 of 200 (opponent vs checkforge)
Finished game 14 (opponent vs checkforge): 0-1 {Black mates}
Score of checkforge vs opponent: 2 - 0 - 12  [0.571] 14
Started game 15 of 200 (checkforge vs opponent)
Finished game 15 (checkforge vs opponent): 1/2-1/2 {Draw by 3-fold repetition}
Score of checkforge vs opponent: 2 - 0 - 13  [0.567] 15
Started game 16 of 200 (opponent vs checkforge)
Finished game 16 (opponent vs checkforge): 1-0 {White mates}
Score of checkforge vs opponent: 2 - 1 - 13  [0.531] 16
Started game 17 of 200 (checkforge vs opponent)
Finished game 17 (checkforge vs opponent): 1/2-1/2 {Draw by 3-fold repetition}
Score of checkforge vs opponent: 2 - 1 - 14  [0.529] 17
Started game 18 of 200 (opponent vs checkforge)
Finished game 18 (opponent vs checkforge): 0-1 {Black mates}
Score of checkforge vs opponent: 3 - 1 - 14  [0.556] 18
Started game 19 of 200 (checkforge vs opponent)
Finished game 19 (checkforge vs opponent): 0-1 {Black mates}
Score of checkforge vs opponent: 3 - 2 - 14  [0.526] 19
Started game 20 of 200 (opponent vs checkforge)
Finished game 20 (opponent vs checkforge): 1/2-1/2 {Draw by 3-fold repetition}
Score of checkforge vs opponent: 3 - 2 - 15  [0.525] 20
Started game 21 of 200 (checkforge vs opponent)
Finished game 21 (checkforge vs opponent): 1/2-1/2 {Draw by 3-fold repetition}
Score of checkforge vs opponent: 3 - 2 - 16  [0.524] 21
Started game 22 of 200 (opponent vs checkforge)
Finished game 22 (opponent vs checkforge): 1/2-1/2 {Draw by 3-fold repetition}
Score of checkforge vs opponent: 3 - 2 - 17  [0.523] 22
Started game 23 of 200 (checkforge vs opponent)
Finished game 23 (checkforge vs opponent): 1/2-1/2 {Draw by 3-fold repetition}
Score of checkforge vs opponent: 3 - 2 - 18  [0.522] 23
Started game 24 of 200 (opponent vs checkforge)
Finished game 24 (opponent vs checkforge): 0-1 {Black mates}
Score of checkforge vs opponent: 4 - 2 - 18  [0.542] 24
Started game 25 of 200 (checkforge vs opponent)
Finished game 25 (checkforge vs opponent): 1/2-1/2 {Draw by 3-fold repetition}
Score of checkforge vs opponent: 4 - 2 - 19  [0.540] 25
Started game 26 of 200 (opponent vs checkforge)
Finished game 26 (opponent vs checkforge): 1/2-1/2 {Draw by 3-fold repetition}
Score of checkforge vs opponent: 4 - 2 - 20  [0.538] 26
Started game 27 of 200 (checkforge vs opponent)
Finished game 27 (checkforge vs opponent): 1-0 {White mates}
Score of checkforge vs opponent: 5 - 2 - 20  [0.556] 27
Started game 28 of 200 (opponent vs checkforge)
Finished game 28 (opponent vs checkforge): 0-1 {Black mates}
Score of checkforge vs opponent: 6 - 2 - 20  [0.571] 28
Started game 29 of 200 (checkforge vs opponent)
Finished game 29 (checkforge vs opponent): 1/2-1/2 {Draw by 3-fold repetition}
Score of checkforge vs opponent: 6 - 2 - 21  [0.569] 29
Started game 30 of 200 (opponent vs checkforge)
Finished game 30 (opponent vs checkforge): 1/2-1/2 {Draw by 3-fold repetition}
Score of checkforge vs opponent: 6 - 2 - 22  [0.567] 30
Started game 31 of 200 (checkforge vs opponent)
Finished game 31 (checkforge vs opponent): 0-1 {Black mates}
Score of checkforge vs opponent: 6 - 3 - 22  [0.548] 31
Started game 32 of 200 (opponent vs checkforge)
Finished game 32 (opponent vs checkforge): 0-1 {Black mates}
Score of checkforge vs opponent: 7 - 3 - 22  [0.563] 32
Started game 33 of 200 (checkforge vs opponent)
Finished game 33 (checkforge vs opponent): 1/2-1/2 {Draw by 3-fold repetition}
Score of checkforge vs opponent: 7 - 3 - 23  [0.561] 33
Started game 34 of 200 (opponent vs checkforge)
Finished game 34 (opponent vs checkforge): 1-0 {White mates}
Score of checkforge vs opponent: 7 - 4 - 23  [0.544] 34
Started game 35 of 200 (checkforge vs opponent)
Finished game 35 (checkforge vs opponent): 1/2-1/2 {Draw by 3-fold repetition}
Score of checkforge vs opponent: 7 - 4 - 24  [0.543] 35
Started game 36 of 200 (opponent vs checkforge)
Finished game 36 (opponent vs checkforge): 0-1 {Black mates}
Score of checkforge vs opponent: 8 - 4 - 24  [0.556] 36
Started game 37 of 200 (checkforge vs opponent)
Finished game 37 (checkforge vs opponent): 1-0 {White mates}
Score of checkforge vs opponent: 9 - 4 - 24  [0.568] 37
Started game 38 of 200 (opponent vs checkforge)
Finished game 38 (opponent vs checkforge): 1/2-1/2 {Draw by 3-fold repetition}
Score of checkforge vs opponent: 9 - 4 - 25  [0.566] 38
Started game 39 of 200 (checkforge vs opponent)
Finished game 39 (checkforge vs opponent): 1/2-1/2 {Draw by 3-fold repetition}
Score of checkforge vs opponent: 9 - 4 - 26  [0.564] 39
Started game 40 of 200 (opponent vs checkforge)
Finished game 40 (opponent vs checkforge): 1-0 {White mates}
Score of checkforge vs opponent: 9 - 5 - 26  [0.550] 40
Started game 41 of 200 (checkforge vs opponent)
Finished game 41 (checkforge vs opponent): 1/2-1/2 {Draw by 3-fold repetition}
Score of checkforge vs opponent: 9 - 5 - 27  [0.549] 41
Started game 42 of 200 (opponent vs checkforge)
Finished game 42 (opponent vs checkforge): 0-1 {Black mates}
Score of checkforge vs opponent: 10 - 5 - 27  [0.560] 42
Started game 43 of 200 (checkforge vs opponent)
Finished game 43 (checkforge vs opponent): 0-1 {Black mates}
Score of checkforge vs opponent: 10 - 6 - 27  [0.547] 43
Started game 44 of 200 (opponent vs checkforge)
Finished game 44 (opponent vs checkforge): 1/2-1/2 {Draw by 3-fold repetition}
Score of checkforge vs opponent: 10 - 6 - 28  [0.545] 44
Started game 45 of 200 (checkforge vs opponent)
Finished game 45 (checkforge vs opponent): 1/2-1/2 {Draw by 3-fold repetition}
Score of checkforge vs opponent: 10 - 6 - 29  [0.544] 45
Started game 46 of 200 (opponent vs checkforge)
Finished game 46 (opponent vs checkforge): 1-0 {White mates}
Score of checkforge vs opponent: 10 - 7 - 29  [0.533] 46
Started game 47 of 200 (checkforge vs opponent)
Finished game 47 (checkforge vs opponent): 1/2-1/2 {Draw by 3-fold repetition}
Score of checkforge vs opponent: 10 - 7 - 30  [0.532] 47
Started game 48 of 200 (opponent vs checkforge)
Finished game 48 (opponent vs checkforge): 0-1 {Black mates}
Score of checkforge vs opponent: 11 - 7 - 30  [0.542] 48
Started game 49 of 200 (checkforge vs opponent)
Finished game 49 (checkforge vs opponent): 1/2-1/2 {Draw by 3-fold repetition}
Score of checkforge vs opponent: 11 - 7 - 31  [0.541] 49
Started game 50 of 200 (opponent vs checkforge)
Finished game 50 (opponent vs checkforge): 1/2-1/2 {Draw by 3-fold repetition}
Score of checkforge vs opponent: 11 - 7 - 32  [0.540] 50
Started game 51 of 200 (checkforge vs opponent)
Finished game 51 (checkforge vs opponent): 0-1 {Black mates}
Score of checkforge vs opponent: 11 - 8 - 32  [0.529] 51
Started game 52 of 200 (opponent vs checkforge)
Finished game 52 (opponent vs checkforge): 1/2-1/2 {Draw by 3-fold repetition}
Score of checkforge vs opponent: 11 - 8 - 33  [0.529] 52
Started game 53 of 200 (checkforge vs opponent)
Finished game 53 (checkforge vs opponent): 1-0 {White mates}
Score of checkforge vs opponent: 12 - 8 - 33  [0.538] 53
Started game 54 of 200 (opponent vs checkforge)
Finished game 54 (opponent vs checkforge): 1/2-1/2 {Draw by 3-fold repetition}
Score of checkforge vs opponent: 12 - 8 - 34  [0.537] 54
Started game 55 of 200 (checkforge vs opponent)
Finished game 55 (checkforge vs opponent): 1-0 {White mates}
Score of checkforge vs opponent: 13 - 8 - 34  [0.545] 55
Started game 56 of 200 (opponent vs checkforge)
Finished game 56 (opponent vs checkforge): 1-0 {White mates}
Score of checkforge vs opponent: 13 - 9 - 34  [0.536] 56
Started game 57 of 200 (checkforge vs opponent)
Finished game 57 (checkforge vs opponent): 1/2-1/2 {Draw by 3-fold repetition}
Score of checkforge vs opponent: 13 - 9 - 35  [0.535] 57
Started game 58 of 200 (opponent vs checkforge)
Finished game 58 (opponent vs checkforge): 1/2-1/2 {Draw by 3-fold repetition}
Score of checkforge vs opponent: 13 - 9 - 36  [0.534] 58
Started game 59 of 200 (checkforge vs opponent)
Finished game 59 (checkforge vs opponent): 1/2-1/2 {Draw by 3-fold repetition}
Score of checkforge vs opponent: 13 - 9 - 37  [0.534] 59
Started game 60 of 200 (opponent vs checkforge)
Finished game 60 (opponent vs checkforge): 1-0 {White mates}
Score of checkforge vs opponent: 13 - 10 - 37  [0.525] 60
Started game 61 of 200 (checkforge vs opponent)
Finished game 61 (checkforge vs opponent): 1-0 {White mates}
Score of checkforge vs opponent: 14 - 10 - 37  [0.533] 61
Started game 62 of 200 (opponent vs checkforge)
Finished game 62 (opponent vs checkforge): 1/2-1/2 {Draw by 3-fold repetition}
Score of checkforge vs opponent: 14 - 10 - 38  [0.532] 62
Started game 63 of 200 (checkforge vs opponent)
Finished game 63 (checkforge vs opponent): 0-1 {Black mates}
Score of checkforge vs opponent: 14 - 11 - 38  [0.524] 63
Started game 64 of 200 (opponent vs checkforge)
Finished game 64 (opponent vs checkforge): 1/2-1/2 {Draw by 3-fold repetition}
Score of checkforge vs opponent: 14 - 11 - 39  [0.523] 64
Started game 65 of 200 (checkforge vs opponent)
Finished game 65 (checkforge vs opponent): 1/2-1/2 {Draw by 3-fold repetition}
Score of checkforge vs opponent: 14 - 11 - 40  [0.523] 65
Started game 66 of 200 (opponent vs checkforge)
Finished game 66 (opponent vs checkforge): 0-1 {Black mates}
Score of checkforge vs opponent: 15 - 11 - 40  [0.530] 66
Started game 67 of 200 (checkforge vs opponent)
Finished game 67 (checkforge vs opponent): 1/2-1/2 {Draw by 3-fold repetition}
Score of checkforge vs opponent: 15 - 11 - 41  [0.530] 67
Started game 68 of 200 (opponent vs checkforge)
Finished game 68 (opponent vs checkforge): 0-1 {Black mates}
Score of checkforge vs opponent: 16 - 11 - 41  [0.537] 68
Started game 69 of 200 (checkforge vs opponent)
Finished game 69 (checkforge vs opponent): 1/2-1/2 {Draw by 3-fold repetition}
Score of checkforge vs opponent: 16 - 11 - 42  [0.536] 69
Started game 70 of 200 (opponent vs checkforge)
Finished game 70 (opponent vs checkforge): 1/2-1/2 {Draw by 3-fold repetition}
Score of checkforge vs opponent: 16 - 11 - 43  [0.536] 70
Started game 71 of 200 (checkforge vs opponent)
Finished game 71 (checkforge vs opponent): 0-1 {Black mates}
Score of checkforge vs opponent: 16 - 12 - 43  [0.528] 71
Started game 72 of 200 (opponent vs checkforge)
Finished game 72 (opponent vs checkforge): 1/2-1/2 {Draw by 3-fold repetition}
Score of checkforge vs opponent: 16 - 12 - 44  [0.528] 72
Started game 73 of 200 (checkforge vs opponent)
Finished game 73 (checkforge vs opponent): 1/2-1/2 {Draw by 3-fold repetition}
Score of checkforge vs opponent: 16 - 12 - 45  [0.527] 73
Started game 74 of 200 (opponent vs checkforge)
Finished game 74 (opponent vs checkforge): 1/2-1/2 {Draw by 3-fold repetition}
Score of checkforge vs opponent: 16 - 12 - 46  [0.527] 74
Started game 75 of 200 (checkforge vs opponent)
Finished game 75 (checkforge vs opponent): 1/2-1/2 {Draw by 3-fold repetition}
Score of checkforge vs opponent: 16 - 12 - 47  [0.527] 75
Started game 76 of 200 (opponent vs checkforge)
Finished game 76 (opponent vs checkforge): 1/2-1/2 {Draw by 3-fold repetition}
Score of checkforge vs opponent: 16 - 12 - 48  [0.526] 76
Started game 77 of 200 (checkforge vs opponent)
Finished game 77 (checkforge vs opponent): 1/2-1/2 {Draw by 3-fold repetition}
Score of checkforge vs opponent: 16 - 12 - 49  [0.526] 77
Started game 78 of 200 (opponent vs checkforge)
Finished game 78 (opponent vs checkforge): 0-1 {Black mates}
Score of checkforge vs opponent: 17 - 12 - 49  [0.532] 78
Started game 79 of 200 (checkforge vs opponent)
Finished game 79 (checkforge vs opponent): 1-0 {White mates}
Score of checkforge vs opponent: 18 - 12 - 49  [0.538] 79
Started game 80 of 200 (opponent vs checkforge)
Finished game 80 (opponent vs checkforge): 1-0 {White mates}
Score of checkforge vs opponent: 18 - 13 - 49  [0.531] 80
Started game 81 of 200 (checkforge vs opponent)
Finished game 81 (checkforge vs opponent): 1/2-1/2 {Draw by 3-fold repetition}
Score of checkforge vs opponent: 18 - 13 - 50  [0.531] 81
Started game 82 of 200 (opponent vs checkforge)
Finished game 82 (opponent vs checkforge): 1/2-1/2 {Draw by 3-fold repetition}
Score of checkforge vs opponent: 18 - 13 - 51  [0.530] 82
Started game 83 of 200 (checkforge vs opponent)
Finished game 83 (checkforge vs opponent): 0-1 {Black mates}
Score of checkforge vs opponent: 18 - 14 - 51  [0.524] 83
Started game 84 of 200 (opponent vs checkforge)
Finished game 84 (opponent vs checkforge): 1/2-1/2 {Draw by 3-fold repetition}
Score of checkforge vs opponent: 18 - 14 - 52  [0.524] 84
Started game 85 of 200 (checkforge vs opponent)
Finished game 85 (checkforge vs opponent): 1-0 {White mates}
Score of checkforge vs opponent: 19 - 14 - 52  [0.529] 85
Started game 86 of 200 (opponent vs checkforge)
Finished game 86 (opponent vs checkforge): 1/2-1/2 {Draw by 3-fold repetition}
Score of checkforge vs opponent: 19 - 14 - 53  [0.529] 86
Started game 87 of 200 (checkforge vs opponent)
Finished game 87 (checkforge vs opponent): 1/2-1/2 {Draw by 3-fold repetition}
Score of checkforge vs opponent: 19 - 14 - 54  [0.529] 87
Started game 88 of 200 (opponent vs checkforge)
Finished game 88 (opponent vs checkforge): 0-1 {Black mates}
Score of checkforge vs opponent: 20 - 14 - 54  [0.534] 88
Started game 89 of 200 (checkforge vs opponent)
Finished game 89 (checkforge vs opponent): 0-1 {Black mates}
Score of checkforge vs opponent: 20 - 15 - 54  [0.528] 89
Started game 90 of 200 (opponent vs checkforge)
Finished game 90 (opponent vs checkforge): 1/2-1/2 {Draw by 3-fold repetition}
Score of checkforge vs opponent: 20 - 15 - 55  [0.528] 90
Started game 91 of 200 (checkforge vs opponent)
Finished game 91 (checkforge vs opponent): 1/2-1/2 {Draw by 3-fold repetition}
Score of checkforge vs opponent: 20 - 15 - 56  [0.527] 91
Started game 92 of 200 (opponent vs checkforge)
Finished game 92 (opponent vs checkforge): 1/2-1/2 {Draw by 3-fold repetition}
Score of checkforge vs opponent: 20 - 15 - 57  [0.527] 92
Started game 93 of 200 (checkforge vs opponent)
Finished game 93 (checkforge vs opponent): 1/2-1/2 {Draw by 3-fold repetition}
Score of checkforge vs opponent: 20 - 15 - 58  [0.527] 93
Started game 94 of 200 (opponent vs checkforge)
Finished game 94 (opponent vs checkforge): 1-0 {White mates}
Score of checkforge vs opponent: 20 - 16 - 58  [0.521] 94
Started game 95 of 200 (checkforge vs opponent)
Finished game 95 (checkforge vs opponent): 0-1 {Black mates}
Score of checkforge vs opponent: 20 - 17 - 58  [0.516] 95
Started game 96 of 200 (opponent vs checkforge)
Finished game 96 (opponent vs checkforge): 1/2-1/2 {Draw by 3-fold repetition}
Score of checkforge vs opponent: 20 - 17 - 59  [0.516] 96
Started game 97 of 200 (checkforge vs opponent)
Finished game 97 (checkforge vs opponent): 1/2-1/2 {Draw by 3-fold repetition}
Score of checkforge vs opponent: 20 - 17 - 60  [0.515] 97
Started game 98 of 200 (opponent vs checkforge)
Finished game 98 (opponent vs checkforge): 1-0 {White mates}
Score of checkforge vs opponent: 20 - 18 - 60  [0.510] 98
Started game 99 of 200 (checkforge vs opponent)
Finished game 99 (checkforge vs opponent): 1/2-1/2 {Draw by 3-fold repetition}
Score of checkforge vs opponent: 20 - 18 - 61  [0.510] 99
Started game 100 of 200 (opponent vs checkforge)
Finished game 100 (opponent vs checkforge): 1/2-1/2 {Draw by 3-fold repetition}
Score of checkforge vs opponent: 20 - 18 - 62  [0.510] 100
Started game 101 of 200 (checkforge vs opponent)
Finished game 101 (checkforge vs opponent): 1-0 {White mates}
Score of checkforge vs opponent: 21 - 18 - 62  [0.515] 101
Started game 102 of 200 (opponent vs checkforge)
Finished game 102 (opponent vs checkforge): 1/2-1/2 {Draw by 3-fold repetition}
Score of checkforge vs opponent: 21 - 18 - 63  [0.515] 102
Started game 103 of 200 (checkforge vs opponent)
Finished game 103 (checkforge vs opponent): 1-0 {White mates}
Score of checkforge vs opponent: 22 - 18 - 63  [0.519] 103
Started game 104 of 200 (opponent vs checkforge)
Finished game 104 (opponent vs checkforge): 1-0 {White mates}
Score of checkforge vs opponent: 22 - 19 - 63  [0.514] 104
Started game 105 of 200 (checkforge vs opponent)
Finished game 105 (checkforge vs opponent): 1/2-1/2 {Draw by 3-fold repetition}
Score of checkforge vs opponent: 22 - 19 - 64  [0.514] 105
Started game 106 of 200 (opponent vs checkforge)
Finished game 106 (opponent vs checkforge): 0-1 {Black mates}
Score of checkforge vs opponent: 23 - 19 - 64  [0.519] 106
Started game 107 of 200 (checkforge vs opponent)
Finished game 107 (checkforge vs opponent): 1/2-1/2 {Draw by 3-fold repetition}
Score of checkforge vs opponent: 23 - 19 - 65  [0.519] 107
Started game 108 of 200 (opponent vs checkforge)
Finished game 108 (opponent vs checkforge): 1/2-1/2 {Draw by 3-fold repetition}
Score of checkforge vs opponent: 23 - 19 - 66  [0.519] 108
Started game 109 of 200 (checkforge vs opponent)
Finished game 109 (checkforge vs opponent): 1-0 {White mates}
Score of checkforge vs opponent: 24 - 19 - 66  [0.523] 109
Started game 110 of 200 (opponent vs checkforge)
Finished game 110 (opponent vs checkforge): 1/2-1/2 {Draw by 3-fold repetition}
Score of checkforge vs opponent: 24 - 19 - 67  [0.523] 110
Started game 111 of 200 (checkforge vs opponent)
Finished game 111 (checkforge vs opponent): 0-1 {Black mates}
Score of checkforge vs opponent: 24 - 20 - 67  [0.518] 111
Started game 112 of 200 (opponent vs checkforge)
Finished game 112 (opponent vs checkforge): 0-1 {Black mates}
Score of checkforge vs opponent: 25 - 20 - 67  [0.522] 112
Started game 113 of 200 (checkforge vs opponent)
Finished game 113 (checkforge vs opponent): 1/2-1/2 {Draw by 3-fold repetition}
Score of checkforge vs opponent: 25 - 20 - 68  [0.522] 113
Started game 114 of 200 (opponent vs checkforge)
Finished game 114 (opponent vs checkforge): 0-1 {Black mates}
Score of checkforge vs opponent: 26 - 20 - 68  [0.526] 114
Started game 115 of 200 (checkforge vs opponent)
Finished game 115 (checkforge vs opponent): 1/2-1/2 {Draw by 3-fold repetition}
Score of checkforge vs opponent: 26 - 20 - 69  [0.526] 115
Started game 116 of 200 (opponent vs checkforge)
Finished game 116 (opponent vs checkforge): 0-1 {Black mates}
Score of checkforge vs opponent: 27 - 20 - 69  [0.530] 116
Started game 117 of 200 (checkforge vs opponent)
Finished game 117 (checkforge vs opponent): 1/2-1/2 {Draw by 3-fold repetition}
Score of checkforge vs opponent: 27 - 20 - 70  [0.530] 117
Started game 118 of 200 (opponent vs checkforge)
Finished game 118 (opponent vs checkforge): 1-0 {White mates}
Score of checkforge vs opponent: 27 - 21 - 70  [0.525] 118
Started game 119 of 200 (checkforge vs opponent)
Finished game 119 (checkforge vs opponent): 1/2-1/2 {Draw by 3-fold repetition}
Score of checkforge vs opponent: 27 - 21 - 71  [0.525] 119
Started game 120 of 200 (opponent vs checkforge)
Finished game 120 (opponent vs checkforge): 1/2-1/2 {Draw by 3-fold repetition}
Score of checkforge vs opponent: 27 - 21 - 72  [0.525] 120
Started game 121 of 200 (checkforge vs opponent)
Finished game 121 (checkforge vs opponent): 1-0 {White mates}
Score of checkforge vs opponent: 28 - 21 - 72  [0.529] 121
Started game 122 of 200 (opponent vs checkforge)
Finished game 122 (opponent vs checkforge): 1/2-1/2 {Draw by 3-fold repetition}
Score of checkforge vs opponent: 28 - 21 - 73  [0.529] 122
Started game 123 of 200 (checkforge vs opponent)
Finished game 123 (checkforge vs opponent): 1/2-1/2 {Draw by 3-fold repetition}
Score of checkforge vs opponent: 28 - 21 - 74  [0.528] 123
Started game 124 of 200 (opponent vs checkforge)
Finished game 124 (opponent vs checkforge): 1/2-1/2 {Draw by 3-fold repetition}
Score of checkforge vs opponent: 28 - 21 - 75  [0.528] 124
Started game 125 of 200 (checkforge vs opponent)
Finished game 125 (checkforge vs opponent): 1/2-1/2 {Draw by 3-fold repetition}
Score of checkforge vs opponent: 28 - 21 - 76  [0.528] 125
Started game 126 of 200 (opponent vs checkforge)
Finished game 126 (opponent vs checkforge): 0-1 {Black mates}
Score of checkforge vs opponent: 29 - 21 - 76  [0.532] 126
Started game 127 of 200 (checkforge vs opponent)
Finished game 127 (checkforge vs opponent): 1-0 {White mates}
Score of checkforge vs opponent: 30 - 21 - 76  [0.535] 127
Started game 128 of 200 (opponent vs checkforge)
Finished game 128 (opponent vs checkforge): 1-0 {White mates}
Score of checkforge vs opponent: 30 - 22 - 76  [0.531] 128
Started game 129 of 200 (checkforge vs opponent)
Finished game 129 (checkforge vs opponent): 1/2-1/2 {Draw by 3-fold repetition}
Score of checkforge vs opponent: 30 - 22 - 77  [0.531] 129
Started game 130 of 200 (opponent vs checkforge)
Finished game 130 (opponent vs checkforge): 1-0 {White mates}
Score of checkforge vs opponent: 30 - 23 - 77  [0.527] 130
Started game 131 of 200 (checkforge vs opponent)
Finished game 131 (checkforge vs opponent): 1/2-1/2 {Draw by 3-fold repetition}
Score of checkforge vs opponent: 30 - 23 - 78  [0.527] 131
Started game 132 of 200 (opponent vs checkforge)
Finished game 132 (opponent vs checkforge): 1/2-1/2 {Draw by 3-fold repetition}
Score of checkforge vs opponent: 30 - 23 - 79  [0.527] 132
Started game 133 of 200 (checkforge vs opponent)
Finished game 133 (checkforge vs opponent): 1-0 {White mates}
Score of checkforge vs opponent: 31 - 23 - 79  [0.530] 133
Started game 134 of 200 (opponent vs checkforge)
Finished game 134 (opponent vs checkforge): 1-0 {White mates}
Score of checkforge vs opponent: 31 - 24 - 79  [0.526] 134
Started game 135 of 200 (checkforge vs opponent)
Finished game 135 (checkforge vs opponent): 1/2-1/2 {Draw by 3-fold repetition}
Score of checkforge vs opponent: 31 - 24 - 80  [0.526] 135
Started game 136 of 200 (opponent vs checkforge)
Finished game 136 (opponent vs checkforge): 1/2-1/2 {Draw by 3-fold repetition}
Score of checkforge vs opponent: 31 - 24 - 81  [0.526] 136
Started game 137 of 200 (checkforge vs opponent)
Finished game 137 (checkforge vs opponent): 0-1 {Black mates}
Score of checkforge vs opponent: 31 - 25 - 81  [0.522] 137
Started game 138 of 200 (opponent vs checkforge)
Finished game 138 (opponent vs checkforge): 0-1 {Black mates}
Score of checkforge vs opponent: 32 - 25 - 81  [0.525] 138
Started game 139 of 200 (checkforge vs opponent)
Finished game 139 (checkforge vs opponent): 1/2-1/2 {Draw by 3-fold repetition}
Score of checkforge vs opponent: 32 - 25 - 82  [0.525] 139
Started game 140 of 200 (opponent vs checkforge)
Finished game 140 (opponent vs checkforge): 1/2-1/2 {Draw by 3-fold repetition}
Score of checkforge vs opponent: 32 - 25 - 83  [0.525] 140
Started game 141 of 200 (checkforge vs opponent)
Finished game 141 (checkforge vs opponent): 1/2-1/2 {Draw by 3-fold repetition}
Score of checkforge vs opponent: 32 - 25 - 84  [0.525] 141
Started game 142 of 200 (opponent vs checkforge)
Finished game 142 (opponent vs checkforge): 1-0 {White mates}
Score of checkforge vs opponent: 32 - 26 - 84  [0.521] 142
Started game 143 of 200 (checkforge vs opponent)
Finished game 143 (checkforge vs opponent): 1/2-1/2 {Draw by 3-fold repetition}
Score of checkforge vs opponent: 32 - 26 - 85  [0.521] 143
Started game 144 of 200 (opponent vs checkforge)
Finished game 144 (opponent vs checkforge): 0-1 {Black mates}
Score of checkforge vs opponent: 33 - 26 - 85  [0.524] 144
Started game 145 of 200 (checkforge vs opponent)
Finished game 145 (checkforge vs opponent): 1-0 {White mates}
Score of checkforge vs opponent: 34 - 26 - 85  [0.528] 145
Started game 146 of 200 (opponent vs checkforge)
Finished game 146 (opponent vs checkforge): 1/2-1/2 {Draw by 3-fold repetition}
Score of checkforge vs opponent: 34 - 26 - 86  [0.527] 146
Started game 147 of 200 (checkforge vs opponent)
Finished game 147 (checkforge vs opponent): 1/2-1/2 {Draw by 3-fold repetition}
Score of checkforge vs opponent: 34 - 26 - 87  [0.527] 147
Started game 148 of 200 (opponent vs checkforge)
Finished game 148 (opponent vs checkforge): 1/2-1/2 {Draw by 3-fold repetition}
Score of checkforge vs opponent: 34 - 26 - 88  [0.527] 148
Started game 149 of 200 (checkforge vs opponent)
Finished game 149 (checkforge vs opponent): 1-0 {White mates}
Score of checkforge vs opponent: 35 - 26 - 88  [0.530] 149
Started game 150 of 200 (opponent vs checkforge)
Finished game 150 (opponent vs checkforge): 1/2-1/2 {Draw by 3-fold repetition}
Score of checkforge vs opponent: 35 - 26 - 89  [0.530] 150
Started game 151 of 200 (checkforge vs opponent)
Finished game 151 (checkforge vs opponent): 1-0 {White mates}
Score of checkforge vs opponent: 36 - 26 - 89  [0.533] 151
Started game 152 of 200 (opponent vs checkforge)
Finished game 152 (opponent vs checkforge): 1-0 {White mates}
Score of checkforge vs opponent: 36 - 27 - 89  [0.530] 152
Started game 153 of 200 (checkforge vs opponent)
Finished game 153 (checkforge vs opponent): 1/2-1/2 {Draw by 3-fold repetition}
Score of checkforge vs opponent: 36 - 27 - 90  [0.529] 153
Started game 154 of 200 (opponent vs checkforge)
Finished game 154 (opponent vs checkforge): 0-1 {Black mates}
Score of checkforge vs opponent: 37 - 27 - 90  [0.532] 154
Started game 155 of 200 (checkforge vs opponent)
Finished game 155 (checkforge vs opponent): 1/2-1/2 {Draw by 3-fold repetition}
Score of checkforge vs opponent: 37 - 27 - 91  [0.532] 155
Started game 156 of 200 (opponent vs checkforge)
Finished game 156 (opponent vs checkforge): 1/2-1/2 {Draw by 3-fold repetition}
Score of checkforge vs opponent: 37 - 27 - 92  [0.532] 156
Started game 157 of 200 (checkforge vs opponent)
Finished game 157 (checkforge vs opponent): 1/2-1/2 {Draw by 3-fold repetition}
Score of checkforge vs opponent: 37 - 27 - 93  [0.532] 157
Started game 158 of 200 (opponent vs checkforge)
Finished game 158 (opponent vs checkforge): 1/2-1/2 {Draw by 3-fold repetition}
Score of checkforge vs opponent: 37 - 27 - 94  [0.532] 158
Started game 159 of 200 (checkforge vs opponent)
Finished game 159 (checkforge vs opponent): 0-1 {Black mates}
Score of checkforge vs opponent: 37 - 28 - 94  [0.528] 159
Started game 160 of 200 (opponent vs checkforge)
Finished game 160 (opponent vs checkforge): 0-1 {Black mates}
Score of checkforge vs opponent: 38 - 28 - 94  [0.531] 160
Started game 161 of 200 (checkforge vs opponent)
Finished game 161 (checkforge vs opponent): 0-1 {Black mates}
Score of checkforge vs opponent: 38 - 29 - 94  [0.528] 161
Started game 162 of 200 (opponent vs checkforge)
Finished game 162 (opponent vs checkforge): 0-1 {Black mates}
Score of checkforge vs opponent: 39 - 29 - 94  [0.531] 162
Started game 163 of 200 (checkforge vs opponent)
Finished game 163 (checkforge vs opponent): 0-1 {Black mates}
Score of checkforge vs opponent: 39 - 30 - 94  [0.528] 163
Started game 164 of 200 (opponent vs checkforge)
Finished game 164 (opponent vs checkforge): 1/2-1/2 {Draw by 3-fold repetition}
Score of checkforge vs opponent: 39 - 30 - 95  [0.527] 164
Started game 165 of 200 (checkforge vs opponent)
Finished game 165 (checkforge vs opponent): 1/2-1/2 {Draw by 3-fold repetition}
Score of checkforge vs opponent: 39 - 30 - 96  [0.527] 165
Started game 166 of 200 (opponent vs checkforge)
Finished game 166 (opponent vs checkforge): 1-0 {White mates}
Score of checkforge vs opponent: 39 - 31 - 96  [0.524] 166
Started game 167 of 200 (checkforge vs opponent)
Finished game 167 (checkforge vs opponent): 0-1 {Black mates}
Score of checkforge vs opponent: 39 - 32 - 96  [0.521] 167
Started game 168 of 200 (opponent vs checkforge)
Finished game 168 (opponent vs checkforge): 1/2-1/2 {Draw by 3-fold repetition}
Score of checkforge vs opponent: 39 - 32 - 97  [0.521] 168
Started game 169 of 200 (checkforge vs opponent)
Finished game 169 (checkforge vs opponent): 1/2-1/2 {Draw by 3-fold repetition}
Score of checkforge vs opponent: 39 - 32 - 98  [0.521] 169
Started game 170 of 200 (opponent vs checkforge)
Finished game 170 (opponent vs checkforge): 1/2-1/2 {Draw by 3-fold repetition}
Score of checkforge vs opponent: 39 - 32 - 99  [0.521] 170
Started game 171 of 200 (checkforge vs opponent)
Finished game 171 (checkforge vs opponent): 1/2-1/2 {Draw by 3-fold repetition}
Score of checkforge vs opponent: 39 - 32 - 100  [0.520] 171
Started game 172 of 200 (opponent vs checkforge)
Finished game 172 (opponent vs checkforge): 1/2-1/2 {Draw by 3-fold repetition}
Score of checkforge vs opponent: 39 - 32 - 101  [0.520] 172
Started game 173 of 200 (checkforge vs opponent)
Finished game 173 (checkforge vs opponent): 1-0 {White mates}
Score of checkforge vs opponent: 40 - 32 - 101  [0.523] 173
Started game 174 of 200 (opponent vs checkforge)
Finished game 174 (opponent vs checkforge): 1/2-1/2 {Draw by 3-fold repetition}
Score of checkforge vs opponent: 40 - 32 - 102  [0.523] 174
Started game 175 of 200 (checkforge vs opponent)
Finished game 175 (checkforge vs opponent): 1-0 {White mates}
Score of checkforge vs opponent: 41 - 32 - 102  [0.526] 175
Started game 176 of 200 (opponent vs checkforge)
Finished game 176 (opponent vs checkforge): 1-0 {White mates}
Score of checkforge vs opponent: 41 - 33 - 102  [0.523] 176
Started game 177 of 200 (checkforge vs opponent)
Finished game 177 (checkforge vs opponent): 1-0 {White mates}
Score of checkforge vs opponent: 42 - 33 - 102  [0.525] 177
Started game 178 of 200 (opponent vs checkforge)
Finished game 178 (opponent vs checkforge): 0-1 {Black mates}
Score of checkforge vs opponent: 43 - 33 - 102  [0.528] 178
Started game 179 of 200 (checkforge vs opponent)
Finished game 179 (checkforge vs opponent): 1/2-1/2 {Draw by 3-fold repetition}
Score of checkforge vs opponent: 43 - 33 - 103  [0.528] 179
Started game 180 of 200 (opponent vs checkforge)
Finished game 180 (opponent vs checkforge): 1/2-1/2 {Draw by 3-fold repetition}
Score of checkforge vs opponent: 43 - 33 - 104  [0.528] 180
Started game 181 of 200 (checkforge vs opponent)
Finished game 181 (checkforge vs opponent): 1/2-1/2 {Draw by 3-fold repetition}
Score of checkforge vs opponent: 43 - 33 - 105  [0.528] 181
Started game 182 of 200 (opponent vs checkforge)
Finished game 182 (opponent vs checkforge): 1-0 {White mates}
Score of checkforge vs opponent: 43 - 34 - 105  [0.525] 182
Started game 183 of 200 (checkforge vs opponent)
Finished game 183 (checkforge vs opponent): 1-0 {White mates}
Score of checkforge vs opponent: 44 - 34 - 105  [0.527] 183
Started game 184 of 200 (opponent vs checkforge)
Finished game 184 (opponent vs checkforge): 1/2-1/2 {Draw by 3-fold repetition}
Score of checkforge vs opponent: 44 - 34 - 106  [0.527] 184
Started game 185 of 200 (checkforge vs opponent)
Finished game 185 (checkforge vs opponent): 0-1 {Black mates}
Score of checkforge vs opponent: 44 - 35 - 106  [0.524] 185
Started game 186 of 200 (opponent vs checkforge)
Finished game 186 (opponent vs checkforge): 1/2-1/2 {Draw by 3-fold repetition}
Score of checkforge vs opponent: 44 - 35 - 107  [0.524] 186
Started game 187 of 200 (checkforge vs opponent)
Finished game 187 (checkforge vs opponent): 0-1 {Black mates}
Score of checkforge vs opponent: 44 - 36 - 107  [0.521] 187
Started game 188 of 200 (opponent vs checkforge)
Finished game 188 (opponent vs checkforge): 0-1 {Black mates}
Score of checkforge vs opponent: 45 - 36 - 107  [0.524] 188
Started game 189 of 200 (checkforge vs opponent)
Finished game 189 (checkforge vs opponent): 1-0 {White mates}
Score of checkforge vs opponent: 46 - 36 - 107  [0.526] 189
Started game 190 of 200 (opponent vs checkforge)
Finished game 190 (opponent vs checkforge): 1-0 {White mates}
Score of checkforge vs opponent: 46 - 37 - 107  [0.524] 190
Started game 191 of 200 (checkforge vs opponent)
Finished game 191 (checkforge vs opponent): 1-0 {White mates}
Score of checkforge vs opponent: 47 - 37 - 107  [0.526] 191
Started game 192 of 200 (opponent vs checkforge)
Finished game 192 (opponent vs checkforge): 1/2-1/2 {Draw by 3-fold repetition}
Score of checkforge vs opponent: 47 - 37 - 108  [0.526] 192
Started game 193 of 200 (checkforge vs opponent)
Finished game 193 (checkforge vs opponent): 1-0 {White mates}
Score of checkforge vs opponent: 48 - 37 - 108  [0.528] 193
Started game 194 of 200 (opponent vs checkforge)
Finished game 194 (opponent vs checkforge): 1/2-1/2 {Draw by 3-fold repetition}
Score of checkforge vs opponent: 48 - 37 - 109  [0.528] 194
Started game 195 of 200 (checkforge vs opponent)
Finished game 195 (checkforge vs opponent): 1/2-1/2 {Draw by 3-fold repetition}
Score of checkforge vs opponent: 48 - 37 - 110  [0.528] 195
Started game 196 of 200 (opponent vs checkforge)
Finished game 196 (opponent vs checkforge): 1/2-1/2 {Draw by 3-fold repetition}
Score of checkforge vs opponent: 48 - 37 - 111  [0.528] 196
Started game 197 of 200 (checkforge vs opponent)
Finished game 197 (checkforge vs opponent): 1-0 {White mates}
Score of checkforge vs opponent: 49 - 37 - 111  [0.530] 197
Started game 198 of 200 (opponent vs checkforge)
Finished game 198 (opponent vs checkforge): 1/2-1/2 {Draw by 3-fold repetition}
Score of checkforge vs opponent: 49 - 37 - 112  [0.530] 198
Started game 199 of 200 (checkforge vs opponent)
Finished game 199 (checkforge vs opponent): 1-0 {White mates}
Score of checkforge vs opponent: 50 - 37 - 112  [0.533] 199
Started game 200 of 200 (opponent vs checkforge)
Finished game 200 (opponent vs checkforge): 1-0 {White mates}
Score of checkforge vs opponent: 50 - 38 - 112  [0.530] 200
...      checkforge playing White: 26 - 17 - 57  [0.545] 100
...      checkforge playing Black: 24 - 21 - 55  [0.515] 100
...      White vs Black: 47 - 41 - 112  [0.515] 200
Elo difference: 20.9 +/- 32.0, LOS: 90.0 %, DrawRatio: 56.0 %
SPRT: llr 0 (0.0%), lbound -inf, ubound inf

Player: checkforge
   "Draw by 3-fold repetition": 111
   "Draw by insufficient mating material": 1
   "Loss: Black mates": 17
   "Loss: White mates": 21
   "Win: Black mates": 24
   "Win: White mates": 26
Player: opponent
   "Draw by 3-fold repetition": 111
   "Draw by insufficient mating material": 1
   "Loss: Black mates": 24
   "Loss: White mates": 26
   "Win: Black mates": 17
   "Win: White mates": 21
Finished match
