Indexing opening suite...
Started game 1 of 200 (checkforge vs opponent)
Finished game 1 (checkforge vs opponent): 1/2-1/2 {Draw by 3-fold repetition}
Score of checkforge vs opponent: 0 - 0 - 1  [0.500] 1
Started game 2 of 200 (opponent vs checkforge)
Finished game 2 (opponent vs checkforge): 0-1 {Black mates}
Score of checkforge vs opponent: 1 - 0 - 1  [0.750] 2
Started game 3 of 200 (checkforge vs opponent)
Finished game 3 (checkforge vs opponent): 1/2-1/2 {Draw by 3-fold repetition}
Score of checkforge vs opponent: 1 - 0 - 2  [0.667] 3
Started game 4 of 200 (opponent vs checkforge)
Finished game 4 (opponent vs checkforge): 1/2-1/2 {Draw by 3-fold repetition}
Score of checkforge vs opponent: 1 - 0 - 3  [0.625] 4
Started game 5 of 200 (checkforge vs opponent)
Finished game 5 (checkforge vs opponent): 1/2-1/2 {Draw by 3-fold repetition}
Score of checkforge vs opponent: 1 - 0 - 4  [0.600] 5
Started game 6 of 200 (opponent vs checkforge)
Finished game 6 (opponent vs checkforge): 0-1 {Black mates}
Score of checkforge vs opponent: 2 - 0 - 4  [0.667] 6
Started game 7 of 200 (checkforge vs opponent)
Finished game 7 (checkforge vs opponent): 1-0 {White mates}
Score of checkforge vs opponent: 3 - 0 - 4  [0.714] 7
Started game 8 of 200 (opponent vs checkforge)
Finished game 8 (opponent vs checkforge): 0-1 {Black mates}
Score of checkforge vs opponent: 4 - 0 - 4  [0.750] 8
Started game 9 of 200 (checkforge vs opponent)
Finished game 9 (checkforge vs opponent): 1-0 {White mates}
Score of checkforge vs opponent: 5 - 0 - 4  [0.778] 9
Started game 10 of 200 (opponent vs checkforge)
Finished game 10 (opponent vs checkforge): 0-1 {Black mates}
Score of checkforge vs opponent: 6 - 0 - 4  [0.800] 10
Started game 11 of 200 (checkforge vs opponent)
Finished game 11 (checkforge vs opponent): 1/2-1/2 {Draw by 3-fold repetition}
Score of checkforge vs opponent: 6 - 0 - 5  [0.773] 11
Started game 12 of 200 (opponent vs checkforge)
Finished game 12 (opponent vs checkforge): 0-1 {Black mates}
Score of checkforge vs opponent: 7 - 0 - 5  [0.792] 12
Started game 13 of 200 (checkforge vs opponent)
Finished game 13 (checkforge vs opponent): 1-0 {White mates}
Score of checkforge vs opponent: 8 - 0 - 5  [0.808] 13
Started game 14 of 200 (opponent vs checkforge)
Finished game 14 (opponent vs checkforge): 1/2-1/2 {Draw by 3-fold repetition}
Score of checkforge vs opponent: 8 - 0 - 6  [0.786] 14
Started game 15 of 200 (checkforge vs opponent)
Finished game 15 (checkforge vs opponent): 1-0 {White mates}
Score of checkforge vs opponent: 9 - 0 - 6  [0.800] 15
Started game 16 of 200 (opponent vs checkforge)
Finished game 16 (opponent vs checkforge): 0-1 {Black mates}
Score of checkforge vs opponent: 10 - 0 - 6  [0.813] 16
Started game 17 of 200 (checkforge vs opponent)
Finished game 17 (checkforge vs opponent): 1-0 {White mates}
Score of checkforge vs opponent: 11 - 0 - 6  [0.824] 17
Started game 18 of 200 (opponent vs checkforge)
Finished game 18 (opponent vs checkforge): 0-1 {Black mates}
Score of checkforge vs opponent: 12 - 0 - 6  [0.833] 18
Started game 19 of 200 (checkforge vs opponent)
Finished game 19 (checkforge vs opponent): 1/2-1/2 {Draw by 3-fold repetition}
Score of checkforge vs opponent: 12 - 0 - 7  [0.816] 19
Started game 20 of 200 (opponent vs checkforge)
Finished game 20 (opponent vs checkforge): 1/2-1/2 {Draw by 3-fold repetition}
Score of checkforge vs opponent: 12 - 0 - 8  [0.800] 20
Started game 21 of 200 (checkforge vs opponent)
Finished game 21 (checkforge vs opponent): 1-0 {White mates}
Score of checkforge vs opponent: 13 - 0 - 8  [0.810] 21
Started game 22 of 200 (opponent vs checkforge)
Finished game 22 (opponent vs checkforge): 0-1 {Black mates}
Score of checkforge vs opponent: 14 - 0 - 8  [0.818] 22
Started game 23 of 200 (checkforge vs opponent)
Finished game 23 (checkforge vs opponent): 1-0 {White mates}
Score of checkforge vs opponent: 15 - 0 - 8  [0.826] 23
Started game 24 of 200 (opponent vs checkforge)
Finished game 24 (opponent vs checkforge): 1/2-1/2 {Draw by 3-fold repetition}
Score of checkforge vs opponent: 15 - 0 - 9  [0.813] 24
Started game 25 of 200 (checkforge vs opponent)
Finished game 25 (checkforge vs opponent): 1-0 {White mates}
Score of checkforge vs opponent: 16 - 0 - 9  [0.820] 25
Started game 26 of 200 (opponent vs checkforge)
Finished game 26 (opponent vs checkforge): 0-1 {Black mates}
Score of checkforge vs opponent: 17 - 0 - 9  [0.827] 26
Started game 27 of 200 (checkforge vs opponent)
Finished game 27 (checkforge vs opponent): 1-0 {White mates}
Score of checkforge vs opponent: 18 - 0 - 9  [0.833] 27
Started game 28 of 200 (opponent vs checkforge)
Finished game 28 (opponent vs checkforge): 0-1 {Black mates}
Score of checkforge vs opponent: 19 - 0 - 9  [0.839] 28
Started game 29 of 200 (checkforge vs opponent)
Finished game 29 (checkforge vs opponent): 1-0 {White mates}
Score of checkforge vs opponent: 20 - 0 - 9  [0.845] 29
Started game 30 of 200 (opponent vs checkforge)
Finished game 30 (opponent vs checkforge): 1/2-1/2 {Draw by 3-fold repetition}
Score of checkforge vs opponent: 20 - 0 - 10  [0.833] 30
Started game 31 of 200 (checkforge vs opponent)
Finished game 31 (checkforge vs opponent): 1-0 {White mates}
Score of checkforge vs opponent: 21 - 0 - 10  [0.839] 31
Started game 32 of 200 (opponent vs checkforge)
Finished game 32 (opponent vs checkforge): 1/2-1/2 {Draw by 3-fold repetition}
Score of checkforge vs opponent: 21 - 0 - 11  [0.828] 32
Started game 33 of 200 (checkforge vs opponent)
Finished game 33 (checkforge vs opponent): 1-0 {White mates}
Score of checkforge vs opponent: 22 - 0 - 11  [0.833] 33
Started game 34 of 200 (opponent vs checkforge)
Finished game 34 (opponent vs checkforge): 1/2-1/2 {Draw by 3-fold repetition}
Score of checkforge vs opponent: 22 - 0 - 12  [0.824] 34
Started game 35 of 200 (checkforge vs opponent)
Finished game 35 (checkforge vs opponent): 1/2-1/2 {Draw by 3-fold repetition}
Score of checkforge vs opponent: 22 - 0 - 13  [0.814] 35
Started game 36 of 200 (opponent vs checkforge)
Finished game 36 (opponent vs checkforge): 0-1 {Black mates}
Score of checkforge vs opponent: 23 - 0 - 13  [0.819] 36
Started game 37 of 200 (checkforge vs opponent)
Finished game 37 (checkforge vs opponent): 1-0 {White mates}
Score of checkforge vs opponent: 24 - 0 - 13  [0.824] 37
Started game 38 of 200 (opponent vs checkforge)
Finished game 38 (opponent vs checkforge): 0-1 {Black mates}
Score of checkforge vs opponent: 25 - 0 - 13  [0.829] 38
Started game 39 of 200 (checkforge vs opponent)
Finished game 39 (checkforge vs opponent): 1/2-1/2 {Draw by 3-fold repetition}
Score of checkforge vs opponent: 25 - 0 - 14  [0.821] 39
Started game 40 of 200 (opponent vs checkforge)
Finished game 40 (opponent vs checkforge): 1/2-1/2 {Draw by 3-fold repetition}
Score of checkforge vs opponent: 25 - 0 - 15  [0.813] 40
Started game 41 of 200 (checkforge vs opponent)
Finished game 41 (checkforge vs opponent): 1-0 {White mates}
Score of checkforge vs opponent: 26 - 0 - 15  [0.817] 41
Started game 42 of 200 (opponent vs checkforge)
Finished game 42 (opponent vs checkforge): 1/2-1/2 {Draw by 3-fold repetition}
Score of checkforge vs opponent: 26 - 0 - 16  [0.810] 42
Started game 43 of 200 (checkforge vs opponent)
Finished game 43 (checkforge vs opponent): 0-1 {Black mates}
Score of checkforge vs opponent: 26 - 1 - 16  [0.791] 43
Started game 44 of 200 (opponent vs checkforge)
Finished game 44 (opponent vs checkforge): 1/2-1/2 {Draw by 3-fold repetition}
Score of checkforge vs opponent: 26 - 1 - 17  [0.784] 44
Started game 45 of 200 (checkforge vs opponent)
Finished game 45 (checkforge vs opponent): 1-0 {White mates}
Score of checkforge vs opponent: 27 - 1 - 17  [0.789] 45
Started game 46 of 200 (opponent vs checkforge)
Finished game 46 (opponent vs checkforge): 0-1 {Black mates}
Score of checkforge vs opponent: 28 - 1 - 17  [0.793] 46
Started game 47 of 200 (checkforge vs opponent)
Finished game 47 (checkforge vs opponent): 1-0 {White mates}
Score of checkforge vs opponent: 29 - 1 - 17  [0.798] 47
Started game 48 of 200 (opponent vs checkforge)
Finished game 48 (opponent vs checkforge): 1-0 {White mates}
Score of checkforge vs opponent: 29 - 2 - 17  [0.781] 48
Started game 49 of 200 (checkforge vs opponent)
Finished game 49 (checkforge vs opponent): 1-0 {White mates}
Score of checkforge vs opponent: 30 - 2 - 17  [0.786] 49
Started game 50 of 200 (opponent vs checkforge)
Finished game 50 (opponent vs checkforge): 1-0 {White mates}
Score of checkforge vs opponent: 30 - 3 - 17  [0.770] 50
Started game 51 of 200 (checkforge vs opponent)
Finished game 51 (checkforge vs opponent): 1-0 {White mates}
Score of checkforge vs opponent: 31 - 3 - 17  [0.775] 51
Started game 52 of 200 (opponent vs checkforge)
Finished game 52 (opponent vs checkforge): 0-1 {Black mates}
Score of checkforge vs opponent: 32 - 3 - 17  [0.779] 52
Started game 53 of 200 (checkforge vs opponent)
Finished game 53 (checkforge vs opponent): 1/2-1/2 {Draw by 3-fold repetition}
Score of checkforge vs opponent: 32 - 3 - 18  [0.774] 53
Started game 54 of 200 (opponent vs checkforge)
Finished game 54 (opponent vs checkforge): 1-0 {White mates}
Score of checkforge vs opponent: 32 - 4 - 18  [0.759] 54
Started game 55 of 200 (checkforge vs opponent)
Finished game 55 (checkforge vs opponent): 1/2-1/2 {Draw by 3-fold repetition}
Score of checkforge vs opponent: 32 - 4 - 19  [0.755] 55
Started game 56 of 200 (opponent vs checkforge)
Finished game 56 (opponent vs checkforge): 0-1 {Black mates}
Score of checkforge vs opponent: 33 - 4 - 19  [0.759] 56
Started game 57 of 200 (checkforge vs opponent)
Finished game 57 (checkforge vs opponent): 0-1 {Black mates}
Score of checkforge vs opponent: 33 - 5 - 19  [0.746] 57
Started game 58 of 200 (opponent vs checkforge)
Finished game 58 (opponent vs checkforge): 1/2-1/2 {Draw by insufficient mating material}
Score of checkforge vs opponent: 33 - 5 - 20  [0.741] 58
Started game 59 of 200 (checkforge vs opponent)
Finished game 59 (checkforge vs opponent): 1/2-1/2 {Draw by 3-fold repetition}
Score of checkforge vs opponent: 33 - 5 - 21  [0.737] 59
Started game 60 of 200 (opponent vs checkforge)
Finished game 60 (opponent vs checkforge): 0-1 {Black mates}
Score of checkforge vs opponent: 34 - 5 - 21  [0.742] 60
Started game 61 of 200 (checkforge vs opponent)
Finished game 61 (checkforge vs opponent): 1/2-1/2 {Draw by 3-fold repetition}
Score of checkforge vs opponent: 34 - 5 - 22  [0.738] 61
Started game 62 of 200 (opponent vs checkforge)
Finished game 62 (opponent vs checkforge): 0-1 {Black mates}
Score of checkforge vs opponent: 35 - 5 - 22  [0.742] 62
Started game 63 of 200 (checkforge vs opponent)
Finished game 63 (checkforge vs opponent): 1-0 {White mates}
Score of checkforge vs opponent: 36 - 5 - 22  [0.746] 63
Started game 64 of 200 (opponent vs checkforge)
Finished game 64 (opponent vs checkforge): 1/2-1/2 {Draw by 3-fold repetition}
Score of checkforge vs opponent: 36 - 5 - 23  [0.742] 64
Started game 65 of 200 (checkforge vs opponent)
Finished game 65 (checkforge vs opponent): 1-0 {White mates}
Score of checkforge vs opponent: 37 - 5 - 23  [0.746] 65
Started game 66 of 200 (opponent vs checkforge)
Finished game 66 (opponent vs checkforge): 1-0 {White mates}
Score of checkforge vs opponent: 37 - 6 - 23  [0.735] 66
Started game 67 of 200 (checkforge vs opponent)
Finished game 67 (checkforge vs opponent): 0-1 {Black mates}
Score of checkforge vs opponent: 37 - 7 - 23  [0.724] 67
Started game 68 of 200 (opponent vs checkforge)
Finished game 68 (opponent vs checkforge): 1/2-1/2 {Draw by 3-fold repetition}
Score of checkforge vs opponent: 37 - 7 - 24  [0.721] 68
Started game 69 of 200 (checkforge vs opponent)
Finished game 69 (checkforge vs opponent): 1-0 {White mates}
Score of checkforge vs opponent: 38 - 7 - 24  [0.725] 69
Started game 70 of 200 (opponent vs checkforge)
Finished game 70 (opponent vs checkforge): 1/2-1/2 {Draw by 3-fold repetition}
Score of checkforge vs opponent: 38 - 7 - 25  [0.721] 70
Started game 71 of 200 (checkforge vs opponent)
Finished game 71 (checkforge vs opponent): 1-0 {White mates}
Score of checkforge vs opponent: 39 - 7 - 25  [0.725] 71
Started game 72 of 200 (opponent vs checkforge)
Finished game 72 (opponent vs checkforge): 1/2-1/2 {Draw by 3-fold repetition}
Score of checkforge vs opponent: 39 - 7 - 26  [0.722] 72
Started game 73 of 200 (checkforge vs opponent)
Finished game 73 (checkforge vs opponent): 1/2-1/2 {Draw by 3-fold repetition}
Score of checkforge vs opponent: 39 - 7 - 27  [0.719] 73
Started game 74 of 200 (opponent vs checkforge)
Finished game 74 (opponent vs checkforge): 1/2-1/2 {Draw by 3-fold repetition}
Score of checkforge vs opponent: 39 - 7 - 28  [0.716] 74
Started game 75 of 200 (checkforge vs opponent)
Finished game 75 (checkforge vs opponent): 1-0 {White mates}
Score of checkforge vs opponent: 40 - 7 - 28  [0.720] 75
Started game 76 of 200 (opponent vs checkforge)
Finished game 76 (opponent vs checkforge): 1/2-1/2 {Draw by 3-fold repetition}
Score of checkforge vs opponent: 40 - 7 - 29  [0.717] 76
Started game 77 of 200 (checkforge vs opponent)
Finished game 77 (checkforge vs opponent): 0-1 {Black mates}
Score of checkforge vs opponent: 40 - 8 - 29  [0.708] 77
Started game 78 of 200 (opponent vs checkforge)
Finished game 78 (opponent vs checkforge): 0-1 {Black mates}
Score of checkforge vs opponent: 41 - 8 - 29  [0.712] 78
Started game 79 of 200 (checkforge vs opponent)
Finished game 79 (checkforge vs opponent): 1-0 {White mates}
Score of checkforge vs opponent: 42 - 8 - 29  [0.715] 79
Started game 80 of 200 (opponent vs checkforge)
Finished game 80 (opponent vs checkforge): 0-1 {Black mates}
Score of checkforge vs opponent: 43 - 8 - 29  [0.719] 80
Started game 81 of 200 (checkforge vs opponent)
Finished game 81 (checkforge vs opponent): 1-0 {White mates}
Score of checkforge vs opponent: 44 - 8 - 29  [0.722] 81
Started game 82 of 200 (opponent vs checkforge)
Finished game 82 (opponent vs checkforge): 1/2-1/2 {Draw by 3-fold repetition}
Score of checkforge vs opponent: 44 - 8 - 30  [0.720] 82
Started game 83 of 200 (checkforge vs opponent)
Finished game 83 (checkforge vs opponent): 1/2-1/2 {Draw by 3-fold repetition}
Score of checkforge vs opponent: 44 - 8 - 31  [0.717] 83
Started game 84 of 200 (opponent vs checkforge)
Finished game 84 (opponent vs checkforge): 0-1 {Black mates}
Score of checkforge vs opponent: 45 - 8 - 31  [0.720] 84
Started game 85 of 200 (checkforge vs opponent)
Finished game 85 (checkforge vs opponent): 1-0 {White mates}
Score of checkforge vs opponent: 46 - 8 - 31  [0.724] 85
Started game 86 of 200 (opponent vs checkforge)
Finished game 86 (opponent vs checkforge): 1/2-1/2 {Draw by 3-fold repetition}
Score of checkforge vs opponent: 46 - 8 - 32  [0.721] 86
Started game 87 of 200 (checkforge vs opponent)
Finished game 87 (checkforge vs opponent): 1-0 {White mates}
Score of checkforge vs opponent: 47 - 8 - 32  [0.724] 87
Started game 88 of 200 (opponent vs checkforge)
Finished game 88 (opponent vs checkforge): 1-0 {White mates}
Score of checkforge vs opponent: 47 - 9 - 32  [0.716] 88
Started game 89 of 200 (checkforge vs opponent)
Finished game 89 (checkforge vs opponent): 1/2-1/2 {Draw by 3-fold repetition}
Score of checkforge vs opponent: 47 - 9 - 33  [0.713] 89
Started game 90 of 200 (opponent vs checkforge)
Finished game 90 (opponent vs checkforge): 1/2-1/2 {Draw by 3-fold repetition}
Score of checkforge vs opponent: 47 - 9 - 34  [0.711] 90
Started game 91 of 200 (checkforge vs opponent)
Finished game 91 (checkforge vs opponent): 0-1 {Black mates}
Score of checkforge vs opponent: 47 - 10 - 34  [0.703] 91
Started game 92 of 200 (opponent vs checkforge)
Finished game 92 (opponent vs checkforge): 1/2-1/2 {Draw by 3-fold repetition}
Score of checkforge vs opponent: 47 - 10 - 35  [0.701] 92
Started game 93 of 200 (checkforge vs opponent)
Finished game 93 (checkforge vs opponent): 1-0 {White mates}
Score of checkforge vs opponent: 48 - 10 - 35  [0.704] 93
Started game 94 of 200 (opponent vs checkforge)
Finished game 94 (opponent vs checkforge): 0-1 {Black mates}
Score of checkforge vs opponent: 49 - 10 - 35  [0.707] 94
Started game 95 of 200 (checkforge vs opponent)
Finished game 95 (checkforge vs opponent): 1-0 {White mates}
Score of checkforge vs opponent: 50 - 10 - 35  [0.711] 95
Started game 96 of 200 (opponent vs checkforge)
Finished game 96 (opponent vs checkforge): 1/2-1/2 {Draw by 3-fold repetition}
Score of checkforge vs opponent: 50 - 10 - 36  [0.708] 96
Started game 97 of 200 (checkforge vs opponent)
Finished game 97 (checkforge vs opponent): 1-0 {White mates}
Score of checkforge vs opponent: 51 - 10 - 36  [0.711] 97
Started game 98 of 200 (opponent vs checkforge)
Finished game 98 (opponent vs checkforge): 0-1 {Black mates}
Score of checkforge vs opponent: 52 - 10 - 36  [0.714] 98
Started game 99 of 200 (checkforge vs opponent)
Finished game 99 (checkforge vs opponent): 0-1 {Black mates}
Score of checkforge vs opponent: 52 - 11 - 36  [0.707] 99
Started game 100 of 200 (opponent vs checkforge)
Finished game 100 (opponent vs checkforge): 1/2-1/2 {Draw by 3-fold repetition}
Score of checkforge vs opponent: 52 - 11 - 37  [0.705] 100
Started game 101 of 200 (checkforge vs opponent)
Finished game 101 (checkforge vs opponent): 0-1 {Black mates}
Score of checkforge vs opponent: 52 - 12 - 37  [0.698] 101
Started game 102 of 200 (opponent vs checkforge)
Finished game 102 (opponent vs checkforge): 0-1 {Black mates}
Score of checkforge vs opponent: 53 - 12 - 37  [0.701] 102
Started game 103 of 200 (checkforge vs opponent)
Finished game 103 (checkforge vs opponent): 0-1 {Black mates}
Score of checkforge vs opponent: 53 - 13 - 37  [0.694] 103
Started game 104 of 200 (opponent vs checkforge)
Finished game 104 (opponent vs checkforge): 1/2-1/2 {Draw by 3-fold repetition}
Score of checkforge vs opponent: 53 - 13 - 38  [0.692] 104
Started game 105 of 200 (checkforge vs opponent)
Finished game 105 (checkforge vs opponent): 1-0 {White mates}
Score of checkforge vs opponent: 54 - 13 - 38  [0.695] 105
Started game 106 of 200 (opponent vs checkforge)
Finished game 106 (opponent vs checkforge): 0-1 {Black mates}
Score of checkforge vs opponent: 55 - 13 - 38  [0.698] 106
Started game 107 of 200 (checkforge vs opponent)
Finished game 107 (checkforge vs opponent): 1/2-1/2 {Draw by 3-fold repetition}
Score of checkforge vs opponent: 55 - 13 - 39  [0.696] 107
Started game 108 of 200 (opponent vs checkforge)
Finished game 108 (opponent vs checkforge): 1/2-1/2 {Draw by 3-fold repetition}
Score of checkforge vs opponent: 55 - 13 - 40  [0.694] 108
Started game 109 of 200 (checkforge vs opponent)
Finished game 109 (checkforge vs opponent): 1/2-1/2 {Draw by 3-fold repetition}
Score of checkforge vs opponent: 55 - 13 - 41  [0.693] 109
Started game 110 of 200 (opponent vs checkforge)
Finished game 110 (opponent vs checkforge): 1-0 {White mates}
Score of checkforge vs opponent: 55 - 14 - 41  [0.686] 110
Started game 111 of 200 (checkforge vs opponent)
Finished game 111 (checkforge vs opponent): 1-0 {White mates}
Score of checkforge vs opponent: 56 - 14 - 41  [0.689] 111
Started game 112 of 200 (opponent vs checkforge)
Finished game 112 (opponent vs checkforge): 0-1 {Black mates}
Score of checkforge vs opponent: 57 - 14 - 41  [0.692] 112
Started game 113 of 200 (checkforge vs opponent)
Finished game 113 (checkforge vs opponent): 1-0 {White mates}
Score of checkforge vs opponent: 58 - 14 - 41  [0.695] 113
Started game 114 of 200 (opponent vs checkforge)
Finished game 114 (opponent vs checkforge): 0-1 {Black mates}
Score of checkforge vs opponent: 59 - 14 - 41  [0.697] 114
Started game 115 of 200 (checkforge vs opponent)
Finished game 115 (checkforge vs opponent): 1/2-1/2 {Draw by 3-fold repetition}
Score of checkforge vs opponent: 59 - 14 - 42  [0.696] 115
Started game 116 of 200 (opponent vs checkforge)
Finished game 116 (opponent vs checkforge): 1-0 {White mates}
Score of checkforge vs opponent: 59 - 15 - 42  [0.690] 116
Started game 117 of 200 (checkforge vs opponent)
Finished game 117 (checkforge vs opponent): 1-0 {White mates}
Score of checkforge vs opponent: 60 - 15 - 42  [0.692] 117
Started game 118 of 200 (opponent vs checkforge)
Finished game 118 (opponent vs checkforge): 0-1 {Black mates}
Score of checkforge vs opponent: 61 - 15 - 42  [0.695] 118
Started game 119 of 200 (checkforge vs opponent)
Finished game 119 (checkforge vs opponent): 1-0 {White mates}
Score of checkforge vs opponent: 62 - 15 - 42  [0.697] 119
Started game 120 of 200 (opponent vs checkforge)
Finished game 120 (opponent vs checkforge): 0-1 {Black mates}
Score of checkforge vs opponent: 63 - 15 - 42  [0.700] 120
Started game 121 of 200 (checkforge vs opponent)
Finished game 121 (checkforge vs opponent): 1/2-1/2 {Draw by 3-fold repetition}
Score of checkforge vs opponent: 63 - 15 - 43  [0.698] 121
Started game 122 of 200 (opponent vs checkforge)
Finished game 122 (opponent vs checkforge): 0-1 {Black mates}
Score of checkforge vs opponent: 64 - 15 - 43  [0.701] 122
Started game 123 of 200 (checkforge vs opponent)
Finished game 123 (checkforge vs opponent): 1-0 {White mates}
Score of checkforge vs opponent: 65 - 15 - 43  [0.703] 123
Started game 124 of 200 (opponent vs checkforge)
Finished game 124 (opponent vs checkforge): 0-1 {Black mates}
Score of checkforge vs opponent: 66 - 15 - 43  [0.706] 124
Started game 125 of 200 (checkforge vs opponent)
Finished game 125 (checkforge vs opponent): 1-0 {White mates}
Score of checkforge vs opponent: 67 - 15 - 43  [0.708] 125
Started game 126 of 200 (opponent vs checkforge)
Finished game 126 (opponent vs checkforge): 1-0 {White mates}
Score of checkforge vs opponent: 67 - 16 - 43  [0.702] 126
Started game 127 of 200 (checkforge vs opponent)
Finished game 127 (checkforge vs opponent): 1-0 {White mates}
Score of checkforge vs opponent: 68 - 16 - 43  [0.705] 127
Started game 128 of 200 (opponent vs checkforge)
Finished game 128 (opponent vs checkforge): 0-1 {Black mates}
Score of checkforge vs opponent: 69 - 16 - 43  [0.707] 128
Started game 129 of 200 (checkforge vs opponent)
Finished game 129 (checkforge vs opponent): 0-1 {Black mates}
Score of checkforge vs opponent: 69 - 17 - 43  [0.702] 129
Started game 130 of 200 (opponent vs checkforge)
Finished game 130 (opponent vs checkforge): 1/2-1/2 {Draw by 3-fold repetition}
Score of checkforge vs opponent: 69 - 17 - 44  [0.700] 130
Started game 131 of 200 (checkforge vs opponent)
Finished game 131 (checkforge vs opponent): 1/2-1/2 {Draw by 3-fold repetition}
Score of checkforge vs opponent: 69 - 17 - 45  [0.698] 131
Started game 132 of 200 (opponent vs checkforge)
Finished game 132 (opponent vs checkforge): 0-1 {Black mates}
Score of checkforge vs opponent: 70 - 17 - 45  [0.701] 132
Started game 133 of 200 (checkforge vs opponent)
Finished game 133 (checkforge vs opponent): 1/2-1/2 {Draw by 3-fold repetition}
Score of checkforge vs opponent: 70 - 17 - 46  [0.699] 133
Started game 134 of 200 (opponent vs checkforge)
Finished game 134 (opponent vs checkforge): 1/2-1/2 {Draw by 3-fold repetition}
Score of checkforge vs opponent: 70 - 17 - 47  [0.698] 134
Started game 135 of 200 (checkforge vs opponent)
Finished game 135 (checkforge vs opponent): 1/2-1/2 {Draw by 3-fold repetition}
Score of checkforge vs opponent: 70 - 17 - 48  [0.696] 135
Started game 136 of 200 (opponent vs checkforge)
Finished game 136 (opponent vs checkforge): 1/2-1/2 {Draw by 3-fold repetition}
Score of checkforge vs opponent: 70 - 17 - 49  [0.695] 136
Started game 137 of 200 (checkforge vs opponent)
Finished game 137 (checkforge vs opponent): 1-0 {White mates}
Score of checkforge vs opponent: 71 - 17 - 49  [0.697] 137
Started game 138 of 200 (opponent vs checkforge)
Finished game 138 (opponent vs checkforge): 1-0 {White mates}
Score of checkforge vs opponent: 71 - 18 - 49  [0.692] 138
Started game 139 of 200 (checkforge vs opponent)
Finished game 139 (checkforge vs opponent): 0-1 {Black mates}
Score of checkforge vs opponent: 71 - 19 - 49  [0.687] 139
Started game 140 of 200 (opponent vs checkforge)
Finished game 140 (opponent vs checkforge): 1/2-1/2 {Draw by 3-fold repetition}
Score of checkforge vs opponent: 71 - 19 - 50  [0.686] 140
Started game 141 of 200 (checkforge vs opponent)
Finished game 141 (checkforge vs opponent): 1/2-1/2 {Draw by 3-fold repetition}
Score of checkforge vs opponent: 71 - 19 - 51  [0.684] 141
Started game 142 of 200 (opponent vs checkforge)
Finished game 142 (opponent vs checkforge): 0-1 {Black mates}
Score of checkforge vs opponent: 72 - 19 - 51  [0.687] 142
Started game 143 of 200 (checkforge vs opponent)
Finished game 143 (checkforge vs opponent): 1-0 {White mates}
Score of checkforge vs opponent: 73 - 19 - 51  [0.689] 143
Started game 144 of 200 (opponent vs checkforge)
Finished game 144 (opponent vs checkforge): 0-1 {Black mates}
Score of checkforge vs opponent: 74 - 19 - 51  [0.691] 144
Started game 145 of 200 (checkforge vs opponent)
Finished game 145 (checkforge vs opponent): 1/2-1/2 {Draw by 3-fold repetition}
Score of checkforge vs opponent: 74 - 19 - 52  [0.690] 145
Started game 146 of 200 (opponent vs checkforge)
Finished game 146 (opponent vs checkforge): 0-1 {Black mates}
Score of checkforge vs opponent: 75 - 19 - 52  [0.692] 146
Started game 147 of 200 (checkforge vs opponent)
Finished game 147 (checkforge vs opponent): 1-0 {White mates}
Score of checkforge vs opponent: 76 - 19 - 52  [0.694] 147
Started game 148 of 200 (opponent vs checkforge)
Finished game 148 (opponent vs checkforge): 0-1 {Black mates}
Score of checkforge vs opponent: 77 - 19 - 52  [0.696] 148
Started game 149 of 200 (checkforge vs opponent)
Finished game 149 (checkforge vs opponent): 1/2-1/2 {Draw by 3-fold repetition}
Score of checkforge vs opponent: 77 - 19 - 53  [0.695] 149
Started game 150 of 200 (opponent vs checkforge)
Finished game 150 (opponent vs checkforge): 1/2-1/2 {Draw by 3-fold repetition}
Score of checkforge vs opponent: 77 - 19 - 54  [0.693] 150
Started game 151 of 200 (checkforge vs opponent)
Finished game 151 (checkforge vs opponent): 1/2-1/2 {Draw by 3-fold repetition}
Score of checkforge vs opponent: 77 - 19 - 55  [0.692] 151
Started game 152 of 200 (opponent vs checkforge)
Finished game 152 (opponent vs checkforge): 1/2-1/2 {Draw by 3-fold repetition}
Score of checkforge vs opponent: 77 - 19 - 56  [0.691] 152
Started game 153 of 200 (checkforge vs opponent)
Finished game 153 (checkforge vs opponent): 0-1 {Black mates}
Score of checkforge vs opponent: 77 - 20 - 56  [0.686] 153
Started game 154 of 200 (opponent vs checkforge)
Finished game 154 (opponent vs checkforge): 1-0 {White mates}
Score of checkforge vs opponent: 77 - 21 - 56  [0.682] 154
Started game 155 of 200 (checkforge vs opponent)
Finished game 155 (checkforge vs opponent): 1/2-1/2 {Draw by 3-fold repetition}
Score of checkforge vs opponent: 77 - 21 - 57  [0.681] 155
Started game 156 of 200 (opponent vs checkforge)
Finished game 156 (opponent vs checkforge): 1-0 {White mates}
Score of checkforge vs opponent: 77 - 22 - 57  [0.676] 156
Started game 157 of 200 (checkforge vs opponent)
Finished game 157 (checkforge vs opponent): 1-0 {White mates}
Score of checkforge vs opponent: 78 - 22 - 57  [0.678] 157
Started game 158 of 200 (opponent vs checkforge)
Finished game 158 (opponent vs checkforge): 1-0 {White mates}
Score of checkforge vs opponent: 78 - 23 - 57  [0.674] 158
Started game 159 of 200 (checkforge vs opponent)
Finished game 159 (checkforge vs opponent): 1/2-1/2 {Draw by 3-fold repetition}
Score of checkforge vs opponent: 78 - 23 - 58  [0.673] 159
Started game 160 of 200 (opponent vs checkforge)
Finished game 160 (opponent vs checkforge): 0-1 {Black mates}
Score of checkforge vs opponent: 79 - 23 - 58  [0.675] 160
Started game 161 of 200 (checkforge vs opponent)
Finished game 161 (checkforge vs opponent): 1-0 {White mates}
Score of checkforge vs opponent: 80 - 23 - 58  [0.677] 161
Started game 162 of 200 (opponent vs checkforge)
Finished game 162 (opponent vs checkforge): 1-0 {White mates}
Score of checkforge vs opponent: 80 - 24 - 58  [0.673] 162
Started game 163 of 200 (checkforge vs opponent)
Finished game 163 (checkforge vs opponent): 1/2-1/2 {Draw by 3-fold repetition}
Score of checkforge vs opponent: 80 - 24 - 59  [0.672] 163
Started game 164 of 200 (opponent vs checkforge)
Finished game 164 (opponent vs checkforge): 1/2-1/2 {Draw by 3-fold repetition}
Score of checkforge vs opponent: 80 - 24 - 60  [0.671] 164
Started game 165 of 200 (checkforge vs opponent)
Finished game 165 (checkforge vs opponent): 1-0 {White mates}
Score of checkforge vs opponent: 81 - 24 - 60  [0.673] 165
Started game 166 of 200 (opponent vs checkforge)
Finished game 166 (opponent vs checkforge): 1/2-1/2 {Draw by 3-fold repetition}
Score of checkforge vs opponent: 81 - 24 - 61  [0.672] 166
Started game 167 of 200 (checkforge vs opponent)
Finished game 167 (checkforge vs opponent): 1/2-1/2 {Draw by 3-fold repetition}
Score of checkforge vs opponent: 81 - 24 - 62  [0.671] 167
Started game 168 of 200 (opponent vs checkforge)
Finished game 168 (opponent vs checkforge): 1/2-1/2 {Draw by 3-fold repetition}
Score of checkforge vs opponent: 81 - 24 - 63  [0.670] 168
Started game 169 of 200 (checkforge vs opponent)
Finished game 169 (checkforge vs opponent): 1/2-1/2 {Draw by 3-fold repetition}
Score of checkforge vs opponent: 81 - 24 - 64  [0.669] 169
Started game 170 of 200 (opponent vs checkforge)
Finished game 170 (opponent vs checkforge): 0-1 {Black mates}
Score of checkforge vs opponent: 82 - 24 - 64  [0.671] 170
Started game 171 of 200 (checkforge vs opponent)
Finished game 171 (checkforge vs opponent): 1-0 {White mates}
Score of checkforge vs opponent: 83 - 24 - 64  [0.673] 171
Started game 172 of 200 (opponent vs checkforge)
Finished game 172 (opponent vs checkforge): 1/2-1/2 {Draw by 3-fold repetition}
Score of checkforge vs opponent: 83 - 24 - 65  [0.672] 172
Started game 173 of 200 (checkforge vs opponent)
Finished game 173 (checkforge vs opponent): 1-0 {White mates}
Score of checkforge vs opponent: 84 - 24 - 65  [0.673] 173
Started game 174 of 200 (opponent vs checkforge)
Finished game 174 (opponent vs checkforge): 1/2-1/2 {Draw by 3-fold repetition}
Score of checkforge vs opponent: 84 - 24 - 66  [0.672] 174
Started game 175 of 200 (checkforge vs opponent)
Finished game 175 (checkforge vs opponent): 1-0 {White mates}
Score of checkforge vs opponent: 85 - 24 - 66  [0.674] 175
Started game 176 of 200 (opponent vs checkforge)
Finished game 176 (opponent vs checkforge): 0-1 {Black mates}
Score of checkforge vs opponent: 86 - 24 - 66  [0.676] 176
Started game 177 of 200 (checkforge vs opponent)
Finished game 177 (checkforge vs opponent): 0-1 {Black mates}
Score of checkforge vs opponent: 86 - 25 - 66  [0.672] 177
Started game 178 of 200 (opponent vs checkforge)
Finished game 178 (opponent vs checkforge): 1-0 {White mates}
Score of checkforge vs opponent: 86 - 26 - 66  [0.669] 178
Started game 179 of 200 (checkforge vs opponent)
Finished game 179 (checkforge vs opponent): 1/2-1/2 {Draw by 3-fold repetition}
Score of checkforge vs opponent: 86 - 26 - 67  [0.668] 179
Started game 180 of 200 (opponent vs checkforge)
Finished game 180 (opponent vs checkforge): 0-1 {Black mates}
Score of checkforge vs opponent: 87 - 26 - 67  [0.669] 180
Started game 181 of 200 (checkforge vs opponent)
Finished game 181 (checkforge vs opponent): 1/2-1/2 {Draw by 3-fold repetition}
Score of checkforge vs opponent: 87 - 26 - 68  [0.669] 181
Started game 182 of 200 (opponent vs checkforge)
Finished game 182 (opponent vs checkforge): 1-0 {White mates}
Score of checkforge vs opponent: 87 - 27 - 68  [0.665] 182
Started game 183 of 200 (checkforge vs opponent)
Finished game 183 (checkforge vs opponent): 1-0 {White mates}
Score of checkforge vs opponent: 88 - 27 - 68  [0.667] 183
Started game 184 of 200 (opponent vs checkforge)
Finished game 184 (opponent vs checkforge): 1-0 {White mates}
Score of checkforge vs opponent: 88 - 28 - 68  [0.663] 184
Started game 185 of 200 (checkforge vs opponent)
Finished game 185 (checkforge vs opponent): 1-0 {White mates}
Score of checkforge vs opponent: 89 - 28 - 68  [0.665] 185
Started game 186 of 200 (opponent vs checkforge)
Finished game 186 (opponent vs checkforge): 1-0 {White mates}
Score of checkforge vs opponent: 89 - 29 - 68  [0.661] 186
Started game 187 of 200 (checkforge vs opponent)
Finished game 187 (checkforge vs opponent): 0-1 {Black mates}
Score of checkforge vs opponent: 89 - 30 - 68  [0.658] 187
Started game 188 of 200 (opponent vs checkforge)
Finished game 188 (opponent vs checkforge): 1-0 {White mates}
Score of checkforge vs opponent: 89 - 31 - 68  [0.654] 188
Started game 189 of 200 (checkforge vs opponent)
Finished game 189 (checkforge vs opponent): 1-0 {White mates}
Score of checkforge vs opponent: 90 - 31 - 68  [0.656] 189
Started game 190 of 200 (opponent vs checkforge)
Finished game 190 (opponent vs checkforge): 1/2-1/2 {Draw by 3-fold repetition}
Score of checkforge vs opponent: 90 - 31 - 69  [0.655] 190
Started game 191 of 200 (checkforge vs opponent)
Finished game 191 (checkforge vs opponent): 1-0 {White mates}
Score of checkforge vs opponent: 91 - 31 - 69  [0.657] 191
Started game 192 of 200 (opponent vs checkforge)
Finished game 192 (opponent vs checkforge): 1-0 {White mates}
Score of checkforge vs opponent: 91 - 32 - 69  [0.654] 192
Started game 193 of 200 (checkforge vs opponent)
Finished game 193 (checkforge vs opponent): 1/2-1/2 {Draw by 3-fold repetition}
Score of checkforge vs opponent: 91 - 32 - 70  [0.653] 193
Started game 194 of 200 (opponent vs checkforge)
Finished game 194 (opponent vs checkforge): 0-1 {Black mates}
Score of checkforge vs opponent: 92 - 32 - 70  [0.655] 194
Started game 195 of 200 (checkforge vs opponent)
Finished game 195 (checkforge vs opponent): 1-0 {White mates}
Score of checkforge vs opponent: 93 - 32 - 70  [0.656] 195
Started game 196 of 200 (opponent vs checkforge)
Finished game 196 (opponent vs checkforge): 0-1 {Black mates}
Score of checkforge vs opponent: 94 - 32 - 70  [0.658] 196
Started game 197 of 200 (checkforge vs opponent)
Finished game 197 (checkforge vs opponent): 0-1 {Black mates}
Score of checkforge vs opponent: 94 - 33 - 70  [0.655] 197
Started game 198 of 200 (opponent vs checkforge)
Finished game 198 (opponent vs checkforge): 0-1 {Black mates}
Score of checkforge vs opponent: 95 - 33 - 70  [0.657] 198
Started game 199 of 200 (checkforge vs opponent)
Finished game 199 (checkforge vs opponent): 1/2-1/2 {Draw by 3-fold repetition}
Score of checkforge vs opponent: 95 - 33 - 71  [0.656] 199
Started game 200 of 200 (opponent vs checkforge)
Finished game 200 (opponent vs checkforge): 0-1 {Black mates}
Score of checkforge vs opponent: 96 - 33 - 71  [0.657] 200
...      checkforge playing White: 52 - 14 - 34  [0.690] 100
...      checkforge playing Black: 44 - 19 - 37  [0.625] 100
...      White vs Black: 71 - 58 - 71  [0.532] 200
Elo difference: 113.3 +/- 39.7, LOS: 100.0 %, DrawRatio: 35.5 %
SPRT: llr 0 (0.0%), lbound -inf, ubound inf

Player: checkforge
   "Draw by 3-fold repetition": 70
   "Draw by insufficient mating material": 1
   "Loss: Black mates": 14
   "Loss: White mates": 19
   "Win: Black mates": 44
   "Win: White mates": 52
Player: opponent
   "Draw by 3-fold repetition": 70
   "Draw by insufficient mating material": 1
   "Loss: Black mates": 44
   "Loss: White mates": 52
   "Win: Black mates": 14
   "Win: White mates": 19
Finished match
