Indexing opening suite...
Started game 1 of 200 (checkforge vs opponent)
Finished game 1 (checkforge vs opponent): 1-0 {White mates}
Score of checkforge vs opponent: 1 - 0 - 0  [1.000] 1
Started game 2 of 200 (opponent vs checkforge)
Finished game 2 (opponent vs checkforge): 1/2-1/2 {Draw by 3-fold repetition}
Score of checkforge vs opponent: 1 - 0 - 1  [0.750] 2
Started game 3 of 200 (checkforge vs opponent)
Finished game 3 (checkforge vs opponent): 1/2-1/2 {Draw by 3-fold repetition}
Score of checkforge vs opponent: 1 - 0 - 2  [0.667] 3
Started game 4 of 200 (opponent vs checkforge)
Finished game 4 (opponent vs checkforge): 0-1 {Black mates}
Score of checkforge vs opponent: 2 - 0 - 2  [0.750] 4
Started game 5 of 200 (checkforge vs opponent)
Finished game 5 (checkforge vs opponent): 1/2-1/2 {Draw by 3-fold repetition}
Score of checkforge vs opponent: 2 - 0 - 3  [0.700] 5
Started game 6 of 200 (opponent vs checkforge)
Finished game 6 (opponent vs checkforge): 1/2-1/2 {Draw by 3-fold repetition}
Score of checkforge vs opponent: 2 - 0 - 4  [0.667] 6
Started game 7 of 200 (checkforge vs opponent)
Finished game 7 (checkforge vs opponent): 1-0 {White mates}
Score of checkforge vs opponent: 3 - 0 - 4  [0.714] 7
Started game 8 of 200 (opponent vs checkforge)
Finished game 8 (opponent vs checkforge): 1/2-1/2 {Draw by 3-fold repetition}
Score of checkforge vs opponent: 3 - 0 - 5  [0.688] 8
Started game 9 of 200 (checkforge vs opponent)
Finished game 9 (checkforge vs opponent): 1-0 {White mates}
Score of checkforge vs opponent: 4 - 0 - 5  [0.722] 9
Started game 10 of 200 (opponent vs checkforge)
Finished game 10 (opponent vs checkforge): 1/2-1/2 {Draw by 3-fold repetition}
Score of checkforge vs opponent: 4 - 0 - 6  [0.700] 10
Started game 11 of 200 (checkforge vs opponent)
Finished game 11 (checkforge vs opponent): 1/2-1/2 {Draw by 3-fold repetition}
Score of checkforge vs opponent: 4 - 0 - 7  [0.682] 11
Started game 12 of 200 (opponent vs checkforge)
Finished game 12 (opponent vs checkforge): 0-1 {Black mates}
Score of checkforge vs opponent: 5 - 0 - 7  [0.708] 12
Started game 13 of 200 (checkforge vs opponent)
Finished game 13 (checkforge vs opponent): 1/2-1/2 {Draw by 3-fold repetition}
Score of checkforge vs opponent: 5 - 0 - 8  [0.692] 13
Started game 14 of 200 (opponent vs checkforge)
Finished game 14 (opponent vs checkforge): 1/2-1/2 {Draw by insufficient mating material}
Score of checkforge vs opponent: 5 - 0 - 9  [0.679] 14
Started game 15 of 200 (checkforge vs opponent)
Finished game 15 (checkforge vs opponent): 1/2-1/2 {Draw by 3-fold repetition}
Score of checkforge vs opponent: 5 - 0 - 10  [0.667] 15
Started game 16 of 200 (opponent vs checkforge)
Finished game 16 (opponent vs checkforge): 1/2-1/2 {Draw by 3-fold repetition}
Score of checkforge vs opponent: 5 - 0 - 11  [0.656] 16
Started game 17 of 200 (checkforge vs opponent)
Finished game 17 (checkforge vs opponent): 1/2-1/2 {Draw by 3-fold repetition}
Score of checkforge vs opponent: 5 - 0 - 12  [0.647] 17
Started game 18 of 200 (opponent vs checkforge)
Finished game 18 (opponent vs checkforge): 1-0 {White mates}
Score of checkforge vs opponent: 5 - 1 - 12  [0.611] 18
Started game 19 of 200 (checkforge vs opponent)
Finished game 19 (checkforge vs opponent): 0-1 {Black mates}
Score of checkforge vs opponent: 5 - 2 - 12  [0.579] 19
Started game 20 of 200 (opponent vs checkforge)
Finished game 20 (opponent vs checkforge): 1/2-1/2 {Draw by 3-fold repetition}
Score of checkforge vs opponent: 5 - 2 - 13  [0.575] 20
Started game 21 of 200 (checkforge vs opponent)
Finished game 21 (checkforge vs opponent): 1/2-1/2 {Draw by 3-fold repetition}
Score of checkforge vs opponent: 5 - 2 - 14  [0.571] 21
Started game 22 of 200 (opponent vs checkforge)
Finished game 22 (opponent vs checkforge): 1-0 {White mates}
Score of checkforge vs opponent: 5 - 3 - 14  [0.545] 22
Started game 23 of 200 (checkforge vs opponent)
Finished game 23 (checkforge vs opponent): 1/2-1/2 {Draw by 3-fold repetition}
Score of checkforge vs opponent: 5 - 3 - 15  [0.543] 23
Started game 24 of 200 (opponent vs checkforge)
Finished game 24 (opponent vs checkforge): 1/2-1/2 {Draw by 3-fold repetition}
Score of checkforge vs opponent: 5 - 3 - 16  [0.542] 24
Started game 25 of 200 (checkforge vs opponent)
Finished game 25 (checkforge vs opponent): 1-0 {White mates}
Score of checkforge vs opponent: 6 - 3 - 16  [0.560] 25
Started game 26 of 200 (opponent vs checkforge)
Finished game 26 (opponent vs checkforge): 1/2-1/2 {Draw by 3-fold repetition}
Score of checkforge vs opponent: 6 - 3 - 17  [0.558] 26
Started game 27 of 200 (checkforge vs opponent)
Finished game 27 (checkforge vs opponent): 1-0 {White mates}
Score of checkforge vs opponent: 7 - 3 - 17  [0.574] 27
Started game 28 of 200 (opponent vs checkforge)
Finished game 28 (opponent vs checkforge): 1/2-1/2 {Draw by 3-fold repetition}
Score of checkforge vs opponent: 7 - 3 - 18  [0.571] 28
Started game 29 of 200 (checkforge vs opponent)
Finished game 29 (checkforge vs opponent): 0-1 {Black mates}
Score of checkforge vs opponent: 7 - 4 - 18  [0.552] 29
Started game 30 of 200 (opponent vs checkforge)
Finished game 30 (opponent vs checkforge): 1/2-1/2 {Draw by 3-fold repetition}
Score of checkforge vs opponent: 7 - 4 - 19  [0.550] 30
Started game 31 of 200 (checkforge vs opponent)
Finished game 31 (checkforge vs opponent): 1/2-1/2 {Draw by 3-fold repetition}
Score of checkforge vs opponent: 7 - 4 - 20  [0.548] 31
Started game 32 of 200 (opponent vs checkforge)
Finished game 32 (opponent vs checkforge): 1-0 {White mates}
Score of checkforge vs opponent: 7 - 5 - 20  [0.531] 32
Started game 33 of 200 (checkforge vs opponent)
Finished game 33 (checkforge vs opponent): 1/2-1/2 {Draw by 3-fold repetition}
Score of checkforge vs opponent: 7 - 5 - 21  [0.530] 33
Started game 34 of 200 (opponent vs checkforge)
Finished game 34 (opponent vs checkforge): 1/2-1/2 {Draw by 3-fold repetition}
Score of checkforge vs opponent: 7 - 5 - 22  [0.529] 34
Started game 35 of 200 (checkforge vs opponent)
Finished game 35 (checkforge vs opponent): 1-0 {White mates}
Score of checkforge vs opponent: 8 - 5 - 22  [0.543] 35
Started game 36 of 200 (opponent vs checkforge)
Finished game 36 (opponent vs checkforge): 1/2-1/2 {Draw by 3-fold repetition}
Score of checkforge vs opponent: 8 - 5 - 23  [0.542] 36
Started game 37 of 200 (checkforge vs opponent)
Finished game 37 (checkforge vs opponent): 1/2-1/2 {Draw by 3-fold repetition}
Score of checkforge vs opponent: 8 - 5 - 24  [0.541] 37
Started game 38 of 200 (opponent vs checkforge)
Finished game 38 (opponent vs checkforge): 1/2-1/2 {Draw by 3-fold repetition}
Score of checkforge vs opponent: 8 - 5 - 25  [0.539] 38
Started game 39 of 200 (checkforge vs opponent)
Finished game 39 (checkforge vs opponent): 1/2-1/2 {Draw by 3-fold repetition}
Score of checkforge vs opponent: 8 - 5 - 26  [0.538] 39
Started game 40 of 200 (opponent vs checkforge)
Finished game 40 (opponent vs checkforge): 1-0 {White mates}
Score of checkforge vs opponent: 8 - 6 - 26  [0.525] 40
Started game 41 of 200 (checkforge vs opponent)
Finished game 41 (checkforge vs opponent): 1/2-1/2 {Draw by stalemate}
Score of checkforge vs opponent: 8 - 6 - 27  [0.524] 41
Started game 42 of 200 (opponent vs checkforge)
Finished game 42 (opponent vs checkforge): 1/2-1/2 {Draw by 3-fold repetition}
Score of checkforge vs opponent: 8 - 6 - 28  [0.524] 42
Started game 43 of 200 (checkforge vs opponent)
Finished game 43 (checkforge vs opponent): 1-0 {White mates}
Score of checkforge vs opponent: 9 - 6 - 28  [0.535] 43
Started game 44 of 200 (opponent vs checkforge)
Finished game 44 (opponent vs checkforge): 1/2-1/2 {Draw by 3-fold repetition}
Score of checkforge vs opponent: 9 - 6 - 29  [0.534] 44
Started game 45 of 200 (checkforge vs opponent)
Finished game 45 (checkforge vs opponent): 1/2-1/2 {Draw by 3-fold repetition}
Score of checkforge vs opponent: 9 - 6 - 30  [0.533] 45
Started game 46 of 200 (opponent vs checkforge)
Finished game 46 (opponent vs checkforge): 1-0 {White mates}
Score of checkforge vs opponent: 9 - 7 - 30  [0.522] 46
Started game 47 of 200 (checkforge vs opponent)
Finished game 47 (checkforge vs opponent): 1/2-1/2 {Draw by 3-fold repetition}
Score of checkforge vs opponent: 9 - 7 - 31  [0.521] 47
Started game 48 of 200 (opponent vs checkforge)
Finished game 48 (opponent vs checkforge): 1/2-1/2 {Draw by 3-fold repetition}
Score of checkforge vs opponent: 9 - 7 - 32  [0.521] 48
Started game 49 of 200 (checkforge vs opponent)
Finished game 49 (checkforge vs opponent): 0-1 {Black mates}
Score of checkforge vs opponent: 9 - 8 - 32  [0.510] 49
Started game 50 of 200 (opponent vs checkforge)
Finished game 50 (opponent vs checkforge): 1/2-1/2 {Draw by 3-fold repetition}
Score of checkforge vs opponent: 9 - 8 - 33  [0.510] 50
Started game 51 of 200 (checkforge vs opponent)
Finished game 51 (checkforge vs opponent): 0-1 {Black mates}
Score of checkforge vs opponent: 9 - 9 - 33  [0.500] 51
Started game 52 of 200 (opponent vs checkforge)
Finished game 52 (opponent vs checkforge): 1/2-1/2 {Draw by 3-fold repetition}
Score of checkforge vs opponent: 9 - 9 - 34  [0.500] 52
Started game 53 of 200 (checkforge vs opponent)
Finished game 53 (checkforge vs opponent): 1/2-1/2 {Draw by 3-fold repetition}
Score of checkforge vs opponent: 9 - 9 - 35  [0.500] 53
Started game 54 of 200 (opponent vs checkforge)
Finished game 54 (opponent vs checkforge): 1/2-1/2 {Draw by 3-fold repetition}
Score of checkforge vs opponent: 9 - 9 - 36  [0.500] 54
Started game 55 of 200 (checkforge vs opponent)
Finished game 55 (checkforge vs opponent): 1/2-1/2 {Draw by 3-fold repetition}
Score of checkforge vs opponent: 9 - 9 - 37  [0.500] 55
Started game 56 of 200 (opponent vs checkforge)
Finished game 56 (opponent vs checkforge): 0-1 {Black mates}
Score of checkforge vs opponent: 10 - 9 - 37  [0.509] 56
Started game 57 of 200 (checkforge vs opponent)
Finished game 57 (checkforge vs opponent): 1-0 {White mates}
Score of checkforge vs opponent: 11 - 9 - 37  [0.518] 57
Started game 58 of 200 (opponent vs checkforge)
Finished game 58 (opponent vs checkforge): 1/2-1/2 {Draw by 3-fold repetition}
Score of checkforge vs opponent: 11 - 9 - 38  [0.517] 58
Started game 59 of 200 (checkforge vs opponent)
Finished game 59 (checkforge vs opponent): 1/2-1/2 {Draw by 3-fold repetition}
Score of checkforge vs opponent: 11 - 9 - 39  [0.517] 59
Started game 60 of 200 (opponent vs checkforge)
Finished game 60 (opponent vs checkforge): 0-1 {Black mates}
Score of checkforge vs opponent: 12 - 9 - 39  [0.525] 60
Started game 61 of 200 (checkforge vs opponent)
Finished game 61 (checkforge vs opponent): 1/2-1/2 {Draw by 3-fold repetition}
Score of checkforge vs opponent: 12 - 9 - 40  [0.525] 61
Started game 62 of 200 (opponent vs checkforge)
Finished game 62 (opponent vs checkforge): 1/2-1/2 {Draw by 3-fold repetition}
Score of checkforge vs opponent: 12 - 9 - 41  [0.524] 62
Started game 63 of 200 (checkforge vs opponent)
Finished game 63 (checkforge vs opponent): 1/2-1/2 {Draw by 3-fold repetition}
Score of checkforge vs opponent: 12 - 9 - 42  [0.524] 63
Started game 64 of 200 (opponent vs checkforge)
Finished game 64 (opponent vs checkforge): 1-0 {White mates}
Score of checkforge vs opponent: 12 - 10 - 42  [0.516] 64
Started game 65 of 200 (checkforge vs opponent)
Finished game 65 (checkforge vs opponent): 1/2-1/2 {Draw by 3-fold repetition}
Score of checkforge vs opponent: 12 - 10 - 43  [0.515] 65
Started game 66 of 200 (opponent vs checkforge)
Finished game 66 (opponent vs checkforge): 1/2-1/2 {Draw by 3-fold repetition}
Score of checkforge vs opponent: 12 - 10 - 44  [0.515] 66
Started game 67 of 200 (checkforge vs opponent)
Finished game 67 (checkforge vs opponent): 0-1 {Black mates}
Score of checkforge vs opponent: 12 - 11 - 44  [0.507] 67
Started game 68 of 200 (opponent vs checkforge)
Finished game 68 (opponent vs checkforge): 1/2-1/2 {Draw by 3-fold repetition}
Score of checkforge vs opponent: 12 - 11 - 45  [0.507] 68
Started game 69 of 200 (checkforge vs opponent)
Finished game 69 (checkforge vs opponent): 1/2-1/2 {Draw by 3-fold repetition}
Score of checkforge vs opponent: 12 - 11 - 46  [0.507] 69
Started game 70 of 200 (opponent vs checkforge)
Finished game 70 (opponent vs checkforge): 1-0 {White mates}
Score of checkforge vs opponent: 12 - 12 - 46  [0.500] 70
Started game 71 of 200 (checkforge vs opponent)
Finished game 71 (checkforge vs opponent): 1/2-1/2 {Draw by 3-fold repetition}
Score of checkforge vs opponent: 12 - 12 - 47  [0.500] 71
Started game 72 of 200 (opponent vs checkforge)
Finished game 72 (opponent vs checkforge): 1/2-1/2 {Draw by 3-fold repetition}
Score of checkforge vs opponent: 12 - 12 - 48  [0.500] 72
Started game 73 of 200 (checkforge vs opponent)
Finished game 73 (checkforge vs opponent): 1/2-1/2 {Draw by 3-fold repetition}
Score of checkforge vs opponent: 12 - 12 - 49  [0.500] 73
Started game 74 of 200 (opponent vs checkforge)
Finished game 74 (opponent vs checkforge): 1-0 {White mates}
Score of checkforge vs opponent: 12 - 13 - 49  [0.493] 74
Started game 75 of 200 (checkforge vs opponent)
Finished game 75 (checkforge vs opponent): 1/2-1/2 {Draw by 3-fold repetition}
Score of checkforge vs opponent: 12 - 13 - 50  [0.493] 75
Started game 76 of 200 (opponent vs checkforge)
Finished game 76 (opponent vs checkforge): 0-1 {Black mates}
Score of checkforge vs opponent: 13 - 13 - 50  [0.500] 76
Started game 77 of 200 (checkforge vs opponent)
Finished game 77 (checkforge vs opponent): 0-1 {Black mates}
Score of checkforge vs opponent: 13 - 14 - 50  [0.494] 77
Started game 78 of 200 (opponent vs checkforge)
Finished game 78 (opponent vs checkforge): 1/2-1/2 {Draw by 3-fold repetition}
Score of checkforge vs opponent: 13 - 14 - 51  [0.494] 78
Started game 79 of 200 (checkforge vs opponent)
Finished game 79 (checkforge vs opponent): 0-1 {Black mates}
Score of checkforge vs opponent: 13 - 15 - 51  [0.487] 79
Started game 80 of 200 (opponent vs checkforge)
Finished game 80 (opponent vs checkforge): 1/2-1/2 {Draw by 3-fold repetition}
Score of checkforge vs opponent: 13 - 15 - 52  [0.487] 80
Started game 81 of 200 (checkforge vs opponent)
Finished game 81 (checkforge vs opponent): 1/2-1/2 {Draw by 3-fold repetition}
Score of checkforge vs opponent: 13 - 15 - 53  [0.488] 81
Started game 82 of 200 (opponent vs checkforge)
Finished game 82 (opponent vs checkforge): 1/2-1/2 {Draw by 3-fold repetition}
Score of checkforge vs opponent: 13 - 15 - 54  [0.488] 82
Started game 83 of 200 (checkforge vs opponent)
Finished game 83 (checkforge vs opponent): 0-1 {Black mates}
Score of checkforge vs opponent: 13 - 16 - 54  [0.482] 83
Started game 84 of 200 (opponent vs checkforge)
Finished game 84 (opponent vs checkforge): 1/2-1/2 {Draw by 3-fold repetition}
Score of checkforge vs opponent: 13 - 16 - 55  [0.482] 84
Started game 85 of 200 (checkforge vs opponent)
Finished game 85 (checkforge vs opponent): 1/2-1/2 {Draw by 3-fold repetition}
Score of checkforge vs opponent: 13 - 16 - 56  [0.482] 85
Started game 86 of 200 (opponent vs checkforge)
Finished game 86 (opponent vs checkforge): 1/2-1/2 {Draw by 3-fold repetition}
Score of checkforge vs opponent: 13 - 16 - 57  [0.483] 86
Started game 87 of 200 (checkforge vs opponent)
Finished game 87 (checkforge vs opponent): 0-1 {Black mates}
Score of checkforge vs opponent: 13 - 17 - 57  [0.477] 87
Started game 88 of 200 (opponent vs checkforge)
Finished game 88 (opponent vs checkforge): 1-0 {White mates}
Score of checkforge vs opponent: 13 - 18 - 57  [0.472] 88
Started game 89 of 200 (checkforge vs opponent)
Finished game 89 (checkforge vs opponent): 1-0 {White mates}
Score of checkforge vs opponent: 14 - 18 - 57  [0.478] 89
Started game 90 of 200 (opponent vs checkforge)
Finished game 90 (opponent vs checkforge): 1/2-1/2 {Draw by 3-fold repetition}
Score of checkforge vs opponent: 14 - 18 - 58  [0.478] 90
Started game 91 of 200 (checkforge vs opponent)
Finished game 91 (checkforge vs opponent): 0-1 {Black mates}
Score of checkforge vs opponent: 14 - 19 - 58  [0.473] 91
Started game 92 of 200 (opponent vs checkforge)
Finished game 92 (opponent vs checkforge): 0-1 {Black mates}
Score of checkforge vs opponent: 15 - 19 - 58  [0.478] 92
Started game 93 of 200 (checkforge vs opponent)
Finished game 93 (checkforge vs opponent): 0-1 {Black mates}
Score of checkforge vs opponent: 15 - 20 - 58  [0.473] 93
Started game 94 of 200 (opponent vs checkforge)
Finished game 94 (opponent vs checkforge): 1-0 {White mates}
Score of checkforge vs opponent: 15 - 21 - 58  [0.468] 94
Started game 95 of 200 (checkforge vs opponent)
Finished game 95 (checkforge vs opponent): 1-0 {White mates}
Score of checkforge vs opponent: 16 - 21 - 58  [0.474] 95
Started game 96 of 200 (opponent vs checkforge)
Finished game 96 (opponent vs checkforge): 1/2-1/2 {Draw by 3-fold repetition}
Score of checkforge vs opponent: 16 - 21 - 59  [0.474] 96
Started game 97 of 200 (checkforge vs opponent)
Finished game 97 (checkforge vs opponent): 1/2-1/2 {Draw by insufficient mating material}
Score of checkforge vs opponent: 16 - 21 - 60  [0.474] 97
Started game 98 of 200 (opponent vs checkforge)
Finished game 98 (opponent vs checkforge): 1/2-1/2 {Draw by 3-fold repetition}
Score of checkforge vs opponent: 16 - 21 - 61  [0.474] 98
Started game 99 of 200 (checkforge vs opponent)
Finished game 99 (checkforge vs opponent): 1/2-1/2 {Draw by 3-fold repetition}
Score of checkforge vs opponent: 16 - 21 - 62  [0.475] 99
Started game 100 of 200 (opponent vs checkforge)
Finished game 100 (opponent vs checkforge): 1/2-1/2 {Draw by 3-fold repetition}
Score of checkforge vs opponent: 16 - 21 - 63  [0.475] 100
Started game 101 of 200 (checkforge vs opponent)
Finished game 101 (checkforge vs opponent): 1/2-1/2 {Draw by 3-fold repetition}
Score of checkforge vs opponent: 16 - 21 - 64  [0.475] 101
Started game 102 of 200 (opponent vs checkforge)
Finished game 102 (opponent vs checkforge): 1/2-1/2 {Draw by 3-fold repetition}
Score of checkforge vs opponent: 16 - 21 - 65  [0.475] 102
Started game 103 of 200 (checkforge vs opponent)
Finished game 103 (checkforge vs opponent): 1/2-1/2 {Draw by 3-fold repetition}
Score of checkforge vs opponent: 16 - 21 - 66  [0.476] 103
Started game 104 of 200 (opponent vs checkforge)
Finished game 104 (opponent vs checkforge): 1-0 {White mates}
Score of checkforge vs opponent: 16 - 22 - 66  [0.471] 104
Started game 105 of 200 (checkforge vs opponent)
Finished game 105 (checkforge vs opponent): 1-0 {White mates}
Score of checkforge vs opponent: 17 - 22 - 66  [0.476] 105
Started game 106 of 200 (opponent vs checkforge)
Finished game 106 (opponent vs checkforge): 1/2-1/2 {Draw by 3-fold repetition}
Score of checkforge vs opponent: 17 - 22 - 67  [0.476] 106
Started game 107 of 200 (checkforge vs opponent)
Finished game 107 (checkforge vs opponent): 1/2-1/2 {Draw by 3-fold repetition}
Score of checkforge vs opponent: 17 - 22 - 68  [0.477] 107
Started game 108 of 200 (opponent vs checkforge)
Finished game 108 (opponent vs checkforge): 1/2-1/2 {Draw by 3-fold repetition}
Score of checkforge vs opponent: 17 - 22 - 69  [0.477] 108
Started game 109 of 200 (checkforge vs opponent)
Finished game 109 (checkforge vs opponent): 1-0 {White mates}
Score of checkforge vs opponent: 18 - 22 - 69  [0.482] 109
Started game 110 of 200 (opponent vs checkforge)
Finished game 110 (opponent vs checkforge): 0-1 {Black mates}
Score of checkforge vs opponent: 19 - 22 - 69  [0.486] 110
Started game 111 of 200 (checkforge vs opponent)
Finished game 111 (checkforge vs opponent): 1/2-1/2 {Draw by 3-fold repetition}
Score of checkforge vs opponent: 19 - 22 - 70  [0.486] 111
Started game 112 of 200 (opponent vs checkforge)
Finished game 112 (opponent vs checkforge): 1-0 {White mates}
Score of checkforge vs opponent: 19 - 23 - 70  [0.482] 112
Started game 113 of 200 (checkforge vs opponent)
Finished game 113 (checkforge vs opponent): 1/2-1/2 {Draw by 3-fold repetition}
Score of checkforge vs opponent: 19 - 23 - 71  [0.482] 113
Started game 114 of 200 (opponent vs checkforge)
Finished game 114 (opponent vs checkforge): 1/2-1/2 {Draw by 3-fold repetition}
Score of checkforge vs opponent: 19 - 23 - 72  [0.482] 114
Started game 115 of 200 (checkforge vs opponent)
Finished game 115 (checkforge vs opponent): 1/2-1/2 {Draw by 3-fold repetition}
Score of checkforge vs opponent: 19 - 23 - 73  [0.483] 115
Started game 116 of 200 (opponent vs checkforge)
Finished game 116 (opponent vs checkforge): 1/2-1/2 {Draw by 3-fold repetition}
Score of checkforge vs opponent: 19 - 23 - 74  [0.483] 116
Started game 117 of 200 (checkforge vs opponent)
Finished game 117 (checkforge vs opponent): 1/2-1/2 {Draw by 3-fold repetition}
Score of checkforge vs opponent: 19 - 23 - 75  [0.483] 117
Started game 118 of 200 (opponent vs checkforge)
Finished game 118 (opponent vs checkforge): 1-0 {White mates}
Score of checkforge vs opponent: 19 - 24 - 75  [0.479] 118
Started game 119 of 200 (checkforge vs opponent)
Finished game 119 (checkforge vs opponent): 0-1 {Black mates}
Score of checkforge vs opponent: 19 - 25 - 75  [0.475] 119
Started game 120 of 200 (opponent vs checkforge)
Finished game 120 (opponent vs checkforge): 1/2-1/2 {Draw by 3-fold repetition}
Score of checkforge vs opponent: 19 - 25 - 76  [0.475] 120
Started game 121 of 200 (checkforge vs opponent)
Finished game 121 (checkforge vs opponent): 1/2-1/2 {Draw by 3-fold repetition}
Score of checkforge vs opponent: 19 - 25 - 77  [0.475] 121
Started game 122 of 200 (opponent vs checkforge)
Finished game 122 (opponent vs checkforge): 1/2-1/2 {Draw by 3-fold repetition}
Score of checkforge vs opponent: 19 - 25 - 78  [0.475] 122
Started game 123 of 200 (checkforge vs opponent)
Finished game 123 (checkforge vs opponent): 1/2-1/2 {Draw by 3-fold repetition}
Score of checkforge vs opponent: 19 - 25 - 79  [0.476] 123
Started game 124 of 200 (opponent vs checkforge)
Finished game 124 (opponent vs checkforge): 1/2-1/2 {Draw by 3-fold repetition}
Score of checkforge vs opponent: 19 - 25 - 80  [0.476] 124
Started game 125 of 200 (checkforge vs opponent)
Finished game 125 (checkforge vs opponent): 1/2-1/2 {Draw by 3-fold repetition}
Score of checkforge vs opponent: 19 - 25 - 81  [0.476] 125
Started game 126 of 200 (opponent vs checkforge)
Finished game 126 (opponent vs checkforge): 0-1 {Black mates}
Score of checkforge vs opponent: 20 - 25 - 81  [0.480] 126
Started game 127 of 200 (checkforge vs opponent)
Finished game 127 (checkforge vs opponent): 1-0 {White mates}
Score of checkforge vs opponent: 21 - 25 - 81  [0.484] 127
Started game 128 of 200 (opponent vs checkforge)
Finished game 128 (opponent vs checkforge): 1-0 {White mates}
Score of checkforge vs opponent: 21 - 26 - 81  [0.480] 128
Started game 129 of 200 (checkforge vs opponent)
Finished game 129 (checkforge vs opponent): 0-1 {Black mates}
Score of checkforge vs opponent: 21 - 27 - 81  [0.477] 129
Started game 130 of 200 (opponent vs checkforge)
Finished game 130 (opponent vs checkforge): 1/2-1/2 {Draw by 3-fold repetition}
Score of checkforge vs opponent: 21 - 27 - 82  [0.477] 130
Started game 131 of 200 (checkforge vs opponent)
Finished game 131 (checkforge vs opponent): 1-0 {White mates}
Score of checkforge vs opponent: 22 - 27 - 82  [0.481] 131
Started game 132 of 200 (opponent vs checkforge)
Finished game 132 (opponent vs checkforge): 0-1 {Black mates}
Score of checkforge vs opponent: 23 - 27 - 82  [0.485] 132
Started game 133 of 200 (checkforge vs opponent)
Finished game 133 (checkforge vs opponent): 1/2-1/2 {Draw by 3-fold repetition}
Score of checkforge vs opponent: 23 - 27 - 83  [0.485] 133
Started game 134 of 200 (opponent vs checkforge)
Finished game 134 (opponent vs checkforge): 1/2-1/2 {Draw by 3-fold repetition}
Score of checkforge vs opponent: 23 - 27 - 84  [0.485] 134
Started game 135 of 200 (checkforge vs opponent)
Finished game 135 (checkforge vs opponent): 1-0 {White mates}
Score of checkforge vs opponent: 24 - 27 - 84  [0.489] 135
Started game 136 of 200 (opponent vs checkforge)
Finished game 136 (opponent vs checkforge): 1/2-1/2 {Draw by 3-fold repetition}
Score of checkforge vs opponent: 24 - 27 - 85  [0.489] 136
Started game 137 of 200 (checkforge vs opponent)
Finished game 137 (checkforge vs opponent): 0-1 {Black mates}
Score of checkforge vs opponent: 24 - 28 - 85  [0.485] 137
Started game 138 of 200 (opponent vs checkforge)
Finished game 138 (opponent vs checkforge): 1/2-1/2 {Draw by insufficient mating material}
Score of checkforge vs opponent: 24 - 28 - 86  [0.486] 138
Started game 139 of 200 (checkforge vs opponent)
Finished game 139 (checkforge vs opponent): 1/2-1/2 {Draw by 3-fold repetition}
Score of checkforge vs opponent: 24 - 28 - 87  [0.486] 139
Started game 140 of 200 (opponent vs checkforge)
Finished game 140 (opponent vs checkforge): 1/2-1/2 {Draw by 3-fold repetition}
Score of checkforge vs opponent: 24 - 28 - 88  [0.486] 140
Started game 141 of 200 (checkforge vs opponent)
Finished game 141 (checkforge vs opponent): 1-0 {White mates}
Score of checkforge vs opponent: 25 - 28 - 88  [0.489] 141
Started game 142 of 200 (opponent vs checkforge)
Finished game 142 (opponent vs checkforge): 1-0 {White mates}
Score of checkforge vs opponent: 25 - 29 - 88  [0.486] 142
Started game 143 of 200 (checkforge vs opponent)
Finished game 143 (checkforge vs opponent): 1-0 {White mates}
Score of checkforge vs opponent: 26 - 29 - 88  [0.490] 143
Started game 144 of 200 (opponent vs checkforge)
Finished game 144 (opponent vs checkforge): 1/2-1/2 {Draw by 3-fold repetition}
Score of checkforge vs opponent: 26 - 29 - 89  [0.490] 144
Started game 145 of 200 (checkforge vs opponent)
Finished game 145 (checkforge vs opponent): 1-0 {White mates}
Score of checkforge vs opponent: 27 - 29 - 89  [0.493] 145
Started game 146 of 200 (opponent vs checkforge)
Finished game 146 (opponent vs checkforge): 0-1 {Black mates}
Score of checkforge vs opponent: 28 - 29 - 89  [0.497] 146
Started game 147 of 200 (checkforge vs opponent)
Finished game 147 (checkforge vs opponent): 1/2-1/2 {Draw by 3-fold repetition}
Score of checkforge vs opponent: 28 - 29 - 90  [0.497] 147
Started game 148 of 200 (opponent vs checkforge)
Finished game 148 (opponent vs checkforge): 0-1 {Black mates}
Score of checkforge vs opponent: 29 - 29 - 90  [0.500] 148
Started game 149 of 200 (checkforge vs opponent)
Finished game 149 (checkforge vs opponent): 0-1 {Black mates}
Score of checkforge vs opponent: 29 - 30 - 90  [0.497] 149
Started game 150 of 200 (opponent vs checkforge)
Finished game 150 (opponent vs checkforge): 1/2-1/2 {Draw by 3-fold repetition}
Score of checkforge vs opponent: 29 - 30 - 91  [0.497] 150
Started game 151 of 200 (checkforge vs opponent)
Finished game 151 (checkforge vs opponent): 1-0 {White mates}
Score of checkforge vs opponent: 30 - 30 - 91  [0.500] 151
Started game 152 of 200 (opponent vs checkforge)
Finished game 152 (opponent vs checkforge): 1/2-1/2 {Draw by 3-fold repetition}
Score of checkforge vs opponent: 30 - 30 - 92  [0.500] 152
Started game 153 of 200 (checkforge vs opponent)
Finished game 153 (checkforge vs opponent): 1/2-1/2 {Draw by 3-fold repetition}
Score of checkforge vs opponent: 30 - 30 - 93  [0.500] 153
Started game 154 of 200 (opponent vs checkforge)
Finished game 154 (opponent vs checkforge): 1/2-1/2 {Draw by 3-fold repetition}
Score of checkforge vs opponent: 30 - 30 - 94  [0.500] 154
Started game 155 of 200 (checkforge vs opponent)
Finished game 155 (checkforge vs opponent): 1/2-1/2 {Draw by 3-fold repetition}
Score of checkforge vs opponent: 30 - 30 - 95  [0.500] 155
Started game 156 of 200 (opponent vs checkforge)
Finished game 156 (opponent vs checkforge): 1-0 {White mates}
Score of checkforge vs opponent: 30 - 31 - 95  [0.497] 156
Started game 157 of 200 (checkforge vs opponent)
Finished game 157 (checkforge vs opponent): 1/2-1/2 {Draw by 3-fold repetition}
Score of checkforge vs opponent: 30 - 31 - 96  [0.497] 157
Started game 158 of 200 (opponent vs checkforge)
Finished game 158 (opponent vs checkforge): 1-0 {White mates}
Score of checkforge vs opponent: 30 - 32 - 96  [0.494] 158
Started game 159 of 200 (checkforge vs opponent)
Finished game 159 (checkforge vs opponent): 1-0 {White mates}
Score of checkforge vs opponent: 31 - 32 - 96  [0.497] 159
Started game 160 of 200 (opponent vs checkforge)
Finished game 160 (opponent vs checkforge): 1/2-1/2 {Draw by 3-fold repetition}
Score of checkforge vs opponent: 31 - 32 - 97  [0.497] 160
Started game 161 of 200 (checkforge vs opponent)
Finished game 161 (checkforge vs opponent): 1-0 {White mates}
Score of checkforge vs opponent: 32 - 32 - 97  [0.500] 161
Started game 162 of 200 (opponent vs checkforge)
Finished game 162 (opponent vs checkforge): 1/2-1/2 {Draw by 3-fold repetition}
Score of checkforge vs opponent: 32 - 32 - 98  [0.500] 162
Started game 163 of 200 (checkforge vs opponent)
Finished game 163 (checkforge vs opponent): 0-1 {Black mates}
Score of checkforge vs opponent: 32 - 33 - 98  [0.497] 163
Started game 164 of 200 (opponent vs checkforge)
Finished game 164 (opponent vs checkforge): 1/2-1/2 {Draw by 3-fold repetition}
Score of checkforge vs opponent: 32 - 33 - 99  [0.497] 164
Started game 165 of 200 (checkforge vs opponent)
Finished game 165 (checkforge vs opponent): 1/2-1/2 {Draw by 3-fold repetition}
Score of checkforge vs opponent: 32 - 33 - 100  [0.497] 165
Started game 166 of 200 (opponent vs checkforge)
Finished game 166 (opponent vs checkforge): 1/2-1/2 {Draw by 3-fold repetition}
Score of checkforge vs opponent: 32 - 33 - 101  [0.497] 166
Started game 167 of 200 (checkforge vs opponent)
Finished game 167 (checkforge vs opponent): 0-1 {Black mates}
Score of checkforge vs opponent: 32 - 34 - 101  [0.494] 167
Started game 168 of 200 (opponent vs checkforge)
Finished game 168 (opponent vs checkforge): 1/2-1/2 {Draw by 3-fold repetition}
Score of checkforge vs opponent: 32 - 34 - 102  [0.494] 168
Started game 169 of 200 (checkforge vs opponent)
Finished game 169 (checkforge vs opponent): 1/2-1/2 {Draw by 3-fold repetition}
Score of checkforge vs opponent: 32 - 34 - 103  [0.494] 169
Started game 170 of 200 (opponent vs checkforge)
Finished game 170 (opponent vs checkforge): 1-0 {White mates}
Score of checkforge vs opponent: 32 - 35 - 103  [0.491] 170
Started game 171 of 200 (checkforge vs opponent)
Finished game 171 (checkforge vs opponent): 1/2-1/2 {Draw by 3-fold repetition}
Score of checkforge vs opponent: 32 - 35 - 104  [0.491] 171
Started game 172 of 200 (opponent vs checkforge)
Finished game 172 (opponent vs checkforge): 1/2-1/2 {Draw by 3-fold repetition}
Score of checkforge vs opponent: 32 - 35 - 105  [0.491] 172
Started game 173 of 200 (checkforge vs opponent)
Finished game 173 (checkforge vs opponent): 1/2-1/2 {Draw by 3-fold repetition}
Score of checkforge vs opponent: 32 - 35 - 106  [0.491] 173
Started game 174 of 200 (opponent vs checkforge)
Finished game 174 (opponent vs checkforge): 1/2-1/2 {Draw by 3-fold repetition}
Score of checkforge vs opponent: 32 - 35 - 107  [0.491] 174
Started game 175 of 200 (checkforge vs opponent)
Finished game 175 (checkforge vs opponent): 1-0 {White mates}
Score of checkforge vs opponent: 33 - 35 - 107  [0.494] 175
Started game 176 of 200 (opponent vs checkforge)
Finished game 176 (opponent vs checkforge): 0-1 {Black mates}
Score of checkforge vs opponent: 34 - 35 - 107  [0.497] 176
Started game 177 of 200 (checkforge vs opponent)
Finished game 177 (checkforge vs opponent): 1/2-1/2 {Draw by 3-fold repetition}
Score of checkforge vs opponent: 34 - 35 - 108  [0.497] 177
Started game 178 of 200 (opponent vs checkforge)
Finished game 178 (opponent vs checkforge): 1/2-1/2 {Draw by 3-fold repetition}
Score of checkforge vs opponent: 34 - 35 - 109  [0.497] 178
Started game 179 of 200 (checkforge vs opponent)
Finished game 179 (checkforge vs opponent): 0-1 {Black mates}
Score of checkforge vs opponent: 34 - 36 - 109  [0.494] 179
Started game 180 of 200 (opponent vs checkforge)
Finished game 180 (opponent vs checkforge): 1/2-1/2 {Draw by 3-fold repetition}
Score of checkforge vs opponent: 34 - 36 - 110  [0.494] 180
Started game 181 of 200 (checkforge vs opponent)
Finished game 181 (checkforge vs opponent): 0-1 {Black mates}
Score of checkforge vs opponent: 34 - 37 - 110  [0.492] 181
Started game 182 of 200 (opponent vs checkforge)
Finished game 182 (opponent vs checkforge): 1/2-1/2 {Draw by 3-fold repetition}
Score of checkforge vs opponent: 34 - 37 - 111  [0.492] 182
Started game 183 of 200 (checkforge vs opponent)
Finished game 183 (checkforge vs opponent): 1-0 {White mates}
Score of checkforge vs opponent: 35 - 37 - 111  [0.495] 183
Started game 184 of 200 (opponent vs checkforge)
Finished game 184 (opponent vs checkforge): 1-0 {White mates}
Score of checkforge vs opponent: 35 - 38 - 111  [0.492] 184
Started game 185 of 200 (checkforge vs opponent)
Finished game 185 (checkforge vs opponent): 1/2-1/2 {Draw by 3-fold repetition}
Score of checkforge vs opponent: 35 - 38 - 112  [0.492] 185
Started game 186 of 200 (opponent vs checkforge)
Finished game 186 (opponent vs checkforge): 1/2-1/2 {Draw by 3-fold repetition}
Score of checkforge vs opponent: 35 - 38 - 113  [0.492] 186
Started game 187 of 200 (checkforge vs opponent)
Finished game 187 (checkforge vs opponent): 1/2-1/2 {Draw by 3-fold repetition}
Score of checkforge vs opponent: 35 - 38 - 114  [0.492] 187
Started game 188 of 200 (opponent vs checkforge)
Finished game 188 (opponent vs checkforge): 1-0 {White mates}
Score of checkforge vs opponent: 35 - 39 - 114  [0.489] 188
Started game 189 of 200 (checkforge vs opponent)
Finished game 189 (checkforge vs opponent): 1/2-1/2 {Draw by 3-fold repetition}
Score of checkforge vs opponent: 35 - 39 - 115  [0.489] 189
Started game 190 of 200 (opponent vs checkforge)
Finished game 190 (opponent vs checkforge): 1/2-1/2 {Draw by 3-fold repetition}
Score of checkforge vs opponent: 35 - 39 - 116  [0.489] 190
Started game 191 of 200 (checkforge vs opponent)
Finished game 191 (checkforge vs opponent): 0-1 {Black mates}
Score of checkforge vs opponent: 35 - 40 - 116  [0.487] 191
Started game 192 of 200 (opponent vs checkforge)
Finished game 192 (opponent vs checkforge): 1-0 {White mates}
Score of checkforge vs opponent: 35 - 41 - 116  [0.484] 192
Started game 193 of 200 (checkforge vs opponent)
Finished game 193 (checkforge vs opponent): 1/2-1/2 {Draw by 3-fold repetition}
Score of checkforge vs opponent: 35 - 41 - 117  [0.484] 193
Started game 194 of 200 (opponent vs checkforge)
Finished game 194 (opponent vs checkforge): 1/2-1/2 {Draw by insufficient mating material}
Score of checkforge vs opponent: 35 - 41 - 118  [0.485] 194
Started game 195 of 200 (checkforge vs opponent)
Finished game 195 (checkforge vs opponent): 1/2-1/2 {Draw by 3-fold repetition}
Score of checkforge vs opponent: 35 - 41 - 119  [0.485] 195
Started game 196 of 200 (opponent vs checkforge)
Finished game 196 (opponent vs checkforge): 1/2-1/2 {Draw by 3-fold repetition}
Score of checkforge vs opponent: 35 - 41 - 120  [0.485] 196
Started game 197 of 200 (checkforge vs opponent)
Finished game 197 (checkforge vs opponent): 1-0 {White mates}
Score of checkforge vs opponent: 36 - 41 - 120  [0.487] 197
Started game 198 of 200 (opponent vs checkforge)
Finished game 198 (opponent vs checkforge): 1/2-1/2 {Draw by 3-fold repetition}
Score of checkforge vs opponent: 36 - 41 - 121  [0.487] 198
Started game 199 of 200 (checkforge vs opponent)
Finished game 199 (checkforge vs opponent): 0-1 {Black mates}
Score of checkforge vs opponent: 36 - 42 - 121  [0.485] 199
Started game 200 of 200 (opponent vs checkforge)
Finished game 200 (opponent vs checkforge): 0-1 {Black mates}
Score of checkforge vs opponent: 37 - 42 - 121  [0.487] 200
...      checkforge playing White: 24 - 21 - 55  [0.515] 100
...      checkforge playing Black: 13 - 21 - 66  [0.460] 100
...      White vs Black: 45 - 34 - 121  [0.527] 200
Elo difference: -8.7 +/- 30.3, LOS: 28.7 %, DrawRatio: 60.5 %
SPRT: llr 0 (0.0%), lbound -inf, ubound inf

Player: checkforge
   "Draw by 3-fold repetition": 116
   "Draw by insufficient mating material": 4
   "Draw by stalemate": 1
   "Loss: Black mates": 21
   "Loss: White mates": 21
   "Win: Black mates": 13
   "Win: White mates": 24
Player: opponent
   "Draw by 3-fold repetition": 116
   "Draw by insufficient mating material": 4
   "Draw by stalemate": 1
   "Loss: Black mates": 13
   "Loss: White mates": 24
   "Win: Black mates": 21
   "Win: White mates": 21
Finished match
