Indexing opening suite...
Started game 1 of 200 (checkforge vs opponent)
Finished game 1 (checkforge vs opponent): 1-0 {White mates}
Score of checkforge vs opponent: 1 - 0 - 0  [1.000] 1
Started game 2 of 200 (opponent vs checkforge)
Finished game 2 (opponent vs checkforge): 1/2-1/2 {Draw by 3-fold repetition}
Score of checkforge vs opponent: 1 - 0 - 1  [0.750] 2
Started game 3 of 200 (checkforge vs opponent)
Finished game 3 (checkforge vs opponent): 1-0 {White mates}
Score of checkforge vs opponent: 2 - 0 - 1  [0.833] 3
Started game 4 of 200 (opponent vs checkforge)
Finished game 4 (opponent vs checkforge): 0-1 {Black mates}
Score of checkforge vs opponent: 3 - 0 - 1  [0.875] 4
Started game 5 of 200 (checkforge vs opponent)
Finished game 5 (checkforge vs opponent): 1/2-1/2 {Draw by 3-fold repetition}
Score of checkforge vs opponent: 3 - 0 - 2  [0.800] 5
Started game 6 of 200 (opponent vs checkforge)
Finished game 6 (opponent vs checkforge): 0-1 {Black mates}
Score of checkforge vs opponent: 4 - 0 - 2  [0.833] 6
Started game 7 of 200 (checkforge vs opponent)
Finished game 7 (checkforge vs opponent): 1/2-1/2 {Draw by 3-fold repetition}
Score of checkforge vs opponent: 4 - 0 - 3  [0.786] 7
Started game 8 of 200 (opponent vs checkforge)
Finished game 8 (opponent vs checkforge): 0-1 {Black mates}
Score of checkforge vs opponent: 5 - 0 - 3  [0.813] 8
Started game 9 of 200 (checkforge vs opponent)
Finished game 9 (checkforge vs opponent): 0-1 {Black mates}
Score of checkforge vs opponent: 5 - 1 - 3  [0.722] 9
Started game 10 of 200 (opponent vs checkforge)
Finished game 10 (opponent vs checkforge): 1-0 {White mates}
Score of checkforge vs opponent: 5 - 2 - 3  [0.650] 10
Started game 11 of 200 (checkforge vs opponent)
Finished game 11 (checkforge vs opponent): 1/2-1/2 {Draw by 3-fold repetition}
Score of checkforge vs opponent: 5 - 2 - 4  [0.636] 11
Started game 12 of 200 (opponent vs checkforge)
Finished game 12 (opponent vs checkforge): 1-0 {White mates}
Score of checkforge vs opponent: 5 - 3 - 4  [0.583] 12
Started game 13 of 200 (checkforge vs opponent)
Finished game 13 (checkforge vs opponent): 1/2-1/2 {Draw by 3-fold repetition}
Score of checkforge vs opponent: 5 - 3 - 5  [0.577] 13
Started game 14 of 200 (opponent vs checkforge)
Finished game 14 (opponent vs checkforge): 1-0 {White mates}
Score of checkforge vs opponent: 5 - 4 - 5  [0.536] 14
Started game 15 of 200 (checkforge vs opponent)
Finished game 15 (checkforge vs opponent): 1/2-1/2 {Draw by 3-fold repetition}
Score of checkforge vs opponent: 5 - 4 - 6  [0.533] 15
Started game 16 of 200 (opponent vs checkforge)
Finished game 16 (opponent vs checkforge): 0-1 {Black mates}
Score of checkforge vs opponent: 6 - 4 - 6  [0.563] 16
Started game 17 of 200 (checkforge vs opponent)
Finished game 17 (checkforge vs opponent): 1-0 {White mates}
Score of checkforge vs opponent: 7 - 4 - 6  [0.588] 17
Started game 18 of 200 (opponent vs checkforge)
Finished game 18 (opponent vs checkforge): 0-1 {Black mates}
Score of checkforge vs opponent: 8 - 4 - 6  [0.611] 18
Started game 19 of 200 (checkforge vs opponent)
Finished game 19 (checkforge vs opponent): 1-0 {White mates}
Score of checkforge vs opponent: 9 - 4 - 6  [0.632] 19
Started game 20 of 200 (opponent vs checkforge)
Finished game 20 (opponent vs checkforge): 1/2-1/2 {Draw by 3-fold repetition}
Score of checkforge vs opponent: 9 - 4 - 7  [0.625] 20
Started game 21 of 200 (checkforge vs opponent)
Finished game 21 (checkforge vs opponent): 1/2-1/2 {Draw by 3-fold repetition}
Score of checkforge vs opponent: 9 - 4 - 8  [0.619] 21
Started game 22 of 200 (opponent vs checkforge)
Finished game 22 (opponent vs checkforge): 1/2-1/2 {Draw by 3-fold repetition}
Score of checkforge vs opponent: 9 - 4 - 9  [0.614] 22
Started game 23 of 200 (checkforge vs opponent)
Finished game 23 (checkforge vs opponent): 1-0 {White mates}
Score of checkforge vs opponent: 10 - 4 - 9  [0.630] 23
Started game 24 of 200 (opponent vs checkforge)
Finished game 24 (opponent vs checkforge): 1/2-1/2 {Draw by 3-fold repetition}
Score of checkforge vs opponent: 10 - 4 - 10  [0.625] 24
Started game 25 of 200 (checkforge vs opponent)
Finished game 25 (checkforge vs opponent): 1/2-1/2 {Draw by 3-fold repetition}
Score of checkforge vs opponent: 10 - 4 - 11  [0.620] 25
Started game 26 of 200 (opponent vs checkforge)
Finished game 26 (opponent vs checkforge): 1-0 {White mates}
Score of checkforge vs opponent: 10 - 5 - 11  [0.596] 26
Started game 27 of 200 (checkforge vs opponent)
Finished game 27 (checkforge vs opponent): 1/2-1/2 {Draw by 3-fold repetition}
Score of checkforge vs opponent: 10 - 5 - 12  [0.593] 27
Started game 28 of 200 (opponent vs checkforge)
Finished game 28 (opponent vs checkforge): 1/2-1/2 {Draw by 3-fold repetition}
Score of checkforge vs opponent: 10 - 5 - 13  [0.589] 28
Started game 29 of 200 (checkforge vs opponent)
Finished game 29 (checkforge vs opponent): 1-0 {White mates}
Score of checkforge vs opponent: 11 - 5 - 13  [0.603] 29
Started game 30 of 200 (opponent vs checkforge)
Finished game 30 (opponent vs checkforge): 0-1 {Black mates}
Score of checkforge vs opponent: 12 - 5 - 13  [0.617] 30
Started game 31 of 200 (checkforge vs opponent)
Finished game 31 (checkforge vs opponent): 1-0 {White mates}
Score of checkforge vs opponent: 13 - 5 - 13  [0.629] 31
Started game 32 of 200 (opponent vs checkforge)
Finished game 32 (opponent vs checkforge): 1-0 {White mates}
Score of checkforge vs opponent: 13 - 6 - 13  [0.609] 32
Started game 33 of 200 (checkforge vs opponent)
Finished game 33 (checkforge vs opponent): 0-1 {Black mates}
Score of checkforge vs opponent: 13 - 7 - 13  [0.591] 33
Started game 34 of 200 (opponent vs checkforge)
Finished game 34 (opponent vs checkforge): 1/2-1/2 {Draw by 3-fold repetition}
Score of checkforge vs opponent: 13 - 7 - 14  [0.588] 34
Started game 35 of 200 (checkforge vs opponent)
Finished game 35 (checkforge vs opponent): 1-0 {White mates}
Score of checkforge vs opponent: 14 - 7 - 14  [0.600] 35
Started game 36 of 200 (opponent vs checkforge)
Finished game 36 (opponent vs checkforge): 0-1 {Black mates}
Score of checkforge vs opponent: 15 - 7 - 14  [0.611] 36
Started game 37 of 200 (checkforge vs opponent)
Finished game 37 (checkforge vs opponent): 1-0 {White mates}
Score of checkforge vs opponent: 16 - 7 - 14  [0.622] 37
Started game 38 of 200 (opponent vs checkforge)
Finished game 38 (opponent vs checkforge): 1/2-1/2 {Draw by 3-fold repetition}
Score of checkforge vs opponent: 16 - 7 - 15  [0.618] 38
Started game 39 of 200 (checkforge vs opponent)
Finished game 39 (checkforge vs opponent): 1/2-1/2 {Draw by 3-fold repetition}
Score of checkforge vs opponent: 16 - 7 - 16  [0.615] 39
Started game 40 of 200 (opponent vs checkforge)
Finished game 40 (opponent vs checkforge): 0-1 {Black mates}
Score of checkforge vs opponent: 17 - 7 - 16  [0.625] 40
Started game 41 of 200 (checkforge vs opponent)
Finished game 41 (checkforge vs opponent): 1-0 {White mates}
Score of checkforge vs opponent: 18 - 7 - 16  [0.634] 41
Started game 42 of 200 (opponent vs checkforge)
Finished game 42 (opponent vs checkforge): 1-0 {White mates}
Score of checkforge vs opponent: 18 - 8 - 16  [0.619] 42
Started game 43 of 200 (checkforge vs opponent)
Finished game 43 (checkforge vs opponent): 1/2-1/2 {Draw by 3-fold repetition}
Score of checkforge vs opponent: 18 - 8 - 17  [0.616] 43
Started game 44 of 200 (opponent vs checkforge)
Finished game 44 (opponent vs checkforge): 1/2-1/2 {Draw by 3-fold repetition}
Score of checkforge vs opponent: 18 - 8 - 18  [0.614] 44
Started game 45 of 200 (checkforge vs opponent)
Finished game 45 (checkforge vs opponent): 1-0 {White mates}
Score of checkforge vs opponent: 19 - 8 - 18  [0.622] 45
Started game 46 of 200 (opponent vs checkforge)
Finished game 46 (opponent vs checkforge): 0-1 {Black mates}
Score of checkforge vs opponent: 20 - 8 - 18  [0.630] 46
Started game 47 of 200 (checkforge vs opponent)
Finished game 47 (checkforge vs opponent): 1-0 {White mates}
Score of checkforge vs opponent: 21 - 8 - 18  [0.638] 47
Started game 48 of 200 (opponent vs checkforge)
Finished game 48 (opponent vs checkforge): 0-1 {Black mates}
Score of checkforge vs opponent: 22 - 8 - 18  [0.646] 48
Started game 49 of 200 (checkforge vs opponent)
Finished game 49 (checkforge vs opponent): 1-0 {White mates}
Score of checkforge vs opponent: 23 - 8 - 18  [0.653] 49
Started game 50 of 200 (opponent vs checkforge)
Finished game 50 (opponent vs checkforge): 1-0 {White mates}
Score of checkforge vs opponent: 23 - 9 - 18  [0.640] 50
Started game 51 of 200 (checkforge vs opponent)
Finished game 51 (checkforge vs opponent): 0-1 {Black mates}
Score of checkforge vs opponent: 23 - 10 - 18  [0.627] 51
Started game 52 of 200 (opponent vs checkforge)
Finished game 52 (opponent vs checkforge): 1/2-1/2 {Draw by 3-fold repetition}
Score of checkforge vs opponent: 23 - 10 - 19  [0.625] 52
Started game 53 of 200 (checkforge vs opponent)
Finished game 53 (checkforge vs opponent): 1/2-1/2 {Draw by 3-fold repetition}
Score of checkforge vs opponent: 23 - 10 - 20  [0.623] 53
Started game 54 of 200 (opponent vs checkforge)
Finished game 54 (opponent vs checkforge): 0-1 {Black mates}
Score of checkforge vs opponent: 24 - 10 - 20  [0.630] 54
Started game 55 of 200 (checkforge vs opponent)
Finished game 55 (checkforge vs opponent): 1-0 {White mates}
Score of checkforge vs opponent: 25 - 10 - 20  [0.636] 55
Started game 56 of 200 (opponent vs checkforge)
Finished game 56 (opponent vs checkforge): 0-1 {Black mates}
Score of checkforge vs opponent: 26 - 10 - 20  [0.643] 56
Started game 57 of 200 (checkforge vs opponent)
Finished game 57 (checkforge vs opponent): 0-1 {Black mates}
Score of checkforge vs opponent: 26 - 11 - 20  [0.632] 57
Started game 58 of 200 (opponent vs checkforge)
Finished game 58 (opponent vs checkforge): 1/2-1/2 {Draw by 3-fold repetition}
Score of checkforge vs opponent: 26 - 11 - 21  [0.629] 58
Started game 59 of 200 (checkforge vs opponent)
Finished game 59 (checkforge vs opponent): 1-0 {White mates}
Score of checkforge vs opponent: 27 - 11 - 21  [0.636] 59
Started game 60 of 200 (opponent vs checkforge)
Finished game 60 (opponent vs checkforge): 0-1 {Black mates}
Score of checkforge vs opponent: 28 - 11 - 21  [0.642] 60
Started game 61 of 200 (checkforge vs opponent)
Finished game 61 (checkforge vs opponent): 1/2-1/2 {Draw by 3-fold repetition}
Score of checkforge vs opponent: 28 - 11 - 22  [0.639] 61
Started game 62 of 200 (opponent vs checkforge)
Finished game 62 (opponent vs checkforge): 1/2-1/2 {Draw by 3-fold repetition}
Score of checkforge vs opponent: 28 - 11 - 23  [0.637] 62
Started game 63 of 200 (checkforge vs opponent)
Finished game 63 (checkforge vs opponent): 1/2-1/2 {Draw by 3-fold repetition}
Score of checkforge vs opponent: 28 - 11 - 24  [0.635] 63
Started game 64 of 200 (opponent vs checkforge)
Finished game 64 (opponent vs checkforge): 0-1 {Black mates}
Score of checkforge vs opponent: 29 - 11 - 24  [0.641] 64
Started game 65 of 200 (checkforge vs opponent)
Finished game 65 (checkforge vs opponent): 1-0 {White mates}
Score of checkforge vs opponent: 30 - 11 - 24  [0.646] 65
Started game 66 of 200 (opponent vs checkforge)
Finished game 66 (opponent vs checkforge): 1-0 {White mates}
Score of checkforge vs opponent: 30 - 12 - 24  [0.636] 66
Started game 67 of 200 (checkforge vs opponent)
Finished game 67 (checkforge vs opponent): 1/2-1/2 {Draw by 3-fold repetition}
Score of checkforge vs opponent: 30 - 12 - 25  [0.634] 67
Started game 68 of 200 (opponent vs checkforge)
Finished game 68 (opponent vs checkforge): 1/2-1/2 {Draw by 3-fold repetition}
Score of checkforge vs opponent: 30 - 12 - 26  [0.632] 68
Started game 69 of 200 (checkforge vs opponent)
Finished game 69 (checkforge vs opponent): 1-0 {White mates}
Score of checkforge vs opponent: 31 - 12 - 26  [0.638] 69
Started game 70 of 200 (opponent vs checkforge)
Finished game 70 (opponent vs checkforge): 0-1 {Black mates}
Score of checkforge vs opponent: 32 - 12 - 26  [0.643] 70
Started game 71 of 200 (checkforge vs opponent)
Finished game 71 (checkforge vs opponent): 1-0 {White mates}
Score of checkforge vs opponent: 33 - 12 - 26  [0.648] 71
Started game 72 of 200 (opponent vs checkforge)
Finished game 72 (opponent vs checkforge): 1-0 {White mates}
Score of checkforge vs opponent: 33 - 13 - 26  [0.639] 72
Started game 73 of 200 (checkforge vs opponent)
Finished game 73 (checkforge vs opponent): 1-0 {White mates}
Score of checkforge vs opponent: 34 - 13 - 26  [0.644] 73
Started game 74 of 200 (opponent vs checkforge)
Finished game 74 (opponent vs checkforge): 1-0 {White mates}
Score of checkforge vs opponent: 34 - 14 - 26  [0.635] 74
Started game 75 of 200 (checkforge vs opponent)
Finished game 75 (checkforge vs opponent): 1/2-1/2 {Draw by 3-fold repetition}
Score of checkforge vs opponent: 34 - 14 - 27  [0.633] 75
Started game 76 of 200 (opponent vs checkforge)
Finished game 76 (opponent vs checkforge): 0-1 {Black mates}
Score of checkforge vs opponent: 35 - 14 - 27  [0.638] 76
Started game 77 of 200 (checkforge vs opponent)
Finished game 77 (checkforge vs opponent): 1/2-1/2 {Draw by 3-fold repetition}
Score of checkforge vs opponent: 35 - 14 - 28  [0.636] 77
Started game 78 of 200 (opponent vs checkforge)
Finished game 78 (opponent vs checkforge): 1-0 {White mates}
Score of checkforge vs opponent: 35 - 15 - 28  [0.628] 78
Started game 79 of 200 (checkforge vs opponent)
Finished game 79 (checkforge vs opponent): 1-0 {White mates}
Score of checkforge vs opponent: 36 - 15 - 28  [0.633] 79
Started game 80 of 200 (opponent vs checkforge)
Finished game 80 (opponent vs checkforge): 1-0 {White mates}
Score of checkforge vs opponent: 36 - 16 - 28  [0.625] 80
Started game 81 of 200 (checkforge vs opponent)
Finished game 81 (checkforge vs opponent): 0-1 {Black mates}
Score of checkforge vs opponent: 36 - 17 - 28  [0.617] 81
Started game 82 of 200 (opponent vs checkforge)
Finished game 82 (opponent vs checkforge): 1/2-1/2 {Draw by 3-fold repetition}
Score of checkforge vs opponent: 36 - 17 - 29  [0.616] 82
Started game 83 of 200 (checkforge vs opponent)
Finished game 83 (checkforge vs opponent): 1-0 {White mates}
Score of checkforge vs opponent: 37 - 17 - 29  [0.620] 83
Started game 84 of 200 (opponent vs checkforge)
Finished game 84 (opponent vs checkforge): 1/2-1/2 {Draw by 3-fold repetition}
Score of checkforge vs opponent: 37 - 17 - 30  [0.619] 84
Started game 85 of 200 (checkforge vs opponent)
Finished game 85 (checkforge vs opponent): 1/2-1/2 {Draw by 3-fold repetition}
Score of checkforge vs opponent: 37 - 17 - 31  [0.618] 85
Started game 86 of 200 (opponent vs checkforge)
Finished game 86 (opponent vs checkforge): 1/2-1/2 {Draw by 3-fold repetition}
Score of checkforge vs opponent: 37 - 17 - 32  [0.616] 86
Started game 87 of 200 (checkforge vs opponent)
Finished game 87 (checkforge vs opponent): 1/2-1/2 {Draw by 3-fold repetition}
Score of checkforge vs opponent: 37 - 17 - 33  [0.615] 87
Started game 88 of 200 (opponent vs checkforge)
Finished game 88 (opponent vs checkforge): 0-1 {Black mates}
Score of checkforge vs opponent: 38 - 17 - 33  [0.619] 88
Started game 89 of 200 (checkforge vs opponent)
Finished game 89 (checkforge vs opponent): 1/2-1/2 {Draw by 3-fold repetition}
Score of checkforge vs opponent: 38 - 17 - 34  [0.618] 89
Started game 90 of 200 (opponent vs checkforge)
Finished game 90 (opponent vs checkforge): 1-0 {White mates}
Score of checkforge vs opponent: 38 - 18 - 34  [0.611] 90
Started game 91 of 200 (checkforge vs opponent)
Finished game 91 (checkforge vs opponent): 1/2-1/2 {Draw by 3-fold repetition}
Score of checkforge vs opponent: 38 - 18 - 35  [0.610] 91
Started game 92 of 200 (opponent vs checkforge)
Finished game 92 (opponent vs checkforge): 1/2-1/2 {Draw by 3-fold repetition}
Score of checkforge vs opponent: 38 - 18 - 36  [0.609] 92
Started game 93 of 200 (checkforge vs opponent)
Finished game 93 (checkforge vs opponent): 1/2-1/2 {Draw by 3-fold repetition}
Score of checkforge vs opponent: 38 - 18 - 37  [0.608] 93
Started game 94 of 200 (opponent vs checkforge)
Finished game 94 (opponent vs checkforge): 0-1 {Black mates}
Score of checkforge vs opponent: 39 - 18 - 37  [0.612] 94
Started game 95 of 200 (checkforge vs opponent)
Finished game 95 (checkforge vs opponent): 1-0 {White mates}
Score of checkforge vs opponent: 40 - 18 - 37  [0.616] 95
Started game 96 of 200 (opponent vs checkforge)
Finished game 96 (opponent vs checkforge): 1-0 {White mates}
Score of checkforge vs opponent: 40 - 19 - 37  [0.609] 96
Started game 97 of 200 (checkforge vs opponent)
Finished game 97 (checkforge vs opponent): 1/2-1/2 {Draw by 3-fold repetition}
Score of checkforge vs opponent: 40 - 19 - 38  [0.608] 97
Started game 98 of 200 (opponent vs checkforge)
Finished game 98 (opponent vs checkforge): 0-1 {Black mates}
Score of checkforge vs opponent: 41 - 19 - 38  [0.612] 98
Started game 99 of 200 (checkforge vs opponent)
Finished game 99 (checkforge vs opponent): 1/2-1/2 {Draw by 3-fold repetition}
Score of checkforge vs opponent: 41 - 19 - 39  [0.611] 99
Started game 100 of 200 (opponent vs checkforge)
Finished game 100 (opponent vs checkforge): 1/2-1/2 {Draw by 3-fold repetition}
Score of checkforge vs opponent: 41 - 19 - 40  [0.610] 100
Started game 101 of 200 (checkforge vs opponent)
Finished game 101 (checkforge vs opponent): 1/2-1/2 {Draw by 3-fold repetition}
Score of checkforge vs opponent: 41 - 19 - 41  [0.609] 101
Started game 102 of 200 (opponent vs checkforge)
Finished game 102 (opponent vs checkforge): 1-0 {White mates}
Score of checkforge vs opponent: 41 - 20 - 41  [0.603] 102
Started game 103 of 200 (checkforge vs opponent)
Finished game 103 (checkforge vs opponent): 1-0 {White mates}
Score of checkforge vs opponent: 42 - 20 - 41  [0.607] 103
Started game 104 of 200 (opponent vs checkforge)
Finished game 104 (opponent vs checkforge): 1-0 {White mates}
Score of checkforge vs opponent: 42 - 21 - 41  [0.601] 104
Started game 105 of 200 (checkforge vs opponent)
Finished game 105 (checkforge vs opponent): 0-1 {Black mates}
Score of checkforge vs opponent: 42 - 22 - 41  [0.595] 105
Started game 106 of 200 (opponent vs checkforge)
Finished game 106 (opponent vs checkforge): 0-1 {Black mates}
Score of checkforge vs opponent: 43 - 22 - 41  [0.599] 106
Started game 107 of 200 (checkforge vs opponent)
Finished game 107 (checkforge vs opponent): 1-0 {White mates}
Score of checkforge vs opponent: 44 - 22 - 41  [0.603] 107
Started game 108 of 200 (opponent vs checkforge)
Finished game 108 (opponent vs checkforge): 1/2-1/2 {Draw by insufficient mating material}
Score of checkforge vs opponent: 44 - 22 - 42  [0.602] 108
Started game 109 of 200 (checkforge vs opponent)
Finished game 109 (checkforge vs opponent): 0-1 {Black mates}
Score of checkforge vs opponent: 44 - 23 - 42  [0.596] 109
Started game 110 of 200 (opponent vs checkforge)
Finished game 110 (opponent vs checkforge): 1/2-1/2 {Draw by 3-fold repetition}
Score of checkforge vs opponent: 44 - 23 - 43  [0.595] 110
Started game 111 of 200 (checkforge vs opponent)
Finished game 111 (checkforge vs opponent): 1/2-1/2 {Draw by 3-fold repetition}
Score of checkforge vs opponent: 44 - 23 - 44  [0.595] 111
Started game 112 of 200 (opponent vs checkforge)
Finished game 112 (opponent vs checkforge): 1/2-1/2 {Draw by 3-fold repetition}
Score of checkforge vs opponent: 44 - 23 - 45  [0.594] 112
Started game 113 of 200 (checkforge vs opponent)
Finished game 113 (checkforge vs opponent): 1-0 {White mates}
Score of checkforge vs opponent: 45 - 23 - 45  [0.597] 113
Started game 114 of 200 (opponent vs checkforge)
Finished game 114 (opponent vs checkforge): 1-0 {White mates}
Score of checkforge vs opponent: 45 - 24 - 45  [0.592] 114
Started game 115 of 200 (checkforge vs opponent)
Finished game 115 (checkforge vs opponent): 1/2-1/2 {Draw by 3-fold repetition}
Score of checkforge vs opponent: 45 - 24 - 46  [0.591] 115
Started game 116 of 200 (opponent vs checkforge)
Finished game 116 (opponent vs checkforge): 1/2-1/2 {Draw by 3-fold repetition}
Score of checkforge vs opponent: 45 - 24 - 47  [0.591] 116
Started game 117 of 200 (checkforge vs opponent)
Finished game 117 (checkforge vs opponent): 1/2-1/2 {Draw by 3-fold repetition}
Score of checkforge vs opponent: 45 - 24 - 48  [0.590] 117
Started game 118 of 200 (opponent vs checkforge)
Finished game 118 (opponent vs checkforge): 0-1 {Black mates}
Score of checkforge vs opponent: 46 - 24 - 48  [0.593] 118
Started game 119 of 200 (checkforge vs opponent)
Finished game 119 (checkforge vs opponent): 1-0 {White mates}
Score of checkforge vs opponent: 47 - 24 - 48  [0.597] 119
Started game 120 of 200 (opponent vs checkforge)
Finished game 120 (opponent vs checkforge): 1/2-1/2 {Draw by 3-fold repetition}
Score of checkforge vs opponent: 47 - 24 - 49  [0.596] 120
Started game 121 of 200 (checkforge vs opponent)
Finished game 121 (checkforge vs opponent): 1-0 {White mates}
Score of checkforge vs opponent: 48 - 24 - 49  [0.599] 121
Started game 122 of 200 (opponent vs checkforge)
Finished game 122 (opponent vs checkforge): 1-0 {White mates}
Score of checkforge vs opponent: 48 - 25 - 49  [0.594] 122
Started game 123 of 200 (checkforge vs opponent)
Finished game 123 (checkforge vs opponent): 1-0 {White mates}
Score of checkforge vs opponent: 49 - 25 - 49  [0.598] 123
Started game 124 of 200 (opponent vs checkforge)
Finished game 124 (opponent vs checkforge): 0-1 {Black mates}
Score of checkforge vs opponent: 50 - 25 - 49  [0.601] 124
Started game 125 of 200 (checkforge vs opponent)
Finished game 125 (checkforge vs opponent): 1/2-1/2 {Draw by 3-fold repetition}
Score of checkforge vs opponent: 50 - 25 - 50  [0.600] 125
Started game 126 of 200 (opponent vs checkforge)
Finished game 126 (opponent vs checkforge): 1-0 {White mates}
Score of checkforge vs opponent: 50 - 26 - 50  [0.595] 126
Started game 127 of 200 (checkforge vs opponent)
Finished game 127 (checkforge vs opponent): 1-0 {White mates}
Score of checkforge vs opponent: 51 - 26 - 50  [0.598] 127
Started game 128 of 200 (opponent vs checkforge)
Finished game 128 (opponent vs checkforge): 1-0 {White mates}
Score of checkforge vs opponent: 51 - 27 - 50  [0.594] 128
Started game 129 of 200 (checkforge vs opponent)
Finished game 129 (checkforge vs opponent): 0-1 {Black mates}
Score of checkforge vs opponent: 51 - 28 - 50  [0.589] 129
Started game 130 of 200 (opponent vs checkforge)
Finished game 130 (opponent vs checkforge): 1/2-1/2 {Draw by 3-fold repetition}
Score of checkforge vs opponent: 51 - 28 - 51  [0.588] 130
Started game 131 of 200 (checkforge vs opponent)
Finished game 131 (checkforge vs opponent): 1-0 {White mates}
Score of checkforge vs opponent: 52 - 28 - 51  [0.592] 131
Started game 132 of 200 (opponent vs checkforge)
Finished game 132 (opponent vs checkforge): 1-0 {White mates}
Score of checkforge vs opponent: 52 - 29 - 51  [0.587] 132
Started game 133 of 200 (checkforge vs opponent)
Finished game 133 (checkforge vs opponent): 0-1 {Black mates}
Score of checkforge vs opponent: 52 - 30 - 51  [0.583] 133
Started game 134 of 200 (opponent vs checkforge)
Finished game 134 (opponent vs checkforge): 1/2-1/2 {Draw by 3-fold repetition}
Score of checkforge vs opponent: 52 - 30 - 52  [0.582] 134
Started game 135 of 200 (checkforge vs opponent)
Finished game 135 (checkforge vs opponent): 1/2-1/2 {Draw by 3-fold repetition}
Score of checkforge vs opponent: 52 - 30 - 53  [0.581] 135
Started game 136 of 200 (opponent vs checkforge)
Finished game 136 (opponent vs checkforge): 0-1 {Black mates}
Score of checkforge vs opponent: 53 - 30 - 53  [0.585] 136
Started game 137 of 200 (checkforge vs opponent)
Finished game 137 (checkforge vs opponent): 1-0 {White mates}
Score of checkforge vs opponent: 54 - 30 - 53  [0.588] 137
Started game 138 of 200 (opponent vs checkforge)
Finished game 138 (opponent vs checkforge): 1-0 {White mates}
Score of checkforge vs opponent: 54 - 31 - 53  [0.583] 138
Started game 139 of 200 (checkforge vs opponent)
Finished game 139 (checkforge vs opponent): 1/2-1/2 {Draw by 3-fold repetition}
Score of checkforge vs opponent: 54 - 31 - 54  [0.583] 139
Started game 140 of 200 (opponent vs checkforge)
Finished game 140 (opponent vs checkforge): 1/2-1/2 {Draw by 3-fold repetition}
Score of checkforge vs opponent: 54 - 31 - 55  [0.582] 140
Started game 141 of 200 (checkforge vs opponent)
Finished game 141 (checkforge vs opponent): 1/2-1/2 {Draw by 3-fold repetition}
Score of checkforge vs opponent: 54 - 31 - 56  [0.582] 141
Started game 142 of 200 (opponent vs checkforge)
Finished game 142 (opponent vs checkforge): 1/2-1/2 {Draw by 3-fold repetition}
Score of checkforge vs opponent: 54 - 31 - 57  [0.581] 142
Started game 143 of 200 (checkforge vs opponent)
Finished game 143 (checkforge vs opponent): 1-0 {White mates}
Score of checkforge vs opponent: 55 - 31 - 57  [0.584] 143
Started game 144 of 200 (opponent vs checkforge)
Finished game 144 (opponent vs checkforge): 1/2-1/2 {Draw by 3-fold repetition}
Score of checkforge vs opponent: 55 - 31 - 58  [0.583] 144
Started game 145 of 200 (checkforge vs opponent)
Finished game 145 (checkforge vs opponent): 1-0 {White mates}
Score of checkforge vs opponent: 56 - 31 - 58  [0.586] 145
Started game 146 of 200 (opponent vs checkforge)
Finished game 146 (opponent vs checkforge): 1-0 {White mates}
Score of checkforge vs opponent: 56 - 32 - 58  [0.582] 146
Started game 147 of 200 (checkforge vs opponent)
Finished game 147 (checkforge vs opponent): 1-0 {White mates}
Score of checkforge vs opponent: 57 - 32 - 58  [0.585] 147
Started game 148 of 200 (opponent vs checkforge)
Finished game 148 (opponent vs checkforge): 1/2-1/2 {Draw by 3-fold repetition}
Score of checkforge vs opponent: 57 - 32 - 59  [0.584] 148
Started game 149 of 200 (checkforge vs opponent)
Finished game 149 (checkforge vs opponent): 1/2-1/2 {Draw by 3-fold repetition}
Score of checkforge vs opponent: 57 - 32 - 60  [0.584] 149
Started game 150 of 200 (opponent vs checkforge)
Finished game 150 (opponent vs checkforge): 1-0 {White mates}
Score of checkforge vs opponent: 57 - 33 - 60  [0.580] 150
Started game 151 of 200 (checkforge vs opponent)
Finished game 151 (checkforge vs opponent): 1-0 {White mates}
Score of checkforge vs opponent: 58 - 33 - 60  [0.583] 151
Started game 152 of 200 (opponent vs checkforge)
Finished game 152 (opponent vs checkforge): 1-0 {White mates}
Score of checkforge vs opponent: 58 - 34 - 60  [0.579] 152
Started game 153 of 200 (checkforge vs opponent)
Finished game 153 (checkforge vs opponent): 0-1 {Black mates}
Score of checkforge vs opponent: 58 - 35 - 60  [0.575] 153
Started game 154 of 200 (opponent vs checkforge)
Finished game 154 (opponent vs checkforge): 1/2-1/2 {Draw by 3-fold repetition}
Score of checkforge vs opponent: 58 - 35 - 61  [0.575] 154
Started game 155 of 200 (checkforge vs opponent)
Finished game 155 (checkforge vs opponent): 1-0 {White mates}
Score of checkforge vs opponent: 59 - 35 - 61  [0.577] 155
Started game 156 of 200 (opponent vs checkforge)
Finished game 156 (opponent vs checkforge): 1/2-1/2 {Draw by insufficient mating material}
Score of checkforge vs opponent: 59 - 35 - 62  [0.577] 156
Started game 157 of 200 (checkforge vs opponent)
Finished game 157 (checkforge vs opponent): 0-1 {Black mates}
Score of checkforge vs opponent: 59 - 36 - 62  [0.573] 157
Started game 158 of 200 (opponent vs checkforge)
Finished game 158 (opponent vs checkforge): 1/2-1/2 {Draw by 3-fold repetition}
Score of checkforge vs opponent: 59 - 36 - 63  [0.573] 158
Started game 159 of 200 (checkforge vs opponent)
Finished game 159 (checkforge vs opponent): 1/2-1/2 {Draw by 3-fold repetition}
Score of checkforge vs opponent: 59 - 36 - 64  [0.572] 159
Started game 160 of 200 (opponent vs checkforge)
Finished game 160 (opponent vs checkforge): 0-1 {Black mates}
Score of checkforge vs opponent: 60 - 36 - 64  [0.575] 160
Started game 161 of 200 (checkforge vs opponent)
Finished game 161 (checkforge vs opponent): 1/2-1/2 {Draw by 3-fold repetition}
Score of checkforge vs opponent: 60 - 36 - 65  [0.575] 161
Started game 162 of 200 (opponent vs checkforge)
Finished game 162 (opponent vs checkforge): 1-0 {White mates}
Score of checkforge vs opponent: 60 - 37 - 65  [0.571] 162
Started game 163 of 200 (checkforge vs opponent)
Finished game 163 (checkforge vs opponent): 1-0 {White mates}
Score of checkforge vs opponent: 61 - 37 - 65  [0.574] 163
Started game 164 of 200 (opponent vs checkforge)
Finished game 164 (opponent vs checkforge): 1/2-1/2 {Draw by 3-fold repetition}
Score of checkforge vs opponent: 61 - 37 - 66  [0.573] 164
Started game 165 of 200 (checkforge vs opponent)
Finished game 165 (checkforge vs opponent): 1/2-1/2 {Draw by 3-fold repetition}
Score of checkforge vs opponent: 61 - 37 - 67  [0.573] 165
Started game 166 of 200 (opponent vs checkforge)
Finished game 166 (opponent vs checkforge): 0-1 {Black mates}
Score of checkforge vs opponent: 62 - 37 - 67  [0.575] 166
Started game 167 of 200 (checkforge vs opponent)
Finished game 167 (checkforge vs opponent): 1-0 {White mates}
Score of checkforge vs opponent: 63 - 37 - 67  [0.578] 167
Started game 168 of 200 (opponent vs checkforge)
Finished game 168 (opponent vs checkforge): 1-0 {White mates}
Score of checkforge vs opponent: 63 - 38 - 67  [0.574] 168
Started game 169 of 200 (checkforge vs opponent)
Finished game 169 (checkforge vs opponent): 1-0 {White mates}
Score of checkforge vs opponent: 64 - 38 - 67  [0.577] 169
Started game 170 of 200 (opponent vs checkforge)
Finished game 170 (opponent vs checkforge): 1-0 {White mates}
Score of checkforge vs opponent: 64 - 39 - 67  [0.574] 170
Started game 171 of 200 (checkforge vs opponent)
Finished game 171 (checkforge vs opponent): 1/2-1/2 {Draw by 3-fold repetition}
Score of checkforge vs opponent: 64 - 39 - 68  [0.573] 171
Started game 172 of 200 (opponent vs checkforge)
Finished game 172 (opponent vs checkforge): 1/2-1/2 {Draw by 3-fold repetition}
Score of checkforge vs opponent: 64 - 39 - 69  [0.573] 172
Started game 173 of 200 (checkforge vs opponent)
Finished game 173 (checkforge vs opponent): 1/2-1/2 {Draw by 3-fold repetition}
Score of checkforge vs opponent: 64 - 39 - 70  [0.572] 173
Started game 174 of 200 (opponent vs checkforge)
Finished game 174 (opponent vs checkforge): 1-0 {White mates}
Score of checkforge vs opponent: 64 - 40 - 70  [0.569] 174
Started game 175 of 200 (checkforge vs opponent)
Finished game 175 (checkforge vs opponent): 1-0 {White mates}
Score of checkforge vs opponent: 65 - 40 - 70  [0.571] 175
Started game 176 of 200 (opponent vs checkforge)
Finished game 176 (opponent vs checkforge): 1-0 {White mates}
Score of checkforge vs opponent: 65 - 41 - 70  [0.568] 176
Started game 177 of 200 (checkforge vs opponent)
Finished game 177 (checkforge vs opponent): 0-1 {Black mates}
Score of checkforge vs opponent: 65 - 42 - 70  [0.565] 177
Started game 178 of 200 (opponent vs checkforge)
Finished game 178 (opponent vs checkforge): 1/2-1/2 {Draw by 3-fold repetition}
Score of checkforge vs opponent: 65 - 42 - 71  [0.565] 178
Started game 179 of 200 (checkforge vs opponent)
Finished game 179 (checkforge vs opponent): 1-0 {White mates}
Score of checkforge vs opponent: 66 - 42 - 71  [0.567] 179
Started game 180 of 200 (opponent vs checkforge)
Finished game 180 (opponent vs checkforge): 1/2-1/2 {Draw by insufficient mating material}
Score of checkforge vs opponent: 66 - 42 - 72  [0.567] 180
Started game 181 of 200 (checkforge vs opponent)
Finished game 181 (checkforge vs opponent): 0-1 {Black mates}
Score of checkforge vs opponent: 66 - 43 - 72  [0.564] 181
Started game 182 of 200 (opponent vs checkforge)
Finished game 182 (opponent vs checkforge): 1/2-1/2 {Draw by 3-fold repetition}
Score of checkforge vs opponent: 66 - 43 - 73  [0.563] 182
Started game 183 of 200 (checkforge vs opponent)
Finished game 183 (checkforge vs opponent): 1/2-1/2 {Draw by 3-fold repetition}
Score of checkforge vs opponent: 66 - 43 - 74  [0.563] 183
Started game 184 of 200 (opponent vs checkforge)
Finished game 184 (opponent vs checkforge): 1/2-1/2 {Draw by 3-fold repetition}
Score of checkforge vs opponent: 66 - 43 - 75  [0.563] 184
Started game 185 of 200 (checkforge vs opponent)
Finished game 185 (checkforge vs opponent): 1-0 {White mates}
Score of checkforge vs opponent: 67 - 43 - 75  [0.565] 185
Started game 186 of 200 (opponent vs checkforge)
Finished game 186 (opponent vs checkforge): 1-0 {White mates}
Score of checkforge vs opponent: 67 - 44 - 75  [0.562] 186
Started game 187 of 200 (checkforge vs opponent)
Finished game 187 (checkforge vs opponent): 1-0 {White mates}
Score of checkforge vs opponent: 68 - 44 - 75  [0.564] 187
Started game 188 of 200 (opponent vs checkforge)
Finished game 188 (opponent vs checkforge): 1/2-1/2 {Draw by 3-fold repetition}
Score of checkforge vs opponent: 68 - 44 - 76  [0.564] 188
Started game 189 of 200 (checkforge vs opponent)
Finished game 189 (checkforge vs opponent): 1/2-1/2 {Draw by 3-fold repetition}
Score of checkforge vs opponent: 68 - 44 - 77  [0.563] 189
Started game 190 of 200 (opponent vs checkforge)
Finished game 190 (opponent vs checkforge): 0-1 {Black mates}
Score of checkforge vs opponent: 69 - 44 - 77  [0.566] 190
Started game 191 of 200 (checkforge vs opponent)
Finished game 191 (checkforge vs opponent): 1-0 {White mates}
Score of checkforge vs opponent: 70 - 44 - 77  [0.568] 191
Started game 192 of 200 (opponent vs checkforge)
Finished game 192 (opponent vs checkforge): 1/2-1/2 {Draw by 3-fold repetition}
Score of checkforge vs opponent: 70 - 44 - 78  [0.568] 192
Started game 193 of 200 (checkforge vs opponent)
Finished game 193 (checkforge vs opponent): 1-0 {White mates}
Score of checkforge vs opponent: 71 - 44 - 78  [0.570] 193
Started game 194 of 200 (opponent vs checkforge)
Finished game 194 (opponent vs checkforge): 1-0 {White mates}
Score of checkforge vs opponent: 71 - 45 - 78  [0.567] 194
Started game 195 of 200 (checkforge vs opponent)
Finished game 195 (checkforge vs opponent): 1/2-1/2 {Draw by 3-fold repetition}
Score of checkforge vs opponent: 71 - 45 - 79  [0.567] 195
Started game 196 of 200 (opponent vs checkforge)
Finished game 196 (opponent vs checkforge): 1/2-1/2 {Draw by 3-fold repetition}
Score of checkforge vs opponent: 71 - 45 - 80  [0.566] 196
Started game 197 of 200 (checkforge vs opponent)
Finished game 197 (checkforge vs opponent): 1/2-1/2 {Draw by 3-fold repetition}
Score of checkforge vs opponent: 71 - 45 - 81  [0.566] 197
Started game 198 of 200 (opponent vs checkforge)
Finished game 198 (opponent vs checkforge): 1-0 {White mates}
Score of checkforge vs opponent: 71 - 46 - 81  [0.563] 198
Started game 199 of 200 (checkforge vs opponent)
Finished game 199 (checkforge vs opponent): 1/2-1/2 {Draw by 3-fold repetition}
Score of checkforge vs opponent: 71 - 46 - 82  [0.563] 199
Started game 200 of 200 (opponent vs checkforge)
Finished game 200 (opponent vs checkforge): 1-0 {White mates}
Score of checkforge vs opponent: 71 - 47 - 82  [0.560] 200
...      checkforge playing White: 45 - 13 - 42  [0.660] 100
...      checkforge playing Black: 26 - 34 - 40  [0.460] 100
...      White vs Black: 79 - 39 - 82  [0.600] 200
Elo difference: 41.9 +/- 37.2, LOS: 98.6 %, DrawRatio: 41.0 %
SPRT: llr 0 (0.0%), lbound -inf, ubound inf

Player: checkforge
   "Draw by 3-fold repetition": 79
   "Draw by insufficient mating material": 3
   "Loss: Black mates": 13
   "Loss: White mates": 34
   "Win: Black mates": 26
   "Win: White mates": 45
Player: opponent
   "Draw by 3-fold repetition": 79
   "Draw by insufficient mating material": 3
   "Loss: Black mates": 26
   "Loss: White mates": 45
   "Win: Black mates": 13
   "Win: White mates": 34
Finished match
