Indexing opening suite...
Started game 1 of 200 (checkforge vs opponent)
Finished game 1 (checkforge vs opponent): 0-1 {Black mates}
Score of checkforge vs opponent: 0 - 1 - 0  [0.000] 1
Started game 2 of 200 (opponent vs checkforge)
Finished game 2 (opponent vs checkforge): 1-0 {White mates}
Score of checkforge vs opponent: 0 - 2 - 0  [0.000] 2
Started game 3 of 200 (checkforge vs opponent)
Finished game 3 (checkforge vs opponent): 1/2-1/2 {Draw by 3-fold repetition}
Score of checkforge vs opponent: 0 - 2 - 1  [0.167] 3
Started game 4 of 200 (opponent vs checkforge)
Finished game 4 (opponent vs checkforge): 1-0 {White mates}
Score of checkforge vs opponent: 0 - 3 - 1  [0.125] 4
Started game 5 of 200 (checkforge vs opponent)
Finished game 5 (checkforge vs opponent): 1-0 {White mates}
Score of checkforge vs opponent: 1 - 3 - 1  [0.300] 5
Started game 6 of 200 (opponent vs checkforge)
Finished game 6 (opponent vs checkforge): 0-1 {Black mates}
Score of checkforge vs opponent: 2 - 3 - 1  [0.417] 6
Started game 7 of 200 (checkforge vs opponent)
Finished game 7 (checkforge vs opponent): 1/2-1/2 {Draw by 3-fold repetition}
Score of checkforge vs opponent: 2 - 3 - 2  [0.429] 7
Started game 8 of 200 (opponent vs checkforge)
Finished game 8 (opponent vs checkforge): 1-0 {White mates}
Score of checkforge vs opponent: 2 - 4 - 2  [0.375] 8
Started game 9 of 200 (checkforge vs opponent)
Finished game 9 (checkforge vs opponent): 1/2-1/2 {Draw by 3-fold repetition}
Score of checkforge vs opponent: 2 - 4 - 3  [0.389] 9
Started game 10 of 200 (opponent vs checkforge)
Finished game 10 (opponent vs checkforge): 1/2-1/2 {Draw by 3-fold repetition}
Score of checkforge vs opponent: 2 - 4 - 4  [0.400] 10
Started game 11 of 200 (checkforge vs opponent)
Finished game 11 (checkforge vs opponent): 1/2-1/2 {Draw by 3-fold repetition}
Score of checkforge vs opponent: 2 - 4 - 5  [0.409] 11
Started game 12 of 200 (opponent vs checkforge)
Finished game 12 (opponent vs checkforge): 1/2-1/2 {Draw by 3-fold repetition}
Score of checkforge vs opponent: 2 - 4 - 6  [0.417] 12
Started game 13 of 200 (checkforge vs opponent)
Finished game 13 (checkforge vs opponent): 1-0 {White mates}
Score of checkforge vs opponent: 3 - 4 - 6  [0.462] 13
Started game 14 of 200 (opponent vs checkforge)
Finished game 14 (opponent vs checkforge): 1/2-1/2 {Draw by 3-fold repetition}
Score of checkforge vs opponent: 3 - 4 - 7  [0.464] 14
Started game 15 of 200 (checkforge vs opponent)
Finished game 15 (checkforge vs opponent): 1/2-1/2 {Draw by 3-fold repetition}
Score of checkforge vs opponent: 3 - 4 - 8  [0.467] 15
Started game 16 of 200 (opponent vs checkforge)
Finished game 16 (opponent vs checkforge): 1/2-1/2 {Draw by 3-fold repetition}
Score of checkforge vs opponent: 3 - 4 - 9  [0.469] 16
Started game 17 of 200 (checkforge vs opponent)
Finished game 17 (checkforge vs opponent): 1/2-1/2 {Draw by 3-fold repetition}
Score of checkforge vs opponent: 3 - 4 - 10  [0.471] 17
Started game 18 of 200 (opponent vs checkforge)
Finished game 18 (opponent vs checkforge): 1/2-1/2 {Draw by 3-fold repetition}
Score of checkforge vs opponent: 3 - 4 - 11  [0.472] 18
Started game 19 of 200 (checkforge vs opponent)
Finished game 19 (checkforge vs opponent): 1-0 {White mates}
Score of checkforge vs opponent: 4 - 4 - 11  [0.500] 19
Started game 20 of 200 (opponent vs checkforge)
Finished game 20 (opponent vs checkforge): 1/2-1/2 {Draw by 3-fold repetition}
Score of checkforge vs opponent: 4 - 4 - 12  [0.500] 20
Started game 21 of 200 (checkforge vs opponent)
Finished game 21 (checkforge vs opponent): 1/2-1/2 {Draw by 3-fold repetition}
Score of checkforge vs opponent: 4 - 4 - 13  [0.500] 21
Started game 22 of 200 (opponent vs checkforge)
Finished game 22 (opponent vs checkforge): 1/2-1/2 {Draw by 3-fold repetition}
Score of checkforge vs opponent: 4 - 4 - 14  [0.500] 22
Started game 23 of 200 (checkforge vs opponent)
Finished game 23 (checkforge vs opponent): 1/2-1/2 {Draw by 3-fold repetition}
Score of checkforge vs opponent: 4 - 4 - 15  [0.500] 23
Started game 24 of 200 (opponent vs checkforge)
Finished game 24 (opponent vs checkforge): 1/2-1/2 {Draw by 3-fold repetition}
Score of checkforge vs opponent: 4 - 4 - 16  [0.500] 24
Started game 25 of 200 (checkforge vs opponent)
Finished game 25 (checkforge vs opponent): 0-1 {Black mates}
Score of checkforge vs opponent: 4 - 5 - 16  [0.480] 25
Started game 26 of 200 (opponent vs checkforge)
Finished game 26 (opponent vs checkforge): 1/2-1/2 {Draw by 3-fold repetition}
Score of checkforge vs opponent: 4 - 5 - 17  [0.481] 26
Started game 27 of 200 (checkforge vs opponent)
Finished game 27 (checkforge vs opponent): 1-0 {White mates}
Score of checkforge vs opponent: 5 - 5 - 17  [0.500] 27
Started game 28 of 200 (opponent vs checkforge)
Finished game 28 (opponent vs checkforge): 1/2-1/2 {Draw by 3-fold repetition}
Score of checkforge vs opponent: 5 - 5 - 18  [0.500] 28
Started game 29 of 200 (checkforge vs opponent)
Finished game 29 (checkforge vs opponent): 1/2-1/2 {Draw by 3-fold repetition}
Score of checkforge vs opponent: 5 - 5 - 19  [0.500] 29
Started game 30 of 200 (opponent vs checkforge)
Finished game 30 (opponent vs checkforge): 1/2-1/2 {Draw by 3-fold repetition}
Score of checkforge vs opponent: 5 - 5 - 20  [0.500] 30
Started game 31 of 200 (checkforge vs opponent)
Finished game 31 (checkforge vs opponent): 1/2-1/2 {Draw by 3-fold repetition}
Score of checkforge vs opponent: 5 - 5 - 21  [0.500] 31
Started game 32 of 200 (opponent vs checkforge)
Finished game 32 (opponent vs checkforge): 1/2-1/2 {Draw by 3-fold repetition}
Score of checkforge vs opponent: 5 - 5 - 22  [0.500] 32
Started game 33 of 200 (checkforge vs opponent)
Finished game 33 (checkforge vs opponent): 1/2-1/2 {Draw by 3-fold repetition}
Score of checkforge vs opponent: 5 - 5 - 23  [0.500] 33
Started game 34 of 200 (opponent vs checkforge)
Finished game 34 (opponent vs checkforge): 0-1 {Black mates}
Score of checkforge vs opponent: 6 - 5 - 23  [0.515] 34
Started game 35 of 200 (checkforge vs opponent)
Finished game 35 (checkforge vs opponent): 1-0 {White mates}
Score of checkforge vs opponent: 7 - 5 - 23  [0.529] 35
Started game 36 of 200 (opponent vs checkforge)
Finished game 36 (opponent vs checkforge): 1/2-1/2 {Draw by 3-fold repetition}
Score of checkforge vs opponent: 7 - 5 - 24  [0.528] 36
Started game 37 of 200 (checkforge vs opponent)
Finished game 37 (checkforge vs opponent): 1-0 {White mates}
Score of checkforge vs opponent: 8 - 5 - 24  [0.541] 37
Started game 38 of 200 (opponent vs checkforge)
Finished game 38 (opponent vs checkforge): 1/2-1/2 {Draw by 3-fold repetition}
Score of checkforge vs opponent: 8 - 5 - 25  [0.539] 38
Started game 39 of 200 (checkforge vs opponent)
Finished game 39 (checkforge vs opponent): 1/2-1/2 {Draw by 3-fold repetition}
Score of checkforge vs opponent: 8 - 5 - 26  [0.538] 39
Started game 40 of 200 (opponent vs checkforge)
Finished game 40 (opponent vs checkforge): 1/2-1/2 {Draw by 3-fold repetition}
Score of checkforge vs opponent: 8 - 5 - 27  [0.537] 40
Started game 41 of 200 (checkforge vs opponent)
Finished game 41 (checkforge vs opponent): 1-0 {White mates}
Score of checkforge vs opponent: 9 - 5 - 27  [0.549] 41
Started game 42 of 200 (opponent vs checkforge)
Finished game 42 (opponent vs checkforge): 1-0 {White mates}
Score of checkforge vs opponent: 9 - 6 - 27  [0.536] 42
Started game 43 of 200 (checkforge vs opponent)
Finished game 43 (checkforge vs opponent): 1/2-1/2 {Draw by 3-fold repetition}
Score of checkforge vs opponent: 9 - 6 - 28  [0.535] 43
Started game 44 of 200 (opponent vs checkforge)
Finished game 44 (opponent vs checkforge): 1/2-1/2 {Draw by 3-fold repetition}
Score of checkforge vs opponent: 9 - 6 - 29  [0.534] 44
Started game 45 of 200 (checkforge vs opponent)
Finished game 45 (checkforge vs opponent): 1/2-1/2 {Draw by 3-fold repetition}
Score of checkforge vs opponent: 9 - 6 - 30  [0.533] 45
Started game 46 of 200 (opponent vs checkforge)
Finished game 46 (opponent vs checkforge): 1/2-1/2 {Draw by 3-fold repetition}
Score of checkforge vs opponent: 9 - 6 - 31  [0.533] 46
Started game 47 of 200 (checkforge vs opponent)
Finished game 47 (checkforge vs opponent): 0-1 {Black mates}
Score of checkforge vs opponent: 9 - 7 - 31  [0.521] 47
Started game 48 of 200 (opponent vs checkforge)
Finished game 48 (opponent vs checkforge): 1/2-1/2 {Draw by 3-fold repetition}
Score of checkforge vs opponent: 9 - 7 - 32  [0.521] 48
Started game 49 of 200 (checkforge vs opponent)
Finished game 49 (checkforge vs opponent): 1-0 {White mates}
Score of checkforge vs opponent: 10 - 7 - 32  [0.531] 49
Started game 50 of 200 (opponent vs checkforge)
Finished game 50 (opponent vs checkforge): 0-1 {Black mates}
Score of checkforge vs opponent: 11 - 7 - 32  [0.540] 50
Started game 51 of 200 (checkforge vs opponent)
Finished game 51 (checkforge vs opponent): 1/2-1/2 {Draw by 3-fold repetition}
Score of checkforge vs opponent: 11 - 7 - 33  [0.539] 51
Started game 52 of 200 (opponent vs checkforge)
Finished game 52 (opponent vs checkforge): 1/2-1/2 {Draw by 3-fold repetition}
Score of checkforge vs opponent: 11 - 7 - 34  [0.538] 52
Started game 53 of 200 (checkforge vs opponent)
Finished game 53 (checkforge vs opponent): 1/2-1/2 {Draw by 3-fold repetition}
Score of checkforge vs opponent: 11 - 7 - 35  [0.538] 53
Started game 54 of 200 (opponent vs checkforge)
Finished game 54 (opponent vs checkforge): 1/2-1/2 {Draw by 3-fold repetition}
Score of checkforge vs opponent: 11 - 7 - 36  [0.537] 54
Started game 55 of 200 (checkforge vs opponent)
Finished game 55 (checkforge vs opponent): 1/2-1/2 {Draw by 3-fold repetition}
Score of checkforge vs opponent: 11 - 7 - 37  [0.536] 55
Started game 56 of 200 (opponent vs checkforge)
Finished game 56 (opponent vs checkforge): 0-1 {Black mates}
Score of checkforge vs opponent: 12 - 7 - 37  [0.545] 56
Started game 57 of 200 (checkforge vs opponent)
Finished game 57 (checkforge vs opponent): 1/2-1/2 {Draw by 3-fold repetition}
Score of checkforge vs opponent: 12 - 7 - 38  [0.544] 57
Started game 58 of 200 (opponent vs checkforge)
Finished game 58 (opponent vs checkforge): 1/2-1/2 {Draw by 3-fold repetition}
Score of checkforge vs opponent: 12 - 7 - 39  [0.543] 58
Started game 59 of 200 (checkforge vs opponent)
Finished game 59 (checkforge vs opponent): 1-0 {White mates}
Score of checkforge vs opponent: 13 - 7 - 39  [0.551] 59
Started game 60 of 200 (opponent vs checkforge)
Finished game 60 (opponent vs checkforge): 1-0 {White mates}
Score of checkforge vs opponent: 13 - 8 - 39  [0.542] 60
Started game 61 of 200 (checkforge vs opponent)
Finished game 61 (checkforge vs opponent): 0-1 {Black mates}
Score of checkforge vs opponent: 13 - 9 - 39  [0.533] 61
Started game 62 of 200 (opponent vs checkforge)
Finished game 62 (opponent vs checkforge): 1/2-1/2 {Draw by 3-fold repetition}
Score of checkforge vs opponent: 13 - 9 - 40  [0.532] 62
Started game 63 of 200 (checkforge vs opponent)
Finished game 63 (checkforge vs opponent): 1/2-1/2 {Draw by 3-fold repetition}
Score of checkforge vs opponent: 13 - 9 - 41  [0.532] 63
Started game 64 of 200 (opponent vs checkforge)
Finished game 64 (opponent vs checkforge): 1/2-1/2 {Draw by 3-fold repetition}
Score of checkforge vs opponent: 13 - 9 - 42  [0.531] 64
Started game 65 of 200 (checkforge vs opponent)
Finished game 65 (checkforge vs opponent): 0-1 {Black mates}
Score of checkforge vs opponent: 13 - 10 - 42  [0.523] 65
Started game 66 of 200 (opponent vs checkforge)
Finished game 66 (opponent vs checkforge): 1-0 {White mates}
Score of checkforge vs opponent: 13 - 11 - 42  [0.515] 66
Started game 67 of 200 (checkforge vs opponent)
Finished game 67 (checkforge vs opponent): 0-1 {Black mates}
Score of checkforge vs opponent: 13 - 12 - 42  [0.507] 67
Started game 68 of 200 (opponent vs checkforge)
Finished game 68 (opponent vs checkforge): 1/2-1/2 {Draw by 3-fold repetition}
Score of checkforge vs opponent: 13 - 12 - 43  [0.507] 68
Started game 69 of 200 (checkforge vs opponent)
Finished game 69 (checkforge vs opponent): 1-0 {White mates}
Score of checkforge vs opponent: 14 - 12 - 43  [0.514] 69
Started game 70 of 200 (opponent vs checkforge)
Finished game 70 (opponent vs checkforge): 1/2-1/2 {Draw by 3-fold repetition}
Score of checkforge vs opponent: 14 - 12 - 44  [0.514] 70
Started game 71 of 200 (checkforge vs opponent)
Finished game 71 (checkforge vs opponent): 1/2-1/2 {Draw by 3-fold repetition}
Score of checkforge vs opponent: 14 - 12 - 45  [0.514] 71
Started game 72 of 200 (opponent vs checkforge)
Finished game 72 (opponent vs checkforge): 1-0 {White mates}
Score of checkforge vs opponent: 14 - 13 - 45  [0.507] 72
Started game 73 of 200 (checkforge vs opponent)
Finished game 73 (checkforge vs opponent): 0-1 {Black mates}
Score of checkforge vs opponent: 14 - 14 - 45  [0.500] 73
Started game 74 of 200 (opponent vs checkforge)
Finished game 74 (opponent vs checkforge): 1/2-1/2 {Draw by 3-fold repetition}
Score of checkforge vs opponent: 14 - 14 - 46  [0.500] 74
Started game 75 of 200 (checkforge vs opponent)
Finished game 75 (checkforge vs opponent): 0-1 {Black mates}
Score of checkforge vs opponent: 14 - 15 - 46  [0.493] 75
Started game 76 of 200 (opponent vs checkforge)
Finished game 76 (opponent vs checkforge): 1-0 {White mates}
Score of checkforge vs opponent: 14 - 16 - 46  [0.487] 76
Started game 77 of 200 (checkforge vs opponent)
Finished game 77 (checkforge vs opponent): 1/2-1/2 {Draw by 3-fold repetition}
Score of checkforge vs opponent: 14 - 16 - 47  [0.487] 77
Started game 78 of 200 (opponent vs checkforge)
Finished game 78 (opponent vs checkforge): 1/2-1/2 {Draw by 3-fold repetition}
Score of checkforge vs opponent: 14 - 16 - 48  [0.487] 78
Started game 79 of 200 (checkforge vs opponent)
Finished game 79 (checkforge vs opponent): 1/2-1/2 {Draw by insufficient mating material}
Score of checkforge vs opponent: 14 - 16 - 49  [0.487] 79
Started game 80 of 200 (opponent vs checkforge)
Finished game 80 (opponent vs checkforge): 1/2-1/2 {Draw by 3-fold repetition}
Score of checkforge vs opponent: 14 - 16 - 50  [0.487] 80
Started game 81 of 200 (checkforge vs opponent)
Finished game 81 (checkforge vs opponent): 1/2-1/2 {Draw by 3-fold repetition}
Score of checkforge vs opponent: 14 - 16 - 51  [0.488] 81
Started game 82 of 200 (opponent vs checkforge)
Finished game 82 (opponent vs checkforge): 1/2-1/2 {Draw by 3-fold repetition}
Score of checkforge vs opponent: 14 - 16 - 52  [0.488] 82
Started game 83 of 200 (checkforge vs opponent)
Finished game 83 (checkforge vs opponent): 1-0 {White mates}
Score of checkforge vs opponent: 15 - 16 - 52  [0.494] 83
Started game 84 of 200 (opponent vs checkforge)
Finished game 84 (opponent vs checkforge): 0-1 {Black mates}
Score of checkforge vs opponent: 16 - 16 - 52  [0.500] 84
Started game 85 of 200 (checkforge vs opponent)
Finished game 85 (checkforge vs opponent): 1/2-1/2 {Draw by 3-fold repetition}
Score of checkforge vs opponent: 16 - 16 - 53  [0.500] 85
Started game 86 of 200 (opponent vs checkforge)
Finished game 86 (opponent vs checkforge): 1-0 {White mates}
Score of checkforge vs opponent: 16 - 17 - 53  [0.494] 86
Started game 87 of 200 (checkforge vs opponent)
Finished game 87 (checkforge vs opponent): 0-1 {Black mates}
Score of checkforge vs opponent: 16 - 18 - 53  [0.489] 87
Started game 88 of 200 (opponent vs checkforge)
Finished game 88 (opponent vs checkforge): 1/2-1/2 {Draw by 3-fold repetition}
Score of checkforge vs opponent: 16 - 18 - 54  [0.489] 88
Started game 89 of 200 (checkforge vs opponent)
Finished game 89 (checkforge vs opponent): 1-0 {White mates}
Score of checkforge vs opponent: 17 - 18 - 54  [0.494] 89
Started game 90 of 200 (opponent vs checkforge)
Finished game 90 (opponent vs checkforge): 1-0 {White mates}
Score of checkforge vs opponent: 17 - 19 - 54  [0.489] 90
Started game 91 of 200 (checkforge vs opponent)
Finished game 91 (checkforge vs opponent): 0-1 {Black mates}
Score of checkforge vs opponent: 17 - 20 - 54  [0.484] 91
Started game 92 of 200 (opponent vs checkforge)
Finished game 92 (opponent vs checkforge): 1/2-1/2 {Draw by 3-fold repetition}
Score of checkforge vs opponent: 17 - 20 - 55  [0.484] 92
Started game 93 of 200 (checkforge vs opponent)
Finished game 93 (checkforge vs opponent): 1/2-1/2 {Draw by 3-fold repetition}
Score of checkforge vs opponent: 17 - 20 - 56  [0.484] 93
Started game 94 of 200 (opponent vs checkforge)
Finished game 94 (opponent vs checkforge): 1/2-1/2 {Draw by 3-fold repetition}
Score of checkforge vs opponent: 17 - 20 - 57  [0.484] 94
Started game 95 of 200 (checkforge vs opponent)
Finished game 95 (checkforge vs opponent): 1-0 {White mates}
Score of checkforge vs opponent: 18 - 20 - 57  [0.489] 95
Started game 96 of 200 (opponent vs checkforge)
Finished game 96 (opponent vs checkforge): 1/2-1/2 {Draw by 3-fold repetition}
Score of checkforge vs opponent: 18 - 20 - 58  [0.490] 96
Started game 97 of 200 (checkforge vs opponent)
Finished game 97 (checkforge vs opponent): 1/2-1/2 {Draw by 3-fold repetition}
Score of checkforge vs opponent: 18 - 20 - 59  [0.490] 97
Started game 98 of 200 (opponent vs checkforge)
Finished game 98 (opponent vs checkforge): 0-1 {Black mates}
Score of checkforge vs opponent: 19 - 20 - 59  [0.495] 98
Started game 99 of 200 (checkforge vs opponent)
Finished game 99 (checkforge vs opponent): 1/2-1/2 {Draw by 3-fold repetition}
Score of checkforge vs opponent: 19 - 20 - 60  [0.495] 99
Started game 100 of 200 (opponent vs checkforge)
Finished game 100 (opponent vs checkforge): 1/2-1/2 {Draw by 3-fold repetition}
Score of checkforge vs opponent: 19 - 20 - 61  [0.495] 100
Started game 101 of 200 (checkforge vs opponent)
Finished game 101 (checkforge vs opponent): 1/2-1/2 {Draw by 3-fold repetition}
Score of checkforge vs opponent: 19 - 20 - 62  [0.495] 101
Started game 102 of 200 (opponent vs checkforge)
Finished game 102 (opponent vs checkforge): 1/2-1/2 {Draw by 3-fold repetition}
Score of checkforge vs opponent: 19 - 20 - 63  [0.495] 102
Started game 103 of 200 (checkforge vs opponent)
Finished game 103 (checkforge vs opponent): 1/2-1/2 {Draw by 3-fold repetition}
Score of checkforge vs opponent: 19 - 20 - 64  [0.495] 103
Started game 104 of 200 (opponent vs checkforge)
Finished game 104 (opponent vs checkforge): 1/2-1/2 {Draw by 3-fold repetition}
Score of checkforge vs opponent: 19 - 20 - 65  [0.495] 104
Started game 105 of 200 (checkforge vs opponent)
Finished game 105 (checkforge vs opponent): 1/2-1/2 {Draw by 3-fold repetition}
Score of checkforge vs opponent: 19 - 20 - 66  [0.495] 105
Started game 106 of 200 (opponent vs checkforge)
Finished game 106 (opponent vs checkforge): 1/2-1/2 {Draw by 3-fold repetition}
Score of checkforge vs opponent: 19 - 20 - 67  [0.495] 106
Started game 107 of 200 (checkforge vs opponent)
Finished game 107 (checkforge vs opponent): 1-0 {White mates}
Score of checkforge vs opponent: 20 - 20 - 67  [0.500] 107
Started game 108 of 200 (opponent vs checkforge)
Finished game 108 (opponent vs checkforge): 0-1 {Black mates}
Score of checkforge vs opponent: 21 - 20 - 67  [0.505] 108
Started game 109 of 200 (checkforge vs opponent)
Finished game 109 (checkforge vs opponent): 1/2-1/2 {Draw by 3-fold repetition}
Score of checkforge vs opponent: 21 - 20 - 68  [0.505] 109
Started game 110 of 200 (opponent vs checkforge)
Finished game 110 (opponent vs checkforge): 1/2-1/2 {Draw by 3-fold repetition}
Score of checkforge vs opponent: 21 - 20 - 69  [0.505] 110
Started game 111 of 200 (checkforge vs opponent)
Finished game 111 (checkforge vs opponent): 1/2-1/2 {Draw by 3-fold repetition}
Score of checkforge vs opponent: 21 - 20 - 70  [0.505] 111
Started game 112 of 200 (opponent vs checkforge)
Finished game 112 (opponent vs checkforge): 1/2-1/2 {Draw by 3-fold repetition}
Score of checkforge vs opponent: 21 - 20 - 71  [0.504] 112
Started game 113 of 200 (checkforge vs opponent)
Finished game 113 (checkforge vs opponent): 1/2-1/2 {Draw by 3-fold repetition}
Score of checkforge vs opponent: 21 - 20 - 72  [0.504] 113
Started game 114 of 200 (opponent vs checkforge)
Finished game 114 (opponent vs checkforge): 1-0 {White mates}
Score of checkforge vs opponent: 21 - 21 - 72  [0.500] 114
Started game 115 of 200 (checkforge vs opponent)
Finished game 115 (checkforge vs opponent): 1-0 {White mates}
Score of checkforge vs opponent: 22 - 21 - 72  [0.504] 115
Started game 116 of 200 (opponent vs checkforge)
Finished game 116 (opponent vs checkforge): 1/2-1/2 {Draw by 3-fold repetition}
Score of checkforge vs opponent: 22 - 21 - 73  [0.504] 116
Started game 117 of 200 (checkforge vs opponent)
Finished game 117 (checkforge vs opponent): 1/2-1/2 {Draw by 3-fold repetition}
Score of checkforge vs opponent: 22 - 21 - 74  [0.504] 117
Started game 118 of 200 (opponent vs checkforge)
Finished game 118 (opponent vs checkforge): 0-1 {Black mates}
Score of checkforge vs opponent: 23 - 21 - 74  [0.508] 118
Started game 119 of 200 (checkforge vs opponent)
Finished game 119 (checkforge vs opponent): 1/2-1/2 {Draw by 3-fold repetition}
Score of checkforge vs opponent: 23 - 21 - 75  [0.508] 119
Started game 120 of 200 (opponent vs checkforge)
Finished game 120 (opponent vs checkforge): 1-0 {White mates}
Score of checkforge vs opponent: 23 - 22 - 75  [0.504] 120
Started game 121 of 200 (checkforge vs opponent)
Finished game 121 (checkforge vs opponent): 1/2-1/2 {Draw by 3-fold repetition}
Score of checkforge vs opponent: 23 - 22 - 76  [0.504] 121
Started game 122 of 200 (opponent vs checkforge)
Finished game 122 (opponent vs checkforge): 1/2-1/2 {Draw by 3-fold repetition}
Score of checkforge vs opponent: 23 - 22 - 77  [0.504] 122
Started game 123 of 200 (checkforge vs opponent)
Finished game 123 (checkforge vs opponent): 1-0 {White mates}
Score of checkforge vs opponent: 24 - 22 - 77  [0.508] 123
Started game 124 of 200 (opponent vs checkforge)
Finished game 124 (opponent vs checkforge): 0-1 {Black mates}
Score of checkforge vs opponent: 25 - 22 - 77  [0.512] 124
Started game 125 of 200 (checkforge vs opponent)
Finished game 125 (checkforge vs opponent): 1/2-1/2 {Draw by 3-fold repetition}
Score of checkforge vs opponent: 25 - 22 - 78  [0.512] 125
Started game 126 of 200 (opponent vs checkforge)
Finished game 126 (opponent vs checkforge): 1/2-1/2 {Draw by 3-fold repetition}
Score of checkforge vs opponent: 25 - 22 - 79  [0.512] 126
Started game 127 of 200 (checkforge vs opponent)
Finished game 127 (checkforge vs opponent): 1/2-1/2 {Draw by 3-fold repetition}
Score of checkforge vs opponent: 25 - 22 - 80  [0.512] 127
Started game 128 of 200 (opponent vs checkforge)
Finished game 128 (opponent vs checkforge): 0-1 {Black mates}
Score of checkforge vs opponent: 26 - 22 - 80  [0.516] 128
Started game 129 of 200 (checkforge vs opponent)
Finished game 129 (checkforge vs opponent): 1/2-1/2 {Draw by 3-fold repetition}
Score of checkforge vs opponent: 26 - 22 - 81  [0.516] 129
Started game 130 of 200 (opponent vs checkforge)
Finished game 130 (opponent vs checkforge): 1/2-1/2 {Draw by 3-fold repetition}
Score of checkforge vs opponent: 26 - 22 - 82  [0.515] 130
Started game 131 of 200 (checkforge vs opponent)
Finished game 131 (checkforge vs opponent): 1-0 {White mates}
Score of checkforge vs opponent: 27 - 22 - 82  [0.519] 131
Started game 132 of 200 (opponent vs checkforge)
Finished game 132 (opponent vs checkforge): 1/2-1/2 {Draw by 3-fold repetition}
Score of checkforge vs opponent: 27 - 22 - 83  [0.519] 132
Started game 133 of 200 (checkforge vs opponent)
Finished game 133 (checkforge vs opponent): 1/2-1/2 {Draw by 3-fold repetition}
Score of checkforge vs opponent: 27 - 22 - 84  [0.519] 133
Started game 134 of 200 (opponent vs checkforge)
Finished game 134 (opponent vs checkforge): 1-0 {White mates}
Score of checkforge vs opponent: 27 - 23 - 84  [0.515] 134
Started game 135 of 200 (checkforge vs opponent)
Finished game 135 (checkforge vs opponent): 1/2-1/2 {Draw by 3-fold repetition}
Score of checkforge vs opponent: 27 - 23 - 85  [0.515] 135
Started game 136 of 200 (opponent vs checkforge)
Finished game 136 (opponent vs checkforge): 1/2-1/2 {Draw by 3-fold repetition}
Score of checkforge vs opponent: 27 - 23 - 86  [0.515] 136
Started game 137 of 200 (checkforge vs opponent)
Finished game 137 (checkforge vs opponent): 0-1 {Black mates}
Score of checkforge vs opponent: 27 - 24 - 86  [0.511] 137
Started game 138 of 200 (opponent vs checkforge)
Finished game 138 (opponent vs checkforge): 1/2-1/2 {Draw by 3-fold repetition}
Score of checkforge vs opponent: 27 - 24 - 87  [0.511] 138
Started game 139 of 200 (checkforge vs opponent)
Finished game 139 (checkforge vs opponent): 1/2-1/2 {Draw by 3-fold repetition}
Score of checkforge vs opponent: 27 - 24 - 88  [0.511] 139
Started game 140 of 200 (opponent vs checkforge)
Finished game 140 (opponent vs checkforge): 1/2-1/2 {Draw by 3-fold repetition}
Score of checkforge vs opponent: 27 - 24 - 89  [0.511] 140
Started game 141 of 200 (checkforge vs opponent)
Finished game 141 (checkforge vs opponent): 1/2-1/2 {Draw by 3-fold repetition}
Score of checkforge vs opponent: 27 - 24 - 90  [0.511] 141
Started game 142 of 200 (opponent vs checkforge)
Finished game 142 (opponent vs checkforge): 1/2-1/2 {Draw by 3-fold repetition}
Score of checkforge vs opponent: 27 - 24 - 91  [0.511] 142
Started game 143 of 200 (checkforge vs opponent)
Finished game 143 (checkforge vs opponent): 1-0 {White mates}
Score of checkforge vs opponent: 28 - 24 - 91  [0.514] 143
Started game 144 of 200 (opponent vs checkforge)
Finished game 144 (opponent vs checkforge): 0-1 {Black mates}
Score of checkforge vs opponent: 29 - 24 - 91  [0.517] 144
Started game 145 of 200 (checkforge vs opponent)
Finished game 145 (checkforge vs opponent): 0-1 {Black mates}
Score of checkforge vs opponent: 29 - 25 - 91  [0.514] 145
Started game 146 of 200 (opponent vs checkforge)
Finished game 146 (opponent vs checkforge): 1/2-1/2 {Draw by 3-fold repetition}
Score of checkforge vs opponent: 29 - 25 - 92  [0.514] 146
Started game 147 of 200 (checkforge vs opponent)
Finished game 147 (checkforge vs opponent): 1/2-1/2 {Draw by 3-fold repetition}
Score of checkforge vs opponent: 29 - 25 - 93  [0.514] 147
Started game 148 of 200 (opponent vs checkforge)
Finished game 148 (opponent vs checkforge): 1/2-1/2 {Draw by 3-fold repetition}
Score of checkforge vs opponent: 29 - 25 - 94  [0.514] 148
Started game 149 of 200 (checkforge vs opponent)
Finished game 149 (checkforge vs opponent): 1/2-1/2 {Draw by 3-fold repetition}
Score of checkforge vs opponent: 29 - 25 - 95  [0.513] 149
Started game 150 of 200 (opponent vs checkforge)
Finished game 150 (opponent vs checkforge): 1/2-1/2 {Draw by 3-fold repetition}
Score of checkforge vs opponent: 29 - 25 - 96  [0.513] 150
Started game 151 of 200 (checkforge vs opponent)
Finished game 151 (checkforge vs opponent): 1/2-1/2 {Draw by 3-fold repetition}
Score of checkforge vs opponent: 29 - 25 - 97  [0.513] 151
Started game 152 of 200 (opponent vs checkforge)
Finished game 152 (opponent vs checkforge): 0-1 {Black mates}
Score of checkforge vs opponent: 30 - 25 - 97  [0.516] 152
Started game 153 of 200 (checkforge vs opponent)
Finished game 153 (checkforge vs opponent): 1/2-1/2 {Draw by 3-fold repetition}
Score of checkforge vs opponent: 30 - 25 - 98  [0.516] 153
Started game 154 of 200 (opponent vs checkforge)
Finished game 154 (opponent vs checkforge): 1/2-1/2 {Draw by 3-fold repetition}
Score of checkforge vs opponent: 30 - 25 - 99  [0.516] 154
Started game 155 of 200 (checkforge vs opponent)
Finished game 155 (checkforge vs opponent): 1-0 {White mates}
Score of checkforge vs opponent: 31 - 25 - 99  [0.519] 155
Started game 156 of 200 (opponent vs checkforge)
Finished game 156 (opponent vs checkforge): 0-1 {Black mates}
Score of checkforge vs opponent: 32 - 25 - 99  [0.522] 156
Started game 157 of 200 (checkforge vs opponent)
Finished game 157 (checkforge vs opponent): 0-1 {Black mates}
Score of checkforge vs opponent: 32 - 26 - 99  [0.519] 157
Started game 158 of 200 (opponent vs checkforge)
Finished game 158 (opponent vs checkforge): 1/2-1/2 {Draw by 3-fold repetition}
Score of checkforge vs opponent: 32 - 26 - 100  [0.519] 158
Started game 159 of 200 (checkforge vs opponent)
Finished game 159 (checkforge vs opponent): 1/2-1/2 {Draw by 3-fold repetition}
Score of checkforge vs opponent: 32 - 26 - 101  [0.519] 159
Started game 160 of 200 (opponent vs checkforge)
Finished game 160 (opponent vs checkforge): 1/2-1/2 {Draw by 3-fold repetition}
Score of checkforge vs opponent: 32 - 26 - 102  [0.519] 160
Started game 161 of 200 (checkforge vs opponent)
Finished game 161 (checkforge vs opponent): 1-0 {White mates}
Score of checkforge vs opponent: 33 - 26 - 102  [0.522] 161
Started game 162 of 200 (opponent vs checkforge)
Finished game 162 (opponent vs checkforge): 1/2-1/2 {Draw by 3-fold repetition}
Score of checkforge vs opponent: 33 - 26 - 103  [0.522] 162
Started game 163 of 200 (checkforge vs opponent)
Finished game 163 (checkforge vs opponent): 0-1 {Black mates}
Score of checkforge vs opponent: 33 - 27 - 103  [0.518] 163
Started game 164 of 200 (opponent vs checkforge)
Finished game 164 (opponent vs checkforge): 1/2-1/2 {Draw by 3-fold repetition}
Score of checkforge vs opponent: 33 - 27 - 104  [0.518] 164
Started game 165 of 200 (checkforge vs opponent)
Finished game 165 (checkforge vs opponent): 1/2-1/2 {Draw by 3-fold repetition}
Score of checkforge vs opponent: 33 - 27 - 105  [0.518] 165
Started game 166 of 200 (opponent vs checkforge)
Finished game 166 (opponent vs checkforge): 1-0 {White mates}
Score of checkforge vs opponent: 33 - 28 - 105  [0.515] 166
Started game 167 of 200 (checkforge vs opponent)
Finished game 167 (checkforge vs opponent): 1/2-1/2 {Draw by 3-fold repetition}
Score of checkforge vs opponent: 33 - 28 - 106  [0.515] 167
Started game 168 of 200 (opponent vs checkforge)
Finished game 168 (opponent vs checkforge): 1/2-1/2 {Draw by 3-fold repetition}
Score of checkforge vs opponent: 33 - 28 - 107  [0.515] 168
Started game 169 of 200 (checkforge vs opponent)
Finished game 169 (checkforge vs opponent): 1/2-1/2 {Draw by 3-fold repetition}
Score of checkforge vs opponent: 33 - 28 - 108  [0.515] 169
Started game 170 of 200 (opponent vs checkforge)
Finished game 170 (opponent vs checkforge): 1-0 {White mates}
Score of checkforge vs opponent: 33 - 29 - 108  [0.512] 170
Started game 171 of 200 (checkforge vs opponent)
Finished game 171 (checkforge vs opponent): 1/2-1/2 {Draw by 3-fold repetition}
Score of checkforge vs opponent: 33 - 29 - 109  [0.512] 171
Started game 172 of 200 (opponent vs checkforge)
Finished game 172 (opponent vs checkforge): 0-1 {Black mates}
Score of checkforge vs opponent: 34 - 29 - 109  [0.515] 172
Started game 173 of 200 (checkforge vs opponent)
Finished game 173 (checkforge vs opponent): 1/2-1/2 {Draw by 3-fold repetition}
Score of checkforge vs opponent: 34 - 29 - 110  [0.514] 173
Started game 174 of 200 (opponent vs checkforge)
Finished game 174 (opponent vs checkforge): 1/2-1/2 {Draw by 3-fold repetition}
Score of checkforge vs opponent: 34 - 29 - 111  [0.514] 174
Started game 175 of 200 (checkforge vs opponent)
Finished game 175 (checkforge vs opponent): 1/2-1/2 {Draw by 3-fold repetition}
Score of checkforge vs opponent: 34 - 29 - 112  [0.514] 175
Started game 176 of 200 (opponent vs checkforge)
Finished game 176 (opponent vs checkforge): 1/2-1/2 {Draw by 3-fold repetition}
Score of checkforge vs opponent: 34 - 29 - 113  [0.514] 176
Started game 177 of 200 (checkforge vs opponent)
Finished game 177 (checkforge vs opponent): 1-0 {White mates}
Score of checkforge vs opponent: 35 - 29 - 113  [0.517] 177
Started game 178 of 200 (opponent vs checkforge)
Finished game 178 (opponent vs checkforge): 1/2-1/2 {Draw by 3-fold repetition}
Score of checkforge vs opponent: 35 - 29 - 114  [0.517] 178
Started game 179 of 200 (checkforge vs opponent)
Finished game 179 (checkforge vs opponent): 1-0 {White mates}
Score of checkforge vs opponent: 36 - 29 - 114  [0.520] 179
Started game 180 of 200 (opponent vs checkforge)
Finished game 180 (opponent vs checkforge): 1/2-1/2 {Draw by 3-fold repetition}
Score of checkforge vs opponent: 36 - 29 - 115  [0.519] 180
Started game 181 of 200 (checkforge vs opponent)
Finished game 181 (checkforge vs opponent): 1/2-1/2 {Draw by 3-fold repetition}
Score of checkforge vs opponent: 36 - 29 - 116  [0.519] 181
Started game 182 of 200 (opponent vs checkforge)
Finished game 182 (opponent vs checkforge): 1/2-1/2 {Draw by 3-fold repetition}
Score of checkforge vs opponent: 36 - 29 - 117  [0.519] 182
Started game 183 of 200 (checkforge vs opponent)
Finished game 183 (checkforge vs opponent): 1/2-1/2 {Draw by 3-fold repetition}
Score of checkforge vs opponent: 36 - 29 - 118  [0.519] 183
Started game 184 of 200 (opponent vs checkforge)
Finished game 184 (opponent vs checkforge): 1/2-1/2 {Draw by 3-fold repetition}
Score of checkforge vs opponent: 36 - 29 - 119  [0.519] 184
Started game 185 of 200 (checkforge vs opponent)
Finished game 185 (checkforge vs opponent): 1-0 {White mates}
Score of checkforge vs opponent: 37 - 29 - 119  [0.522] 185
Started game 186 of 200 (opponent vs checkforge)
Finished game 186 (opponent vs checkforge): 1/2-1/2 {Draw by 3-fold repetition}
Score of checkforge vs opponent: 37 - 29 - 120  [0.522] 186
Started game 187 of 200 (checkforge vs opponent)
Finished game 187 (checkforge vs opponent): 1-0 {White mates}
Score of checkforge vs opponent: 38 - 29 - 120  [0.524] 187
Started game 188 of 200 (opponent vs checkforge)
Finished game 188 (opponent vs checkforge): 1/2-1/2 {Draw by 3-fold repetition}
Score of checkforge vs opponent: 38 - 29 - 121  [0.524] 188
Started game 189 of 200 (checkforge vs opponent)
Finished game 189 (checkforge vs opponent): 1/2-1/2 {Draw by 3-fold repetition}
Score of checkforge vs opponent: 38 - 29 - 122  [0.524] 189
Started game 190 of 200 (opponent vs checkforge)
Finished game 190 (opponent vs checkforge): 1-0 {White mates}
Score of checkforge vs opponent: 38 - 30 - 122  [0.521] 190
Started game 191 of 200 (checkforge vs opponent)
Finished game 191 (checkforge vs opponent): 1-0 {White mates}
Score of checkforge vs opponent: 39 - 30 - 122  [0.524] 191
Started game 192 of 200 (opponent vs checkforge)
Finished game 192 (opponent vs checkforge): 1-0 {White mates}
Score of checkforge vs opponent: 39 - 31 - 122  [0.521] 192
Started game 193 of 200 (checkforge vs opponent)
Finished game 193 (checkforge vs opponent): 1/2-1/2 {Draw by insufficient mating material}
Score of checkforge vs opponent: 39 - 31 - 123  [0.521] 193
Started game 194 of 200 (opponent vs checkforge)
Finished game 194 (opponent vs checkforge): 1/2-1/2 {Draw by 3-fold repetition}
Score of checkforge vs opponent: 39 - 31 - 124  [0.521] 194
Started game 195 of 200 (checkforge vs opponent)
Finished game 195 (checkforge vs opponent): 1/2-1/2 {Draw by 3-fold repetition}
Score of checkforge vs opponent: 39 - 31 - 125  [0.521] 195
Started game 196 of 200 (opponent vs checkforge)
Finished game 196 (opponent vs checkforge): 1/2-1/2 {Draw by 3-fold repetition}
Score of checkforge vs opponent: 39 - 31 - 126  [0.520] 196
Started game 197 of 200 (checkforge vs opponent)
Finished game 197 (checkforge vs opponent): 1/2-1/2 {Draw by 3-fold repetition}
Score of checkforge vs opponent: 39 - 31 - 127  [0.520] 197
Started game 198 of 200 (opponent vs checkforge)
Finished game 198 (opponent vs checkforge): 1/2-1/2 {Draw by 3-fold repetition}
Score of checkforge vs opponent: 39 - 31 - 128  [0.520] 198
Started game 199 of 200 (checkforge vs opponent)
Finished game 199 (checkforge vs opponent): 1/2-1/2 {Draw by 3-fold repetition}
Score of checkforge vs opponent: 39 - 31 - 129  [0.520] 199
Started game 200 of 200 (opponent vs checkforge)
Finished game 200 (opponent vs checkforge): 0-1 {Black mates}
Score of checkforge vs opponent: 40 - 31 - 129  [0.522] 200
...      checkforge playing White: 25 - 14 - 61  [0.555] 100
...      checkforge playing Black: 15 - 17 - 68  [0.490] 100
...      White vs Black: 42 - 29 - 129  [0.532] 200
Elo difference: 15.6 +/- 28.7, LOS: 85.7 %, DrawRatio: 64.5 %
SPRT: llr 0 (0.0%), lbound -inf, ubound inf

Player: checkforge
   "Draw by 3-fold repetition": 127
   "Draw by insufficient mating material": 2
   "Loss: Black mates": 14
   "Loss: White mates": 17
   "Win: Black mates": 15
   "Win: White mates": 25
Player: opponent
   "Draw by 3-fold repetition": 127
   "Draw by insufficient mating material": 2
   "Loss: Black mates": 15
   "Loss: White mates": 25
   "Win: Black mates": 14
   "Win: White mates": 17
Finished match
