Indexing opening suite...
Started game 1 of 200 (checkforge vs opponent)
Finished game 1 (checkforge vs opponent): 1/2-1/2 {Draw by 3-fold repetition}
Score of checkforge vs opponent: 0 - 0 - 1  [0.500] 1
Started game 2 of 200 (opponent vs checkforge)
Finished game 2 (opponent vs checkforge): 1-0 {White mates}
Score of checkforge vs opponent: 0 - 1 - 1  [0.250] 2
Started game 3 of 200 (checkforge vs opponent)
Finished game 3 (checkforge vs opponent): 1/2-1/2 {Draw by 3-fold repetition}
Score of checkforge vs opponent: 0 - 1 - 2  [0.333] 3
Started game 4 of 200 (opponent vs checkforge)
Finished game 4 (opponent vs checkforge): 1-0 {White mates}
Score of checkforge vs opponent: 0 - 2 - 2  [0.250] 4
Started game 5 of 200 (checkforge vs opponent)
Finished game 5 (checkforge vs opponent): 1/2-1/2 {Draw by 3-fold repetition}
Score of checkforge vs opponent: 0 - 2 - 3  [0.300] 5
Started game 6 of 200 (opponent vs checkforge)
Finished game 6 (opponent vs checkforge): 1-0 {White mates}
Score of checkforge vs opponent: 0 - 3 - 3  [0.250] 6
Started game 7 of 200 (checkforge vs opponent)
Finished game 7 (checkforge vs opponent): 1/2-1/2 {Draw by 3-fold repetition}
Score of checkforge vs opponent: 0 - 3 - 4  [0.286] 7
Started game 8 of 200 (opponent vs checkforge)
Finished game 8 (opponent vs checkforge): 1-0 {White mates}
Score of checkforge vs opponent: 0 - 4 - 4  [0.250] 8
Started game 9 of 200 (checkforge vs opponent)
Finished game 9 (checkforge vs opponent): 1/2-1/2 {Draw by 3-fold repetition}
Score of checkforge vs opponent: 0 - 4 - 5  [0.278] 9
Started game 10 of 200 (opponent vs checkforge)
Finished game 10 (opponent vs checkforge): 1-0 {White mates}
Score of checkforge vs opponent: 0 - 5 - 5  [0.250] 10
Started game 11 of 200 (checkforge vs opponent)
Finished game 11 (checkforge vs opponent): 1/2-1/2 {Draw by insufficient mating material}
Score of checkforge vs opponent: 0 - 5 - 6  [0.273] 11
Started game 12 of 200 (opponent vs checkforge)
Finished game 12 (opponent vs checkforge): 1-0 {White mates}
Score of checkforge vs opponent: 0 - 6 - 6  [0.250] 12
Started game 13 of 200 (checkforge vs opponent)
Finished game 13 (checkforge vs opponent): 1/2-1/2 {Draw by 3-fold repetition}
Score of checkforge vs opponent: 0 - 6 - 7  [0.269] 13
Started game 14 of 200 (opponent vs checkforge)
Finished game 14 (opponent vs checkforge): 1/2-1/2 {Draw by 3-fold repetition}
Score of checkforge vs opponent: 0 - 6 - 8  [0.286] 14
Started game 15 of 200 (checkforge vs opponent)
Finished game 15 (checkforge vs opponent): 0-1 {Black mates}
Score of checkforge vs opponent: 0 - 7 - 8  [0.267] 15
Started game 16 of 200 (opponent vs checkforge)
Finished game 16 (opponent vs checkforge): 0-1 {Black mates}
Score of checkforge vs opponent: 1 - 7 - 8  [0.313] 16
Started game 17 of 200 (checkforge vs opponent)
Finished game 17 (checkforge vs opponent): 1/2-1/2 {Draw by 3-fold repetition}
Score of checkforge vs opponent: 1 - 7 - 9  [0.324] 17
Started game 18 of 200 (opponent vs checkforge)
Finished game 18 (opponent vs checkforge): 0-1 {Black mates}
Score of checkforge vs opponent: 2 - 7 - 9  [0.361] 18
Started game 19 of 200 (checkforge vs opponent)
Finished game 19 (checkforge vs opponent): 1/2-1/2 {Draw by 3-fold repetition}
Score of checkforge vs opponent: 2 - 7 - 10  [0.368] 19
Started game 20 of 200 (opponent vs checkforge)
Finished game 20 (opponent vs checkforge): 1/2-1/2 {Draw by 3-fold repetition}
Score of checkforge vs opponent: 2 - 7 - 11  [0.375] 20
Started game 21 of 200 (checkforge vs opponent)
Finished game 21 (checkforge vs opponent): 0-1 {Black mates}
Score of checkforge vs opponent: 2 - 8 - 11  [0.357] 21
Started game 22 of 200 (opponent vs checkforge)
Finished game 22 (opponent vs checkforge): 1-0 {White mates}
Score of checkforge vs opponent: 2 - 9 - 11  [0.341] 22
Started game 23 of 200 (checkforge vs opponent)
Finished game 23 (checkforge vs opponent): 1-0 {White mates}
Score of checkforge vs opponent: 3 - 9 - 11  [0.370] 23
Started game 24 of 200 (opponent vs checkforge)
Finished game 24 (opponent vs checkforge): 1-0 {White mates}
Score of checkforge vs opponent: 3 - 10 - 11  [0.354] 24
Started game 25 of 200 (checkforge vs opponent)
Finished game 25 (checkforge vs opponent): 1/2-1/2 {Draw by 3-fold repetition}
Score of checkforge vs opponent: 3 - 10 - 12  [0.360] 25
Started game 26 of 200 (opponent vs checkforge)
Finished game 26 (opponent vs checkforge): 1/2-1/2 {Draw by insufficient mating material}
Score of checkforge vs opponent: 3 - 10 - 13  [0.365] 26
Started game 27 of 200 (checkforge vs opponent)
Finished game 27 (checkforge vs opponent): 1/2-1/2 {Draw by 3-fold repetition}
Score of checkforge vs opponent: 3 - 10 - 14  [0.370] 27
Started game 28 of 200 (opponent vs checkforge)
Finished game 28 (opponent vs checkforge): 1-0 {White mates}
Score of checkforge vs opponent: 3 - 11 - 14  [0.357] 28
Started game 29 of 200 (checkforge vs opponent)
Finished game 29 (checkforge vs opponent): 1/2-1/2 {Draw by 3-fold repetition}
Score of checkforge vs opponent: 3 - 11 - 15  [0.362] 29
Started game 30 of 200 (opponent vs checkforge)
Finished game 30 (opponent vs checkforge): 1/2-1/2 {Draw by 3-fold repetition}
Score of checkforge vs opponent: 3 - 11 - 16  [0.367] 30
Started game 31 of 200 (checkforge vs opponent)
Finished game 31 (checkforge vs opponent): 1/2-1/2 {Draw by 3-fold repetition}
Score of checkforge vs opponent: 3 - 11 - 17  [0.371] 31
Started game 32 of 200 (opponent vs checkforge)
Finished game 32 (opponent vs checkforge): 1-0 {White mates}
Score of checkforge vs opponent: 3 - 12 - 17  [0.359] 32
Started game 33 of 200 (checkforge vs opponent)
Finished game 33 (checkforge vs opponent): 1/2-1/2 {Draw by 3-fold repetition}
Score of checkforge vs opponent: 3 - 12 - 18  [0.364] 33
Started game 34 of 200 (opponent vs checkforge)
Finished game 34 (opponent vs checkforge): 1/2-1/2 {Draw by 3-fold repetition}
Score of checkforge vs opponent: 3 - 12 - 19  [0.368] 34
Started game 35 of 200 (checkforge vs opponent)
Finished game 35 (checkforge vs opponent): 1/2-1/2 {Draw by 3-fold repetition}
Score of checkforge vs opponent: 3 - 12 - 20  [0.371] 35
Started game 36 of 200 (opponent vs checkforge)
Finished game 36 (opponent vs checkforge): 1-0 {White mates}
Score of checkforge vs opponent: 3 - 13 - 20  [0.361] 36
Started game 37 of 200 (checkforge vs opponent)
Finished game 37 (checkforge vs opponent): 1-0 {White mates}
Score of checkforge vs opponent: 4 - 13 - 20  [0.378] 37
Started game 38 of 200 (opponent vs checkforge)
Finished game 38 (opponent vs checkforge): 1/2-1/2 {Draw by 3-fold repetition}
Score of checkforge vs opponent: 4 - 13 - 21  [0.382] 38
Started game 39 of 200 (checkforge vs opponent)
Finished game 39 (checkforge vs opponent): 0-1 {Black mates}
Score of checkforge vs opponent: 4 - 14 - 21  [0.372] 39
Started game 40 of 200 (opponent vs checkforge)
Finished game 40 (opponent vs checkforge): 1-0 {White mates}
Score of checkforge vs opponent: 4 - 15 - 21  [0.362] 40
Started game 41 of 200 (checkforge vs opponent)
Finished game 41 (checkforge vs opponent): 1-0 {White mates}
Score of checkforge vs opponent: 5 - 15 - 21  [0.378] 41
Started game 42 of 200 (opponent vs checkforge)
Finished game 42 (opponent vs checkforge): 0-1 {Black mates}
Score of checkforge vs opponent: 6 - 15 - 21  [0.393] 42
Started game 43 of 200 (checkforge vs opponent)
Finished game 43 (checkforge vs opponent): 1/2-1/2 {Draw by 3-fold repetition}
Score of checkforge vs opponent: 6 - 15 - 22  [0.395] 43
Started game 44 of 200 (opponent vs checkforge)
Finished game 44 (opponent vs checkforge): 0-1 {Black mates}
Score of checkforge vs opponent: 7 - 15 - 22  [0.409] 44
Started game 45 of 200 (checkforge vs opponent)
Finished game 45 (checkforge vs opponent): 0-1 {Black mates}
Score of checkforge vs opponent: 7 - 16 - 22  [0.400] 45
Started game 46 of 200 (opponent vs checkforge)
Finished game 46 (opponent vs checkforge): 1/2-1/2 {Draw by 3-fold repetition}
Score of checkforge vs opponent: 7 - 16 - 23  [0.402] 46
Started game 47 of 200 (checkforge vs opponent)
Finished game 47 (checkforge vs opponent): 1/2-1/2 {Draw by 3-fold repetition}
Score of checkforge vs opponent: 7 - 16 - 24  [0.404] 47
Started game 48 of 200 (opponent vs checkforge)
Finished game 48 (opponent vs checkforge): 1-0 {White mates}
Score of checkforge vs opponent: 7 - 17 - 24  [0.396] 48
Started game 49 of 200 (checkforge vs opponent)
Finished game 49 (checkforge vs opponent): 1/2-1/2 {Draw by 3-fold repetition}
Score of checkforge vs opponent: 7 - 17 - 25  [0.398] 49
Started game 50 of 200 (opponent vs checkforge)
Finished game 50 (opponent vs checkforge): 1/2-1/2 {Draw by 3-fold repetition}
Score of checkforge vs opponent: 7 - 17 - 26  [0.400] 50
Started game 51 of 200 (checkforge vs opponent)
Finished game 51 (checkforge vs opponent): 1/2-1/2 {Draw by 3-fold repetition}
Score of checkforge vs opponent: 7 - 17 - 27  [0.402] 51
Started game 52 of 200 (opponent vs checkforge)
Finished game 52 (opponent vs checkforge): 1-0 {White mates}
Score of checkforge vs opponent: 7 - 18 - 27  [0.394] 52
Started game 53 of 200 (checkforge vs opponent)
Finished game 53 (checkforge vs opponent): 1/2-1/2 {Draw by 3-fold repetition}
Score of checkforge vs opponent: 7 - 18 - 28  [0.396] 53
Started game 54 of 200 (opponent vs checkforge)
Finished game 54 (opponent vs checkforge): 1/2-1/2 {Draw by 3-fold repetition}
Score of checkforge vs opponent: 7 - 18 - 29  [0.398] 54
Started game 55 of 200 (checkforge vs opponent)
Finished game 55 (checkforge vs opponent): 1/2-1/2 {Draw by 3-fold repetition}
Score of checkforge vs opponent: 7 - 18 - 30  [0.400] 55
Started game 56 of 200 (opponent vs checkforge)
Finished game 56 (opponent vs checkforge): 1-0 {White mates}
Score of checkforge vs opponent: 7 - 19 - 30  [0.393] 56
Started game 57 of 200 (checkforge vs opponent)
Finished game 57 (checkforge vs opponent): 1/2-1/2 {Draw by 3-fold repetition}
Score of checkforge vs opponent: 7 - 19 - 31  [0.395] 57
Started game 58 of 200 (opponent vs checkforge)
Finished game 58 (opponent vs checkforge): 1/2-1/2 {Draw by 3-fold repetition}
Score of checkforge vs opponent: 7 - 19 - 32  [0.397] 58
Started game 59 of 200 (checkforge vs opponent)
Finished game 59 (checkforge vs opponent): 1/2-1/2 {Draw by insufficient mating material}
Score of checkforge vs opponent: 7 - 19 - 33  [0.398] 59
Started game 60 of 200 (opponent vs checkforge)
Finished game 60 (opponent vs checkforge): 0-1 {Black mates}
Score of checkforge vs opponent: 8 - 19 - 33  [0.408] 60
Started game 61 of 200 (checkforge vs opponent)
Finished game 61 (checkforge vs opponent): 1-0 {White mates}
Score of checkforge vs opponent: 9 - 19 - 33  [0.418] 61
Started game 62 of 200 (opponent vs checkforge)
Finished game 62 (opponent vs checkforge): 1/2-1/2 {Draw by 3-fold repetition}
Score of checkforge vs opponent: 9 - 19 - 34  [0.419] 62
Started game 63 of 200 (checkforge vs opponent)
Finished game 63 (checkforge vs opponent): 0-1 {Black mates}
Score of checkforge vs opponent: 9 - 20 - 34  [0.413] 63
Started game 64 of 200 (opponent vs checkforge)
Finished game 64 (opponent vs checkforge): 1-0 {White mates}
Score of checkforge vs opponent: 9 - 21 - 34  [0.406] 64
Started game 65 of 200 (checkforge vs opponent)
Finished game 65 (checkforge vs opponent): 1/2-1/2 {Draw by 3-fold repetition}
Score of checkforge vs opponent: 9 - 21 - 35  [0.408] 65
Started game 66 of 200 (opponent vs checkforge)
Finished game 66 (opponent vs checkforge): 0-1 {Black mates}
Score of checkforge vs opponent: 10 - 21 - 35  [0.417] 66
Started game 67 of 200 (checkforge vs opponent)
Finished game 67 (checkforge vs opponent): 1/2-1/2 {Draw by 3-fold repetition}
Score of checkforge vs opponent: 10 - 21 - 36  [0.418] 67
Started game 68 of 200 (opponent vs checkforge)
Finished game 68 (opponent vs checkforge): 0-1 {Black mates}
Score of checkforge vs opponent: 11 - 21 - 36  [0.426] 68
Started game 69 of 200 (checkforge vs opponent)
Finished game 69 (checkforge vs opponent): 0-1 {Black mates}
Score of checkforge vs opponent: 11 - 22 - 36  [0.420] 69
Started game 70 of 200 (opponent vs checkforge)
Finished game 70 (opponent vs checkforge): 1-0 {White mates}
Score of checkforge vs opponent: 11 - 23 - 36  [0.414] 70
Started game 71 of 200 (checkforge vs opponent)
Finished game 71 (checkforge vs opponent): 1/2-1/2 {Draw by 3-fold repetition}
Score of checkforge vs opponent: 11 - 23 - 37  [0.415] 71
Started game 72 of 200 (opponent vs checkforge)
Finished game 72 (opponent vs checkforge): 1-0 {White mates}
Score of checkforge vs opponent: 11 - 24 - 37  [0.410] 72
Started game 73 of 200 (checkforge vs opponent)
Finished game 73 (checkforge vs opponent): 1/2-1/2 {Draw by 3-fold repetition}
Score of checkforge vs opponent: 11 - 24 - 38  [0.411] 73
Started game 74 of 200 (opponent vs checkforge)
Finished game 74 (opponent vs checkforge): 1-0 {White mates}
Score of checkforge vs opponent: 11 - 25 - 38  [0.405] 74
Started game 75 of 200 (checkforge vs opponent)
Finished game 75 (checkforge vs opponent): 1/2-1/2 {Draw by 3-fold repetition}
Score of checkforge vs opponent: 11 - 25 - 39  [0.407] 75
Started game 76 of 200 (opponent vs checkforge)
Finished game 76 (opponent vs checkforge): 1/2-1/2 {Draw by 3-fold repetition}
Score of checkforge vs opponent: 11 - 25 - 40  [0.408] 76
Started game 77 of 200 (checkforge vs opponent)
Finished game 77 (checkforge vs opponent): 1/2-1/2 {Draw by 3-fold repetition}
Score of checkforge vs opponent: 11 - 25 - 41  [0.409] 77
Started game 78 of 200 (opponent vs checkforge)
Finished game 78 (opponent vs checkforge): 1/2-1/2 {Draw by 3-fold repetition}
Score of checkforge vs opponent: 11 - 25 - 42  [0.410] 78
Started game 79 of 200 (checkforge vs opponent)
Finished game 79 (checkforge vs opponent): 1-0 {White mates}
Score of checkforge vs opponent: 12 - 25 - 42  [0.418] 79
Started game 80 of 200 (opponent vs checkforge)
Finished game 80 (opponent vs checkforge): 1-0 {White mates}
Score of checkforge vs opponent: 12 - 26 - 42  [0.412] 80
Started game 81 of 200 (checkforge vs opponent)
Finished game 81 (checkforge vs opponent): 0-1 {Black mates}
Score of checkforge vs opponent: 12 - 27 - 42  [0.407] 81
Started game 82 of 200 (opponent vs checkforge)
Finished game 82 (opponent vs checkforge): 1/2-1/2 {Draw by 3-fold repetition}
Score of checkforge vs opponent: 12 - 27 - 43  [0.409] 82
Started game 83 of 200 (checkforge vs opponent)
Finished game 83 (checkforge vs opponent): 0-1 {Black mates}
Score of checkforge vs opponent: 12 - 28 - 43  [0.404] 83
Started game 84 of 200 (opponent vs checkforge)
Finished game 84 (opponent vs checkforge): 1-0 {White mates}
Score of checkforge vs opponent: 12 - 29 - 43  [0.399] 84
Started game 85 of 200 (checkforge vs opponent)
Finished game 85 (checkforge vs opponent): 1-0 {White mates}
Score of checkforge vs opponent: 13 - 29 - 43  [0.406] 85
Started game 86 of 200 (opponent vs checkforge)
Finished game 86 (opponent vs checkforge): 0-1 {Black mates}
Score of checkforge vs opponent: 14 - 29 - 43  [0.413] 86
Started game 87 of 200 (checkforge vs opponent)
Finished game 87 (checkforge vs opponent): 0-1 {Black mates}
Score of checkforge vs opponent: 14 - 30 - 43  [0.408] 87
Started game 88 of 200 (opponent vs checkforge)
Finished game 88 (opponent vs checkforge): 1/2-1/2 {Draw by 3-fold repetition}
Score of checkforge vs opponent: 14 - 30 - 44  [0.409] 88
Started game 89 of 200 (checkforge vs opponent)
Finished game 89 (checkforge vs opponent): 1/2-1/2 {Draw by 3-fold repetition}
Score of checkforge vs opponent: 14 - 30 - 45  [0.410] 89
Started game 90 of 200 (opponent vs checkforge)
Finished game 90 (opponent vs checkforge): 0-1 {Black mates}
Score of checkforge vs opponent: 15 - 30 - 45  [0.417] 90
Started game 91 of 200 (checkforge vs opponent)
Finished game 91 (checkforge vs opponent): 1-0 {White mates}
Score of checkforge vs opponent: 16 - 30 - 45  [0.423] 91
Started game 92 of 200 (opponent vs checkforge)
Finished game 92 (opponent vs checkforge): 0-1 {Black mates}
Score of checkforge vs opponent: 17 - 30 - 45  [0.429] 92
Started game 93 of 200 (checkforge vs opponent)
Finished game 93 (checkforge vs opponent): 0-1 {Black mates}
Score of checkforge vs opponent: 17 - 31 - 45  [0.425] 93
Started game 94 of 200 (opponent vs checkforge)
Finished game 94 (opponent vs checkforge): 1/2-1/2 {Draw by 3-fold repetition}
Score of checkforge vs opponent: 17 - 31 - 46  [0.426] 94
Started game 95 of 200 (checkforge vs opponent)
Finished game 95 (checkforge vs opponent): 1/2-1/2 {Draw by 3-fold repetition}
Score of checkforge vs opponent: 17 - 31 - 47  [0.426] 95
Started game 96 of 200 (opponent vs checkforge)
Finished game 96 (opponent vs checkforge): 1/2-1/2 {Draw by 3-fold repetition}
Score of checkforge vs opponent: 17 - 31 - 48  [0.427] 96
Started game 97 of 200 (checkforge vs opponent)
Finished game 97 (checkforge vs opponent): 0-1 {Black mates}
Score of checkforge vs opponent: 17 - 32 - 48  [0.423] 97
Started game 98 of 200 (opponent vs checkforge)
Finished game 98 (opponent vs checkforge): 1-0 {White mates}
Score of checkforge vs opponent: 17 - 33 - 48  [0.418] 98
Started game 99 of 200 (checkforge vs opponent)
Finished game 99 (checkforge vs opponent): 1/2-1/2 {Draw by 3-fold repetition}
Score of checkforge vs opponent: 17 - 33 - 49  [0.419] 99
Started game 100 of 200 (opponent vs checkforge)
Finished game 100 (opponent vs checkforge): 1/2-1/2 {Draw by 3-fold repetition}
Score of checkforge vs opponent: 17 - 33 - 50  [0.420] 100
Started game 101 of 200 (checkforge vs opponent)
Finished game 101 (checkforge vs opponent): 1/2-1/2 {Draw by 3-fold repetition}
Score of checkforge vs opponent: 17 - 33 - 51  [0.421] 101
Started game 102 of 200 (opponent vs checkforge)
Finished game 102 (opponent vs checkforge): 1/2-1/2 {Draw by 3-fold repetition}
Score of checkforge vs opponent: 17 - 33 - 52  [0.422] 102
Started game 103 of 200 (checkforge vs opponent)
Finished game 103 (checkforge vs opponent): 1/2-1/2 {Draw by 3-fold repetition}
Score of checkforge vs opponent: 17 - 33 - 53  [0.422] 103
Started game 104 of 200 (opponent vs checkforge)
Finished game 104 (opponent vs checkforge): 1-0 {White mates}
Score of checkforge vs opponent: 17 - 34 - 53  [0.418] 104
Started game 105 of 200 (checkforge vs opponent)
Finished game 105 (checkforge vs opponent): 1/2-1/2 {Draw by 3-fold repetition}
Score of checkforge vs opponent: 17 - 34 - 54  [0.419] 105
Started game 106 of 200 (opponent vs checkforge)
Finished game 106 (opponent vs checkforge): 1/2-1/2 {Draw by 3-fold repetition}
Score of checkforge vs opponent: 17 - 34 - 55  [0.420] 106
Started game 107 of 200 (checkforge vs opponent)
Finished game 107 (checkforge vs opponent): 1/2-1/2 {Draw by 3-fold repetition}
Score of checkforge vs opponent: 17 - 34 - 56  [0.421] 107
Started game 108 of 200 (opponent vs checkforge)
Finished game 108 (opponent vs checkforge): 1-0 {White mates}
Score of checkforge vs opponent: 17 - 35 - 56  [0.417] 108
Started game 109 of 200 (checkforge vs opponent)
Finished game 109 (checkforge vs opponent): 1-0 {White mates}
Score of checkforge vs opponent: 18 - 35 - 56  [0.422] 109
Started game 110 of 200 (opponent vs checkforge)
Finished game 110 (opponent vs checkforge): 0-1 {Black mates}
Score of checkforge vs opponent: 19 - 35 - 56  [0.427] 110
Started game 111 of 200 (checkforge vs opponent)
Finished game 111 (checkforge vs opponent): 0-1 {Black mates}
Score of checkforge vs opponent: 19 - 36 - 56  [0.423] 111
Started game 112 of 200 (opponent vs checkforge)
Finished game 112 (opponent vs checkforge): 1-0 {White mates}
Score of checkforge vs opponent: 19 - 37 - 56  [0.420] 112
Started game 113 of 200 (checkforge vs opponent)
Finished game 113 (checkforge vs opponent): 1/2-1/2 {Draw by 3-fold repetition}
Score of checkforge vs opponent: 19 - 37 - 57  [0.420] 113
Started game 114 of 200 (opponent vs checkforge)
Finished game 114 (opponent vs checkforge): 0-1 {Black mates}
Score of checkforge vs opponent: 20 - 37 - 57  [0.425] 114
Started game 115 of 200 (checkforge vs opponent)
Finished game 115 (checkforge vs opponent): 1/2-1/2 {Draw by 3-fold repetition}
Score of checkforge vs opponent: 20 - 37 - 58  [0.426] 115
Started game 116 of 200 (opponent vs checkforge)
Finished game 116 (opponent vs checkforge): 0-1 {Black mates}
Score of checkforge vs opponent: 21 - 37 - 58  [0.431] 116
Started game 117 of 200 (checkforge vs opponent)
Finished game 117 (checkforge vs opponent): 0-1 {Black mates}
Score of checkforge vs opponent: 21 - 38 - 58  [0.427] 117
Started game 118 of 200 (opponent vs checkforge)
Finished game 118 (opponent vs checkforge): 0-1 {Black mates}
Score of checkforge vs opponent: 22 - 38 - 58  [0.432] 118
Started game 119 of 200 (checkforge vs opponent)
Finished game 119 (checkforge vs opponent): 0-1 {Black mates}
Score of checkforge vs opponent: 22 - 39 - 58  [0.429] 119
Started game 120 of 200 (opponent vs checkforge)
Finished game 120 (opponent vs checkforge): 1/2-1/2 {Draw by 3-fold repetition}
Score of checkforge vs opponent: 22 - 39 - 59  [0.429] 120
Started game 121 of 200 (checkforge vs opponent)
Finished game 121 (checkforge vs opponent): 0-1 {Black mates}
Score of checkforge vs opponent: 22 - 40 - 59  [0.426] 121
Started game 122 of 200 (opponent vs checkforge)
Finished game 122 (opponent vs checkforge): 1/2-1/2 {Draw by insufficient mating material}
Score of checkforge vs opponent: 22 - 40 - 60  [0.426] 122
Started game 123 of 200 (checkforge vs opponent)
Finished game 123 (checkforge vs opponent): 1/2-1/2 {Draw by 3-fold repetition}
Score of checkforge vs opponent: 22 - 40 - 61  [0.427] 123
Started game 124 of 200 (opponent vs checkforge)
Finished game 124 (opponent vs checkforge): 1-0 {White mates}
Score of checkforge vs opponent: 22 - 41 - 61  [0.423] 124
Started game 125 of 200 (checkforge vs opponent)
Finished game 125 (checkforge vs opponent): 1/2-1/2 {Draw by 3-fold repetition}
Score of checkforge vs opponent: 22 - 41 - 62  [0.424] 125
Started game 126 of 200 (opponent vs checkforge)
Finished game 126 (opponent vs checkforge): 1/2-1/2 {Draw by 3-fold repetition}
Score of checkforge vs opponent: 22 - 41 - 63  [0.425] 126
Started game 127 of 200 (checkforge vs opponent)
Finished game 127 (checkforge vs opponent): 0-1 {Black mates}
Score of checkforge vs opponent: 22 - 42 - 63  [0.421] 127
Started game 128 of 200 (opponent vs checkforge)
Finished game 128 (opponent vs checkforge): 1-0 {White mates}
Score of checkforge vs opponent: 22 - 43 - 63  [0.418] 128
Started game 129 of 200 (checkforge vs opponent)
Finished game 129 (checkforge vs opponent): 0-1 {Black mates}
Score of checkforge vs opponent: 22 - 44 - 63  [0.415] 129
Started game 130 of 200 (opponent vs checkforge)
Finished game 130 (opponent vs checkforge): 1/2-1/2 {Draw by 3-fold repetition}
Score of checkforge vs opponent: 22 - 44 - 64  [0.415] 130
Started game 131 of 200 (checkforge vs opponent)
Finished game 131 (checkforge vs opponent): 1/2-1/2 {Draw by 3-fold repetition}
Score of checkforge vs opponent: 22 - 44 - 65  [0.416] 131
Started game 132 of 200 (opponent vs checkforge)
Finished game 132 (opponent vs checkforge): 1-0 {White mates}
Score of checkforge vs opponent: 22 - 45 - 65  [0.413] 132
Started game 133 of 200 (checkforge vs opponent)
Finished game 133 (checkforge vs opponent): 1-0 {White mates}
Score of checkforge vs opponent: 23 - 45 - 65  [0.417] 133
Started game 134 of 200 (opponent vs checkforge)
Finished game 134 (opponent vs checkforge): 1/2-1/2 {Draw by 3-fold repetition}
Score of checkforge vs opponent: 23 - 45 - 66  [0.418] 134
Started game 135 of 200 (checkforge vs opponent)
Finished game 135 (checkforge vs opponent): 0-1 {Black mates}
Score of checkforge vs opponent: 23 - 46 - 66  [0.415] 135
Started game 136 of 200 (opponent vs checkforge)
Finished game 136 (opponent vs checkforge): 1-0 {White mates}
Score of checkforge vs opponent: 23 - 47 - 66  [0.412] 136
Started game 137 of 200 (checkforge vs opponent)
Finished game 137 (checkforge vs opponent): 1/2-1/2 {Draw by 3-fold repetition}
Score of checkforge vs opponent: 23 - 47 - 67  [0.412] 137
Started game 138 of 200 (opponent vs checkforge)
Finished game 138 (opponent vs checkforge): 0-1 {Black mates}
Score of checkforge vs opponent: 24 - 47 - 67  [0.417] 138
Started game 139 of 200 (checkforge vs opponent)
Finished game 139 (checkforge vs opponent): 1/2-1/2 {Draw by 3-fold repetition}
Score of checkforge vs opponent: 24 - 47 - 68  [0.417] 139
Started game 140 of 200 (opponent vs checkforge)
Finished game 140 (opponent vs checkforge): 0-1 {Black mates}
Score of checkforge vs opponent: 25 - 47 - 68  [0.421] 140
Started game 141 of 200 (checkforge vs opponent)
Finished game 141 (checkforge vs opponent): 0-1 {Black mates}
Score of checkforge vs opponent: 25 - 48 - 68  [0.418] 141
Started game 142 of 200 (opponent vs checkforge)
Finished game 142 (opponent vs checkforge): 1/2-1/2 {Draw by 3-fold repetition}
Score of checkforge vs opponent: 25 - 48 - 69  [0.419] 142
Started game 143 of 200 (checkforge vs opponent)
Finished game 143 (checkforge vs opponent): 1/2-1/2 {Draw by 3-fold repetition}
Score of checkforge vs opponent: 25 - 48 - 70  [0.420] 143
Started game 144 of 200 (opponent vs checkforge)
Finished game 144 (opponent vs checkforge): 1-0 {White mates}
Score of checkforge vs opponent: 25 - 49 - 70  [0.417] 144
Started game 145 of 200 (checkforge vs opponent)
Finished game 145 (checkforge vs opponent): 1/2-1/2 {Draw by 3-fold repetition}
Score of checkforge vs opponent: 25 - 49 - 71  [0.417] 145
Started game 146 of 200 (opponent vs checkforge)
Finished game 146 (opponent vs checkforge): 1/2-1/2 {Draw by 3-fold repetition}
Score of checkforge vs opponent: 25 - 49 - 72  [0.418] 146
Started game 147 of 200 (checkforge vs opponent)
Finished game 147 (checkforge vs opponent): 1/2-1/2 {Draw by 3-fold repetition}
Score of checkforge vs opponent: 25 - 49 - 73  [0.418] 147
Started game 148 of 200 (opponent vs checkforge)
Finished game 148 (opponent vs checkforge): 1-0 {White mates}
Score of checkforge vs opponent: 25 - 50 - 73  [0.416] 148
Started game 149 of 200 (checkforge vs opponent)
Finished game 149 (checkforge vs opponent): 1/2-1/2 {Draw by 3-fold repetition}
Score of checkforge vs opponent: 25 - 50 - 74  [0.416] 149
Started game 150 of 200 (opponent vs checkforge)
Finished game 150 (opponent vs checkforge): 1/2-1/2 {Draw by 3-fold repetition}
Score of checkforge vs opponent: 25 - 50 - 75  [0.417] 150
Started game 151 of 200 (checkforge vs opponent)
Finished game 151 (checkforge vs opponent): 1/2-1/2 {Draw by 3-fold repetition}
Score of checkforge vs opponent: 25 - 50 - 76  [0.417] 151
Started game 152 of 200 (opponent vs checkforge)
Finished game 152 (opponent vs checkforge): 1/2-1/2 {Draw by 3-fold repetition}
Score of checkforge vs opponent: 25 - 50 - 77  [0.418] 152
Started game 153 of 200 (checkforge vs opponent)
Finished game 153 (checkforge vs opponent): 0-1 {Black mates}
Score of checkforge vs opponent: 25 - 51 - 77  [0.415] 153
Started game 154 of 200 (opponent vs checkforge)
Finished game 154 (opponent vs checkforge): 1-0 {White mates}
Score of checkforge vs opponent: 25 - 52 - 77  [0.412] 154
Started game 155 of 200 (checkforge vs opponent)
Finished game 155 (checkforge vs opponent): 1/2-1/2 {Draw by 3-fold repetition}
Score of checkforge vs opponent: 25 - 52 - 78  [0.413] 155
Started game 156 of 200 (opponent vs checkforge)
Finished game 156 (opponent vs checkforge): 1-0 {White mates}
Score of checkforge vs opponent: 25 - 53 - 78  [0.410] 156
Started game 157 of 200 (checkforge vs opponent)
Finished game 157 (checkforge vs opponent): 1-0 {White mates}
Score of checkforge vs opponent: 26 - 53 - 78  [0.414] 157
Started game 158 of 200 (opponent vs checkforge)
Finished game 158 (opponent vs checkforge): 1/2-1/2 {Draw by 3-fold repetition}
Score of checkforge vs opponent: 26 - 53 - 79  [0.415] 158
Started game 159 of 200 (checkforge vs opponent)
Finished game 159 (checkforge vs opponent): 0-1 {Black mates}
Score of checkforge vs opponent: 26 - 54 - 79  [0.412] 159
Started game 160 of 200 (opponent vs checkforge)
Finished game 160 (opponent vs checkforge): 1/2-1/2 {Draw by 3-fold repetition}
Score of checkforge vs opponent: 26 - 54 - 80  [0.412] 160
Started game 161 of 200 (checkforge vs opponent)
Finished game 161 (checkforge vs opponent): 1/2-1/2 {Draw by 3-fold repetition}
Score of checkforge vs opponent: 26 - 54 - 81  [0.413] 161
Started game 162 of 200 (opponent vs checkforge)
Finished game 162 (opponent vs checkforge): 0-1 {Black mates}
Score of checkforge vs opponent: 27 - 54 - 81  [0.417] 162
Started game 163 of 200 (checkforge vs opponent)
Finished game 163 (checkforge vs opponent): 1/2-1/2 {Draw by 3-fold repetition}
Score of checkforge vs opponent: 27 - 54 - 82  [0.417] 163
Started game 164 of 200 (opponent vs checkforge)
Finished game 164 (opponent vs checkforge): 0-1 {Black mates}
Score of checkforge vs opponent: 28 - 54 - 82  [0.421] 164
Started game 165 of 200 (checkforge vs opponent)
Finished game 165 (checkforge vs opponent): 0-1 {Black mates}
Score of checkforge vs opponent: 28 - 55 - 82  [0.418] 165
Started game 166 of 200 (opponent vs checkforge)
Finished game 166 (opponent vs checkforge): 1/2-1/2 {Draw by 3-fold repetition}
Score of checkforge vs opponent: 28 - 55 - 83  [0.419] 166
Started game 167 of 200 (checkforge vs opponent)
Finished game 167 (checkforge vs opponent): 0-1 {Black mates}
Score of checkforge vs opponent: 28 - 56 - 83  [0.416] 167
Started game 168 of 200 (opponent vs checkforge)
Finished game 168 (opponent vs checkforge): 1-0 {White mates}
Score of checkforge vs opponent: 28 - 57 - 83  [0.414] 168
Started game 169 of 200 (checkforge vs opponent)
Finished game 169 (checkforge vs opponent): 0-1 {Black mates}
Score of checkforge vs opponent: 28 - 58 - 83  [0.411] 169
Started game 170 of 200 (opponent vs checkforge)
Finished game 170 (opponent vs checkforge): 1/2-1/2 {Draw by 3-fold repetition}
Score of checkforge vs opponent: 28 - 58 - 84  [0.412] 170
Started game 171 of 200 (checkforge vs opponent)
Finished game 171 (checkforge vs opponent): 1/2-1/2 {Draw by insufficient mating material}
Score of checkforge vs opponent: 28 - 58 - 85  [0.412] 171
Started game 172 of 200 (opponent vs checkforge)
Finished game 172 (opponent vs checkforge): 1/2-1/2 {Draw by 3-fold repetition}
Score of checkforge vs opponent: 28 - 58 - 86  [0.413] 172
Started game 173 of 200 (checkforge vs opponent)
Finished game 173 (checkforge vs opponent): 1/2-1/2 {Draw by 3-fold repetition}
Score of checkforge vs opponent: 28 - 58 - 87  [0.413] 173
Started game 174 of 200 (opponent vs checkforge)
Finished game 174 (opponent vs checkforge): 1/2-1/2 {Draw by 3-fold repetition}
Score of checkforge vs opponent: 28 - 58 - 88  [0.414] 174
Started game 175 of 200 (checkforge vs opponent)
Finished game 175 (checkforge vs opponent): 1/2-1/2 {Draw by 3-fold repetition}
Score of checkforge vs opponent: 28 - 58 - 89  [0.414] 175
Started game 176 of 200 (opponent vs checkforge)
Finished game 176 (opponent vs checkforge): 1/2-1/2 {Draw by 3-fold repetition}
Score of checkforge vs opponent: 28 - 58 - 90  [0.415] 176
Started game 177 of 200 (checkforge vs opponent)
Finished game 177 (checkforge vs opponent): 1/2-1/2 {Draw by 3-fold repetition}
Score of checkforge vs opponent: 28 - 58 - 91  [0.415] 177
Started game 178 of 200 (opponent vs checkforge)
Finished game 178 (opponent vs checkforge): 1/2-1/2 {Draw by 3-fold repetition}
Score of checkforge vs opponent: 28 - 58 - 92  [0.416] 178
Started game 179 of 200 (checkforge vs opponent)
Finished game 179 (checkforge vs opponent): 1/2-1/2 {Draw by 3-fold repetition}
Score of checkforge vs opponent: 28 - 58 - 93  [0.416] 179
Started game 180 of 200 (opponent vs checkforge)
Finished game 180 (opponent vs checkforge): 1-0 {White mates}
Score of checkforge vs opponent: 28 - 59 - 93  [0.414] 180
Started game 181 of 200 (checkforge vs opponent)
Finished game 181 (checkforge vs opponent): 1-0 {White mates}
Score of checkforge vs opponent: 29 - 59 - 93  [0.417] 181
Started game 182 of 200 (opponent vs checkforge)
Finished game 182 (opponent vs checkforge): 1/2-1/2 {Draw by 3-fold repetition}
Score of checkforge vs opponent: 29 - 59 - 94  [0.418] 182
Started game 183 of 200 (checkforge vs opponent)
Finished game 183 (checkforge vs opponent): 0-1 {Black mates}
Score of checkforge vs opponent: 29 - 60 - 94  [0.415] 183
Started game 184 of 200 (opponent vs checkforge)
Finished game 184 (opponent vs checkforge): 1-0 {White mates}
Score of checkforge vs opponent: 29 - 61 - 94  [0.413] 184
Started game 185 of 200 (checkforge vs opponent)
Finished game 185 (checkforge vs opponent): 1/2-1/2 {Draw by 3-fold repetition}
Score of checkforge vs opponent: 29 - 61 - 95  [0.414] 185
Started game 186 of 200 (opponent vs checkforge)
Finished game 186 (opponent vs checkforge): 0-1 {Black mates}
Score of checkforge vs opponent: 30 - 61 - 95  [0.417] 186
Started game 187 of 200 (checkforge vs opponent)
Finished game 187 (checkforge vs opponent): 1/2-1/2 {Draw by 3-fold repetition}
Score of checkforge vs opponent: 30 - 61 - 96  [0.417] 187
Started game 188 of 200 (opponent vs checkforge)
Finished game 188 (opponent vs checkforge): 0-1 {Black mates}
Score of checkforge vs opponent: 31 - 61 - 96  [0.420] 188
Started game 189 of 200 (checkforge vs opponent)
Finished game 189 (checkforge vs opponent): 0-1 {Black mates}
Score of checkforge vs opponent: 31 - 62 - 96  [0.418] 189
Started game 190 of 200 (opponent vs checkforge)
Finished game 190 (opponent vs checkforge): 1/2-1/2 {Draw by 3-fold repetition}
Score of checkforge vs opponent: 31 - 62 - 97  [0.418] 190
Started game 191 of 200 (checkforge vs opponent)
Finished game 191 (checkforge vs opponent): 1/2-1/2 {Draw by 3-fold repetition}
Score of checkforge vs opponent: 31 - 62 - 98  [0.419] 191
Started game 192 of 200 (opponent vs checkforge)
Finished game 192 (opponent vs checkforge): 1/2-1/2 {Draw by 3-fold repetition}
Score of checkforge vs opponent: 31 - 62 - 99  [0.419] 192
Started game 193 of 200 (checkforge vs opponent)
Finished game 193 (checkforge vs opponent): 1/2-1/2 {Draw by 3-fold repetition}
Score of checkforge vs opponent: 31 - 62 - 100  [0.420] 193
Started game 194 of 200 (opponent vs checkforge)
Finished game 194 (opponent vs checkforge): 1/2-1/2 {Draw by 3-fold repetition}
Score of checkforge vs opponent: 31 - 62 - 101  [0.420] 194
Started game 195 of 200 (checkforge vs opponent)
Finished game 195 (checkforge vs opponent): 1-0 {White mates}
Score of checkforge vs opponent: 32 - 62 - 101  [0.423] 195
Started game 196 of 200 (opponent vs checkforge)
Finished game 196 (opponent vs checkforge): 1-0 {White mates}
Score of checkforge vs opponent: 32 - 63 - 101  [0.421] 196
Started game 197 of 200 (checkforge vs opponent)
Finished game 197 (checkforge vs opponent): 0-1 {Black mates}
Score of checkforge vs opponent: 32 - 64 - 101  [0.419] 197
Started game 198 of 200 (opponent vs checkforge)
Finished game 198 (opponent vs checkforge): 1-0 {White mates}
Score of checkforge vs opponent: 32 - 65 - 101  [0.417] 198
Started game 199 of 200 (checkforge vs opponent)
Finished game 199 (checkforge vs opponent): 1/2-1/2 {Draw by 3-fold repetition}
Score of checkforge vs opponent: 32 - 65 - 102  [0.417] 199
Started game 200 of 200 (opponent vs checkforge)
Finished game 200 (opponent vs checkforge): 1-0 {White mates}
Score of checkforge vs opponent: 32 - 66 - 102  [0.415] 200
...      checkforge playing White: 12 - 27 - 61  [0.425] 100
...      checkforge playing Black: 20 - 39 - 41  [0.405] 100
...      White vs Black: 51 - 47 - 102  [0.510] 200
Elo difference: -59.6 +/- 33.7, LOS: 0.0 %, DrawRatio: 51.0 %
SPRT: llr 0 (0.0%), lbound -inf, ubound inf

Player: checkforge
   "Draw by 3-fold repetition": 97
   "Draw by insufficient mating material": 5
   "Loss: Black mates": 27
   "Loss: White mates": 39
   "Win: Black mates": 20
   "Win: White mates": 12
Player: opponent
   "Draw by 3-fold repetition": 97
   "Draw by insufficient mating material": 5
   "Loss: Black mates": 20
   "Loss: White mates": 12
   "Win: Black mates": 27
   "Win: White mates": 39
Finished match
