Indexing opening suite...
Started game 1 of 200 (checkforge vs opponent)
Finished game 1 (checkforge vs opponent): 1-0 {White mates}
Score of checkforge vs opponent: 1 - 0 - 0  [1.000] 1
Started game 2 of 200 (opponent vs checkforge)
Finished game 2 (opponent vs checkforge): 0-1 {Black mates}
Score of checkforge vs opponent: 2 - 0 - 0  [1.000] 2
Started game 3 of 200 (checkforge vs opponent)
Finished game 3 (checkforge vs opponent): 0-1 {Black mates}
Score of checkforge vs opponent: 2 - 1 - 0  [0.667] 3
Started game 4 of 200 (opponent vs checkforge)
Finished game 4 (opponent vs checkforge): 1-0 {White mates}
Score of checkforge vs opponent: 2 - 2 - 0  [0.500] 4
Started game 5 of 200 (checkforge vs opponent)
Finished game 5 (checkforge vs opponent): 1/2-1/2 {Draw by 3-fold repetition}
Score of checkforge vs opponent: 2 - 2 - 1  [0.500] 5
Started game 6 of 200 (opponent vs checkforge)
Finished game 6 (opponent vs checkforge): 1/2-1/2 {Draw by 3-fold repetition}
Score of checkforge vs opponent: 2 - 2 - 2  [0.500] 6
Started game 7 of 200 (checkforge vs opponent)
Finished game 7 (checkforge vs opponent): 1/2-1/2 {Draw by 3-fold repetition}
Score of checkforge vs opponent: 2 - 2 - 3  [0.500] 7
Started game 8 of 200 (opponent vs checkforge)
Finished game 8 (opponent vs checkforge): 1/2-1/2 {Draw by 3-fold repetition}
Score of checkforge vs opponent: 2 - 2 - 4  [0.500] 8
Started game 9 of 200 (checkforge vs opponent)
Finished game 9 (checkforge vs opponent): 1-0 {White mates}
Score of checkforge vs opponent: 3 - 2 - 4  [0.556] 9
Started game 10 of 200 (opponent vs checkforge)
Finished game 10 (opponent vs checkforge): 1-0 {White mates}
Score of checkforge vs opponent: 3 - 3 - 4  [0.500] 10
Started game 11 of 200 (checkforge vs opponent)
Finished game 11 (checkforge vs opponent): 0-1 {Black mates}
Score of checkforge vs opponent: 3 - 4 - 4  [0.455] 11
Started game 12 of 200 (opponent vs checkforge)
Finished game 12 (opponent vs checkforge): 0-1 {Black mates}
Score of checkforge vs opponent: 4 - 4 - 4  [0.500] 12
Started game 13 of 200 (checkforge vs opponent)
Finished game 13 (checkforge vs opponent): 1/2-1/2 {Draw by 3-fold repetition}
Score of checkforge vs opponent: 4 - 4 - 5  [0.500] 13
Started game 14 of 200 (opponent vs checkforge)
Finished game 14 (opponent vs checkforge): 1-0 {White mates}
Score of checkforge vs opponent: 4 - 5 - 5  [0.464] 14
Started game 15 of 200 (checkforge vs opponent)
Finished game 15 (checkforge vs opponent): 1/2-1/2 {Draw by 3-fold repetition}
Score of checkforge vs opponent: 4 - 5 - 6  [0.467] 15
Started game 16 of 200 (opponent vs checkforge)
Finished game 16 (opponent vs checkforge): 1/2-1/2 {Draw by 3-fold repetition}
Score of checkforge vs opponent: 4 - 5 - 7  [0.469] 16
Started game 17 of 200 (checkforge vs opponent)
Finished game 17 (checkforge vs opponent): 1/2-1/2 {Draw by 3-fold repetition}
Score of checkforge vs opponent: 4 - 5 - 8  [0.471] 17
Started game 18 of 200 (opponent vs checkforge)
Finished game 18 (opponent vs checkforge): 1/2-1/2 {Draw by 3-fold repetition}
Score of checkforge vs opponent: 4 - 5 - 9  [0.472] 18
Started game 19 of 200 (checkforge vs opponent)
Finished game 19 (checkforge vs opponent): 1/2-1/2 {Draw by 3-fold repetition}
Score of checkforge vs opponent: 4 - 5 - 10  [0.474] 19
Started game 20 of 200 (opponent vs checkforge)
Finished game 20 (opponent vs checkforge): 1-0 {White mates}
Score of checkforge vs opponent: 4 - 6 - 10  [0.450] 20
Started game 21 of 200 (checkforge vs opponent)
Finished game 21 (checkforge vs opponent): 1/2-1/2 {Draw by 3-fold repetition}
Score of checkforge vs opponent: 4 - 6 - 11  [0.452] 21
Started game 22 of 200 (opponent vs checkforge)
Finished game 22 (opponent vs checkforge): 1/2-1/2 {Draw by 3-fold repetition}
Score of checkforge vs opponent: 4 - 6 - 12  [0.455] 22
Started game 23 of 200 (checkforge vs opponent)
Finished game 23 (checkforge vs opponent): 1/2-1/2 {Draw by 3-fold repetition}
Score of checkforge vs opponent: 4 - 6 - 13  [0.457] 23
Started game 24 of 200 (opponent vs checkforge)
Finished game 24 (opponent vs checkforge): 0-1 {Black mates}
Score of checkforge vs opponent: 5 - 6 - 13  [0.479] 24
Started game 25 of 200 (checkforge vs opponent)
Finished game 25 (checkforge vs opponent): 1-0 {White mates}
Score of checkforge vs opponent: 6 - 6 - 13  [0.500] 25
Started game 26 of 200 (opponent vs checkforge)
Finished game 26 (opponent vs checkforge): 1-0 {White mates}
Score of checkforge vs opponent: 6 - 7 - 13  [0.481] 26
Started game 27 of 200 (checkforge vs opponent)
Finished game 27 (checkforge vs opponent): 0-1 {Black mates}
Score of checkforge vs opponent: 6 - 8 - 13  [0.463] 27
Started game 28 of 200 (opponent vs checkforge)
Finished game 28 (opponent vs checkforge): 1-0 {White mates}
Score of checkforge vs opponent: 6 - 9 - 13  [0.446] 28
Started game 29 of 200 (checkforge vs opponent)
Finished game 29 (checkforge vs opponent): 1/2-1/2 {Draw by insufficient mating material}
Score of checkforge vs opponent: 6 - 9 - 14  [0.448] 29
Started game 30 of 200 (opponent vs checkforge)
Finished game 30 (opponent vs checkforge): 1/2-1/2 {Draw by 3-fold repetition}
Score of checkforge vs opponent: 6 - 9 - 15  [0.450] 30
Started game 31 of 200 (checkforge vs opponent)
Finished game 31 (checkforge vs opponent): 1-0 {White mates}
Score of checkforge vs opponent: 7 - 9 - 15  [0.468] 31
Started game 32 of 200 (opponent vs checkforge)
Finished game 32 (opponent vs checkforge): 0-1 {Black mates}
Score of checkforge vs opponent: 8 - 9 - 15  [0.484] 32
Started game 33 of 200 (checkforge vs opponent)
Finished game 33 (checkforge vs opponent): 1-0 {White mates}
Score of checkforge vs opponent: 9 - 9 - 15  [0.500] 33
Started game 34 of 200 (opponent vs checkforge)
Finished game 34 (opponent vs checkforge): 1-0 {White mates}
Score of checkforge vs opponent: 9 - 10 - 15  [0.485] 34
Started game 35 of 200 (checkforge vs opponent)
Finished game 35 (checkforge vs opponent): 1/2-1/2 {Draw by 3-fold repetition}
Score of checkforge vs opponent: 9 - 10 - 16  [0.486] 35
Started game 36 of 200 (opponent vs checkforge)
Finished game 36 (opponent vs checkforge): 0-1 {Black mates}
Score of checkforge vs opponent: 10 - 10 - 16  [0.500] 36
Started game 37 of 200 (checkforge vs opponent)
Finished game 37 (checkforge vs opponent): 0-1 {Black mates}
Score of checkforge vs opponent: 10 - 11 - 16  [0.486] 37
Started game 38 of 200 (opponent vs checkforge)
Finished game 38 (opponent vs checkforge): 1/2-1/2 {Draw by 3-fold repetition}
Score of checkforge vs opponent: 10 - 11 - 17  [0.487] 38
Started game 39 of 200 (checkforge vs opponent)
Finished game 39 (checkforge vs opponent): 0-1 {Black mates}
Score of checkforge vs opponent: 10 - 12 - 17  [0.474] 39
Started game 40 of 200 (opponent vs checkforge)
Finished game 40 (opponent vs checkforge): 1/2-1/2 {Draw by 3-fold repetition}
Score of checkforge vs opponent: 10 - 12 - 18  [0.475] 40
Started game 41 of 200 (checkforge vs opponent)
Finished game 41 (checkforge vs opponent): 1/2-1/2 {Draw by 3-fold repetition}
Score of checkforge vs opponent: 10 - 12 - 19  [0.476] 41
Started game 42 of 200 (opponent vs checkforge)
Finished game 42 (opponent vs checkforge): 1/2-1/2 {Draw by 3-fold repetition}
Score of checkforge vs opponent: 10 - 12 - 20  [0.476] 42
Started game 43 of 200 (checkforge vs opponent)
Finished game 43 (checkforge vs opponent): 1/2-1/2 {Draw by 3-fold repetition}
Score of checkforge vs opponent: 10 - 12 - 21  [0.477] 43
Started game 44 of 200 (opponent vs checkforge)
Finished game 44 (opponent vs checkforge): 1-0 {White mates}
Score of checkforge vs opponent: 10 - 13 - 21  [0.466] 44
Started game 45 of 200 (checkforge vs opponent)
Finished game 45 (checkforge vs opponent): 1/2-1/2 {Draw by 3-fold repetition}
Score of checkforge vs opponent: 10 - 13 - 22  [0.467] 45
Started game 46 of 200 (opponent vs checkforge)
Finished game 46 (opponent vs checkforge): 1/2-1/2 {Draw by 3-fold repetition}
Score of checkforge vs opponent: 10 - 13 - 23  [0.467] 46
Started game 47 of 200 (checkforge vs opponent)
Finished game 47 (checkforge vs opponent): 0-1 {Black mates}
Score of checkforge vs opponent: 10 - 14 - 23  [0.457] 47
Started game 48 of 200 (opponent vs checkforge)
Finished game 48 (opponent vs checkforge): 1/2-1/2 {Draw by 3-fold repetition}
Score of checkforge vs opponent: 10 - 14 - 24  [0.458] 48
Started game 49 of 200 (checkforge vs opponent)
Finished game 49 (checkforge vs opponent): 1-0 {White mates}
Score of checkforge vs opponent: 11 - 14 - 24  [0.469] 49
Started game 50 of 200 (opponent vs checkforge)
Finished game 50 (opponent vs checkforge): 1/2-1/2 {Draw by insufficient mating material}
Score of checkforge vs opponent: 11 - 14 - 25  [0.470] 50
Started game 51 of 200 (checkforge vs opponent)
Finished game 51 (checkforge vs opponent): 1/2-1/2 {Draw by 3-fold repetition}
Score of checkforge vs opponent: 11 - 14 - 26  [0.471] 51
Started game 52 of 200 (opponent vs checkforge)
Finished game 52 (opponent vs checkforge): 0-1 {Black mates}
Score of checkforge vs opponent: 12 - 14 - 26  [0.481] 52
Started game 53 of 200 (checkforge vs opponent)
Finished game 53 (checkforge vs opponent): 1/2-1/2 {Draw by stalemate}
Score of checkforge vs opponent: 12 - 14 - 27  [0.481] 53
Started game 54 of 200 (opponent vs checkforge)
Finished game 54 (opponent vs checkforge): 1/2-1/2 {Draw by 3-fold repetition}
Score of checkforge vs opponent: 12 - 14 - 28  [0.481] 54
Started game 55 of 200 (checkforge vs opponent)
Finished game 55 (checkforge vs opponent): 0-1 {Black mates}
Score of checkforge vs opponent: 12 - 15 - 28  [0.473] 55
Started game 56 of 200 (opponent vs checkforge)
Finished game 56 (opponent vs checkforge): 0-1 {Black mates}
Score of checkforge vs opponent: 13 - 15 - 28  [0.482] 56
Started game 57 of 200 (checkforge vs opponent)
Finished game 57 (checkforge vs opponent): 0-1 {Black mates}
Score of checkforge vs opponent: 13 - 16 - 28  [0.474] 57
Started game 58 of 200 (opponent vs checkforge)
Finished game 58 (opponent vs checkforge): 1/2-1/2 {Draw by insufficient mating material}
Score of checkforge vs opponent: 13 - 16 - 29  [0.474] 58
Started game 59 of 200 (checkforge vs opponent)
Finished game 59 (checkforge vs opponent): 1-0 {White mates}
Score of checkforge vs opponent: 14 - 16 - 29  [0.483] 59
Started game 60 of 200 (opponent vs checkforge)
Finished game 60 (opponent vs checkforge): 1/2-1/2 {Draw by 3-fold repetition}
Score of checkforge vs opponent: 14 - 16 - 30  [0.483] 60
Started game 61 of 200 (checkforge vs opponent)
Finished game 61 (checkforge vs opponent): 1/2-1/2 {Draw by 3-fold repetition}
Score of checkforge vs opponent: 14 - 16 - 31  [0.484] 61
Started game 62 of 200 (opponent vs checkforge)
Finished game 62 (opponent vs checkforge): 0-1 {Black mates}
Score of checkforge vs opponent: 15 - 16 - 31  [0.492] 62
Started game 63 of 200 (checkforge vs opponent)
Finished game 63 (checkforge vs opponent): 1-0 {White mates}
Score of checkforge vs opponent: 16 - 16 - 31  [0.500] 63
Started game 64 of 200 (opponent vs checkforge)
Finished game 64 (opponent vs checkforge): 0-1 {Black mates}
Score of checkforge vs opponent: 17 - 16 - 31  [0.508] 64
Started game 65 of 200 (checkforge vs opponent)
Finished game 65 (checkforge vs opponent): 1/2-1/2 {Draw by 3-fold repetition}
Score of checkforge vs opponent: 17 - 16 - 32  [0.508] 65
Started game 66 of 200 (opponent vs checkforge)
Finished game 66 (opponent vs checkforge): 1/2-1/2 {Draw by 3-fold repetition}
Score of checkforge vs opponent: 17 - 16 - 33  [0.508] 66
Started game 67 of 200 (checkforge vs opponent)
Finished game 67 (checkforge vs opponent): 0-1 {Black mates}
Score of checkforge vs opponent: 17 - 17 - 33  [0.500] 67
Started game 68 of 200 (opponent vs checkforge)
Finished game 68 (opponent vs checkforge): 1-0 {White mates}
Score of checkforge vs opponent: 17 - 18 - 33  [0.493] 68
Started game 69 of 200 (checkforge vs opponent)
Finished game 69 (checkforge vs opponent): 1/2-1/2 {Draw by 3-fold repetition}
Score of checkforge vs opponent: 17 - 18 - 34  [0.493] 69
Started game 70 of 200 (opponent vs checkforge)
Finished game 70 (opponent vs checkforge): 1/2-1/2 {Draw by 3-fold repetition}
Score of checkforge vs opponent: 17 - 18 - 35  [0.493] 70
Started game 71 of 200 (checkforge vs opponent)
Finished game 71 (checkforge vs opponent): 1/2-1/2 {Draw by 3-fold repetition}
Score of checkforge vs opponent: 17 - 18 - 36  [0.493] 71
Started game 72 of 200 (opponent vs checkforge)
Finished game 72 (opponent vs checkforge): 1/2-1/2 {Draw by 3-fold repetition}
Score of checkforge vs opponent: 17 - 18 - 37  [0.493] 72
Started game 73 of 200 (checkforge vs opponent)
Finished game 73 (checkforge vs opponent): 1-0 {White mates}
Score of checkforge vs opponent: 18 - 18 - 37  [0.500] 73
Started game 74 of 200 (opponent vs checkforge)
Finished game 74 (opponent vs checkforge): 1-0 {White mates}
Score of checkforge vs opponent: 18 - 19 - 37  [0.493] 74
Started game 75 of 200 (checkforge vs opponent)
Finished game 75 (checkforge vs opponent): 0-1 {Black mates}
Score of checkforge vs opponent: 18 - 20 - 37  [0.487] 75
Started game 76 of 200 (opponent vs checkforge)
Finished game 76 (opponent vs checkforge): 0-1 {Black mates}
Score of checkforge vs opponent: 19 - 20 - 37  [0.493] 76
Started game 77 of 200 (checkforge vs opponent)
Finished game 77 (checkforge vs opponent): 1/2-1/2 {Draw by 3-fold repetition}
Score of checkforge vs opponent: 19 - 20 - 38  [0.494] 77
Started game 78 of 200 (opponent vs checkforge)
Finished game 78 (opponent vs checkforge): 1-0 {White mates}
Score of checkforge vs opponent: 19 - 21 - 38  [0.487] 78
Started game 79 of 200 (checkforge vs opponent)
Finished game 79 (checkforge vs opponent): 1-0 {White mates}
Score of checkforge vs opponent: 20 - 21 - 38  [0.494] 79
Started game 80 of 200 (opponent vs checkforge)
Finished game 80 (opponent vs checkforge): 0-1 {Black mates}
Score of checkforge vs opponent: 21 - 21 - 38  [0.500] 80
Started game 81 of 200 (checkforge vs opponent)
Finished game 81 (checkforge vs opponent): 1/2-1/2 {Draw by 3-fold repetition}
Score of checkforge vs opponent: 21 - 21 - 39  [0.500] 81
Started game 82 of 200 (opponent vs checkforge)
Finished game 82 (opponent vs checkforge): 1/2-1/2 {Draw by 3-fold repetition}
Score of checkforge vs opponent: 21 - 21 - 40  [0.500] 82
Started game 83 of 200 (checkforge vs opponent)
Finished game 83 (checkforge vs opponent): 0-1 {Black mates}
Score of checkforge vs opponent: 21 - 22 - 40  [0.494] 83
Started game 84 of 200 (opponent vs checkforge)
Finished game 84 (opponent vs checkforge): 1/2-1/2 {Draw by 3-fold repetition}
Score of checkforge vs opponent: 21 - 22 - 41  [0.494] 84
Started game 85 of 200 (checkforge vs opponent)
Finished game 85 (checkforge vs opponent): 1/2-1/2 {Draw by 3-fold repetition}
Score of checkforge vs opponent: 21 - 22 - 42  [0.494] 85
Started game 86 of 200 (opponent vs checkforge)
Finished game 86 (opponent vs checkforge): 1/2-1/2 {Draw by 3-fold repetition}
Score of checkforge vs opponent: 21 - 22 - 43  [0.494] 86
Started game 87 of 200 (checkforge vs opponent)
Finished game 87 (checkforge vs opponent): 1-0 {White mates}
Score of checkforge vs opponent: 22 - 22 - 43  [0.500] 87
Started game 88 of 200 (opponent vs checkforge)
Finished game 88 (opponent vs checkforge): 0-1 {Black mates}
Score of checkforge vs opponent: 23 - 22 - 43  [0.506] 88
Started game 89 of 200 (checkforge vs opponent)
Finished game 89 (checkforge vs opponent): 1/2-1/2 {Draw by 3-fold repetition}
Score of checkforge vs opponent: 23 - 22 - 44  [0.506] 89
Started game 90 of 200 (opponent vs checkforge)
Finished game 90 (opponent vs checkforge): 1/2-1/2 {Draw by 3-fold repetition}
Score of checkforge vs opponent: 23 - 22 - 45  [0.506] 90
Started game 91 of 200 (checkforge vs opponent)
Finished game 91 (checkforge vs opponent): 1-0 {White mates}
Score of checkforge vs opponent: 24 - 22 - 45  [0.511] 91
Started game 92 of 200 (opponent vs checkforge)
Finished game 92 (opponent vs checkforge): 0-1 {Black mates}
Score of checkforge vs opponent: 25 - 22 - 45  [0.516] 92
Started game 93 of 200 (checkforge vs opponent)
Finished game 93 (checkforge vs opponent): 1/2-1/2 {Draw by 3-fold repetition}
Score of checkforge vs opponent: 25 - 22 - 46  [0.516] 93
Started game 94 of 200 (opponent vs checkforge)
Finished game 94 (opponent vs checkforge): 1/2-1/2 {Draw by 3-fold repetition}
Score of checkforge vs opponent: 25 - 22 - 47  [0.516] 94
Started game 95 of 200 (checkforge vs opponent)
Finished game 95 (checkforge vs opponent): 1-0 {White mates}
Score of checkforge vs opponent: 26 - 22 - 47  [0.521] 95
Started game 96 of 200 (opponent vs checkforge)
Finished game 96 (opponent vs checkforge): 1/2-1/2 {Draw by 3-fold repetition}
Score of checkforge vs opponent: 26 - 22 - 48  [0.521] 96
Started game 97 of 200 (checkforge vs opponent)
Finished game 97 (checkforge vs opponent): 1/2-1/2 {Draw by 3-fold repetition}
Score of checkforge vs opponent: 26 - 22 - 49  [0.521] 97
Started game 98 of 200 (opponent vs checkforge)
Finished game 98 (opponent vs checkforge): 1/2-1/2 {Draw by 3-fold repetition}
Score of checkforge vs opponent: 26 - 22 - 50  [0.520] 98
Started game 99 of 200 (checkforge vs opponent)
Finished game 99 (checkforge vs opponent): 1-0 {White mates}
Score of checkforge vs opponent: 27 - 22 - 50  [0.525] 99
Started game 100 of 200 (opponent vs checkforge)
Finished game 100 (opponent vs checkforge): 0-1 {Black mates}
Score of checkforge vs opponent: 28 - 22 - 50  [0.530] 100
Started game 101 of 200 (checkforge vs opponent)
Finished game 101 (checkforge vs opponent): 1/2-1/2 {Draw by 3-fold repetition}
Score of checkforge vs opponent: 28 - 22 - 51  [0.530] 101
Started game 102 of 200 (opponent vs checkforge)
Finished game 102 (opponent vs checkforge): 1/2-1/2 {Draw by 3-fold repetition}
Score of checkforge vs opponent: 28 - 22 - 52  [0.529] 102
Started game 103 of 200 (checkforge vs opponent)
Finished game 103 (checkforge vs opponent): 0-1 {Black mates}
Score of checkforge vs opponent: 28 - 23 - 52  [0.524] 103
Started game 104 of 200 (opponent vs checkforge)
Finished game 104 (opponent vs checkforge): 1-0 {White mates}
Score of checkforge vs opponent: 28 - 24 - 52  [0.519] 104
Started game 105 of 200 (checkforge vs opponent)
Finished game 105 (checkforge vs opponent): 1/2-1/2 {Draw by 3-fold repetition}
Score of checkforge vs opponent: 28 - 24 - 53  [0.519] 105
Started game 106 of 200 (opponent vs checkforge)
Finished game 106 (opponent vs checkforge): 1/2-1/2 {Draw by 3-fold repetition}
Score of checkforge vs opponent: 28 - 24 - 54  [0.519] 106
Started game 107 of 200 (checkforge vs opponent)
Finished game 107 (checkforge vs opponent): 1/2-1/2 {Draw by 3-fold repetition}
Score of checkforge vs opponent: 28 - 24 - 55  [0.519] 107
Started game 108 of 200 (opponent vs checkforge)
Finished game 108 (opponent vs checkforge): 1-0 {White mates}
Score of checkforge vs opponent: 28 - 25 - 55  [0.514] 108
Started game 109 of 200 (checkforge vs opponent)
Finished game 109 (checkforge vs opponent): 1-0 {White mates}
Score of checkforge vs opponent: 29 - 25 - 55  [0.518] 109
Started game 110 of 200 (opponent vs checkforge)
Finished game 110 (opponent vs checkforge): 1-0 {White mates}
Score of checkforge vs opponent: 29 - 26 - 55  [0.514] 110
Started game 111 of 200 (checkforge vs opponent)
Finished game 111 (checkforge vs opponent): 0-1 {Black mates}
Score of checkforge vs opponent: 29 - 27 - 55  [0.509] 111
Started game 112 of 200 (opponent vs checkforge)
Finished game 112 (opponent vs checkforge): 1/2-1/2 {Draw by 3-fold repetition}
Score of checkforge vs opponent: 29 - 27 - 56  [0.509] 112
Started game 113 of 200 (checkforge vs opponent)
Finished game 113 (checkforge vs opponent): 1/2-1/2 {Draw by 3-fold repetition}
Score of checkforge vs opponent: 29 - 27 - 57  [0.509] 113
Started game 114 of 200 (opponent vs checkforge)
Finished game 114 (opponent vs checkforge): 1/2-1/2 {Draw by 3-fold repetition}
Score of checkforge vs opponent: 29 - 27 - 58  [0.509] 114
Started game 115 of 200 (checkforge vs opponent)
Finished game 115 (checkforge vs opponent): 1/2-1/2 {Draw by 3-fold repetition}
Score of checkforge vs opponent: 29 - 27 - 59  [0.509] 115
Started game 116 of 200 (opponent vs checkforge)
Finished game 116 (opponent vs checkforge): 1/2-1/2 {Draw by 3-fold repetition}
Score of checkforge vs opponent: 29 - 27 - 60  [0.509] 116
Started game 117 of 200 (checkforge vs opponent)
Finished game 117 (checkforge vs opponent): 1/2-1/2 {Draw by 3-fold repetition}
Score of checkforge vs opponent: 29 - 27 - 61  [0.509] 117
Started game 118 of 200 (opponent vs checkforge)
Finished game 118 (opponent vs checkforge): 0-1 {Black mates}
Score of checkforge vs opponent: 30 - 27 - 61  [0.513] 118
Started game 119 of 200 (checkforge vs opponent)
Finished game 119 (checkforge vs opponent): 0-1 {Black mates}
Score of checkforge vs opponent: 30 - 28 - 61  [0.508] 119
Started game 120 of 200 (opponent vs checkforge)
Finished game 120 (opponent vs checkforge): 0-1 {Black mates}
Score of checkforge vs opponent: 31 - 28 - 61  [0.512] 120
Started game 121 of 200 (checkforge vs opponent)
Finished game 121 (checkforge vs opponent): 1-0 {White mates}
Score of checkforge vs opponent: 32 - 28 - 61  [0.517] 121
Started game 122 of 200 (opponent vs checkforge)
Finished game 122 (opponent vs checkforge): 0-1 {Black mates}
Score of checkforge vs opponent: 33 - 28 - 61  [0.520] 122
Started game 123 of 200 (checkforge vs opponent)
Finished game 123 (checkforge vs opponent): 0-1 {Black mates}
Score of checkforge vs opponent: 33 - 29 - 61  [0.516] 123
Started game 124 of 200 (opponent vs checkforge)
Finished game 124 (opponent vs checkforge): 1/2-1/2 {Draw by 3-fold repetition}
Score of checkforge vs opponent: 33 - 29 - 62  [0.516] 124
Started game 125 of 200 (checkforge vs opponent)
Finished game 125 (checkforge vs opponent): 1/2-1/2 {Draw by 3-fold repetition}
Score of checkforge vs opponent: 33 - 29 - 63  [0.516] 125
Started game 126 of 200 (opponent vs checkforge)
Finished game 126 (opponent vs checkforge): 1-0 {White mates}
Score of checkforge vs opponent: 33 - 30 - 63  [0.512] 126
Started game 127 of 200 (checkforge vs opponent)
Finished game 127 (checkforge vs opponent): 1-0 {White mates}
Score of checkforge vs opponent: 34 - 30 - 63  [0.516] 127
Started game 128 of 200 (opponent vs checkforge)
Finished game 128 (opponent vs checkforge): 1-0 {White mates}
Score of checkforge vs opponent: 34 - 31 - 63  [0.512] 128
Started game 129 of 200 (checkforge vs opponent)
Finished game 129 (checkforge vs opponent): 1/2-1/2 {Draw by 3-fold repetition}
Score of checkforge vs opponent: 34 - 31 - 64  [0.512] 129
Started game 130 of 200 (opponent vs checkforge)
Finished game 130 (opponent vs checkforge): 1-0 {White mates}
Score of checkforge vs opponent: 34 - 32 - 64  [0.508] 130
Started game 131 of 200 (checkforge vs opponent)
Finished game 131 (checkforge vs opponent): 1/2-1/2 {Draw by 3-fold repetition}
Score of checkforge vs opponent: 34 - 32 - 65  [0.508] 131
Started game 132 of 200 (opponent vs checkforge)
Finished game 132 (opponent vs checkforge): 1/2-1/2 {Draw by 3-fold repetition}
Score of checkforge vs opponent: 34 - 32 - 66  [0.508] 132
Started game 133 of 200 (checkforge vs opponent)
Finished game 133 (checkforge vs opponent): 1/2-1/2 {Draw by 3-fold repetition}
Score of checkforge vs opponent: 34 - 32 - 67  [0.508] 133
Started game 134 of 200 (opponent vs checkforge)
Finished game 134 (opponent vs checkforge): 1/2-1/2 {Draw by 3-fold repetition}
Score of checkforge vs opponent: 34 - 32 - 68  [0.507] 134
Started game 135 of 200 (checkforge vs opponent)
Finished game 135 (checkforge vs opponent): 1/2-1/2 {Draw by 3-fold repetition}
Score of checkforge vs opponent: 34 - 32 - 69  [0.507] 135
Started game 136 of 200 (opponent vs checkforge)
Finished game 136 (opponent vs checkforge): 1-0 {White mates}
Score of checkforge vs opponent: 34 - 33 - 69  [0.504] 136
Started game 137 of 200 (checkforge vs opponent)
Finished game 137 (checkforge vs opponent): 1/2-1/2 {Draw by 3-fold repetition}
Score of checkforge vs opponent: 34 - 33 - 70  [0.504] 137
Started game 138 of 200 (opponent vs checkforge)
Finished game 138 (opponent vs checkforge): 1/2-1/2 {Draw by 3-fold repetition}
Score of checkforge vs opponent: 34 - 33 - 71  [0.504] 138
Started game 139 of 200 (checkforge vs opponent)
Finished game 139 (checkforge vs opponent): 1-0 {White mates}
Score of checkforge vs opponent: 35 - 33 - 71  [0.507] 139
Started game 140 of 200 (opponent vs checkforge)
Finished game 140 (opponent vs checkforge): 0-1 {Black mates}
Score of checkforge vs opponent: 36 - 33 - 71  [0.511] 140
Started game 141 of 200 (checkforge vs opponent)
Finished game 141 (checkforge vs opponent): 1/2-1/2 {Draw by 3-fold repetition}
Score of checkforge vs opponent: 36 - 33 - 72  [0.511] 141
Started game 142 of 200 (opponent vs checkforge)
Finished game 142 (opponent vs checkforge): 1/2-1/2 {Draw by 3-fold repetition}
Score of checkforge vs opponent: 36 - 33 - 73  [0.511] 142
Started game 143 of 200 (checkforge vs opponent)
Finished game 143 (checkforge vs opponent): 1/2-1/2 {Draw by 3-fold repetition}
Score of checkforge vs opponent: 36 - 33 - 74  [0.510] 143
Started game 144 of 200 (opponent vs checkforge)
Finished game 144 (opponent vs checkforge): 1-0 {White mates}
Score of checkforge vs opponent: 36 - 34 - 74  [0.507] 144
Started game 145 of 200 (checkforge vs opponent)
Finished game 145 (checkforge vs opponent): 1/2-1/2 {Draw by 3-fold repetition}
Score of checkforge vs opponent: 36 - 34 - 75  [0.507] 145
Started game 146 of 200 (opponent vs checkforge)
Finished game 146 (opponent vs checkforge): 1-0 {White mates}
Score of checkforge vs opponent: 36 - 35 - 75  [0.503] 146
Started game 147 of 200 (checkforge vs opponent)
Finished game 147 (checkforge vs opponent): 0-1 {Black mates}
Score of checkforge vs opponent: 36 - 36 - 75  [0.500] 147
Started game 148 of 200 (opponent vs checkforge)
Finished game 148 (opponent vs checkforge): 1/2-1/2 {Draw by 3-fold repetition}
Score of checkforge vs opponent: 36 - 36 - 76  [0.500] 148
Started game 149 of 200 (checkforge vs opponent)
Finished game 149 (checkforge vs opponent): 1-0 {White mates}
Score of checkforge vs opponent: 37 - 36 - 76  [0.503] 149
Started game 150 of 200 (opponent vs checkforge)
Finished game 150 (opponent vs checkforge): 1/2-1/2 {Draw by 3-fold repetition}
Score of checkforge vs opponent: 37 - 36 - 77  [0.503] 150
Started game 151 of 200 (checkforge vs opponent)
Finished game 151 (checkforge vs opponent): 1-0 {White mates}
Score of checkforge vs opponent: 38 - 36 - 77  [0.507] 151
Started game 152 of 200 (opponent vs checkforge)
Finished game 152 (opponent vs checkforge): 0-1 {Black mates}
Score of checkforge vs opponent: 39 - 36 - 77  [0.510] 152
Started game 153 of 200 (checkforge vs opponent)
Finished game 153 (checkforge vs opponent): 1/2-1/2 {Draw by 3-fold repetition}
Score of checkforge vs opponent: 39 - 36 - 78  [0.510] 153
Started game 154 of 200 (opponent vs checkforge)
Finished game 154 (opponent vs checkforge): 1/2-1/2 {Draw by 3-fold repetition}
Score of checkforge vs opponent: 39 - 36 - 79  [0.510] 154
Started game 155 of 200 (checkforge vs opponent)
Finished game 155 (checkforge vs opponent): 0-1 {Black mates}
Score of checkforge vs opponent: 39 - 37 - 79  [0.506] 155
Started game 156 of 200 (opponent vs checkforge)
Finished game 156 (opponent vs checkforge): 0-1 {Black mates}
Score of checkforge vs opponent: 40 - 37 - 79  [0.510] 156
Started game 157 of 200 (checkforge vs opponent)
Finished game 157 (checkforge vs opponent): 1-0 {White mates}
Score of checkforge vs opponent: 41 - 37 - 79  [0.513] 157
Started game 158 of 200 (opponent vs checkforge)
Finished game 158 (opponent vs checkforge): 1/2-1/2 {Draw by 3-fold repetition}
Score of checkforge vs opponent: 41 - 37 - 80  [0.513] 158
Started game 159 of 200 (checkforge vs opponent)
Finished game 159 (checkforge vs opponent): 0-1 {Black mates}
Score of checkforge vs opponent: 41 - 38 - 80  [0.509] 159
Started game 160 of 200 (opponent vs checkforge)
Finished game 160 (opponent vs checkforge): 1/2-1/2 {Draw by 3-fold repetition}
Score of checkforge vs opponent: 41 - 38 - 81  [0.509] 160
Started game 161 of 200 (checkforge vs opponent)
Finished game 161 (checkforge vs opponent): 1/2-1/2 {Draw by 3-fold repetition}
Score of checkforge vs opponent: 41 - 38 - 82  [0.509] 161
Started game 162 of 200 (opponent vs checkforge)
Finished game 162 (opponent vs checkforge): 1/2-1/2 {Draw by 3-fold repetition}
Score of checkforge vs opponent: 41 - 38 - 83  [0.509] 162
Started game 163 of 200 (checkforge vs opponent)
Finished game 163 (checkforge vs opponent): 0-1 {Black mates}
Score of checkforge vs opponent: 41 - 39 - 83  [0.506] 163
Started game 164 of 200 (opponent vs checkforge)
Finished game 164 (opponent vs checkforge): 0-1 {Black mates}
Score of checkforge vs opponent: 42 - 39 - 83  [0.509] 164
Started game 165 of 200 (checkforge vs opponent)
Finished game 165 (checkforge vs opponent): 1/2-1/2 {Draw by 3-fold repetition}
Score of checkforge vs opponent: 42 - 39 - 84  [0.509] 165
Started game 166 of 200 (opponent vs checkforge)
Finished game 166 (opponent vs checkforge): 1/2-1/2 {Draw by 3-fold repetition}
Score of checkforge vs opponent: 42 - 39 - 85  [0.509] 166
Started game 167 of 200 (checkforge vs opponent)
Finished game 167 (checkforge vs opponent): 1/2-1/2 {Draw by 3-fold repetition}
Score of checkforge vs opponent: 42 - 39 - 86  [0.509] 167
Started game 168 of 200 (opponent vs checkforge)
Finished game 168 (opponent vs checkforge): 1/2-1/2 {Draw by 3-fold repetition}
Score of checkforge vs opponent: 42 - 39 - 87  [0.509] 168
Started game 169 of 200 (checkforge vs opponent)
Finished game 169 (checkforge vs opponent): 1-0 {Black loses on time}
Score of checkforge vs opponent: 43 - 39 - 87  [0.512] 169
Started game 170 of 200 (opponent vs checkforge)
Finished game 170 (opponent vs checkforge): 1/2-1/2 {Draw by 3-fold repetition}
Score of checkforge vs opponent: 43 - 39 - 88  [0.512] 170
Started game 171 of 200 (checkforge vs opponent)
Finished game 171 (checkforge vs opponent): 0-1 {Black mates}
Score of checkforge vs opponent: 43 - 40 - 88  [0.509] 171
Started game 172 of 200 (opponent vs checkforge)
Finished game 172 (opponent vs checkforge): 0-1 {Black mates}
Score of checkforge vs opponent: 44 - 40 - 88  [0.512] 172
Started game 173 of 200 (checkforge vs opponent)
Finished game 173 (checkforge vs opponent): 1/2-1/2 {Draw by 3-fold repetition}
Score of checkforge vs opponent: 44 - 40 - 89  [0.512] 173
Started game 174 of 200 (opponent vs checkforge)
Finished game 174 (opponent vs checkforge): 1/2-1/2 {Draw by 3-fold repetition}
Score of checkforge vs opponent: 44 - 40 - 90  [0.511] 174
Started game 175 of 200 (checkforge vs opponent)
Finished game 175 (checkforge vs opponent): 1-0 {White mates}
Score of checkforge vs opponent: 45 - 40 - 90  [0.514] 175
Started game 176 of 200 (opponent vs checkforge)
Finished game 176 (opponent vs checkforge): 0-1 {Black mates}
Score of checkforge vs opponent: 46 - 40 - 90  [0.517] 176
Started game 177 of 200 (checkforge vs opponent)
Finished game 177 (checkforge vs opponent): 1-0 {White mates}
Score of checkforge vs opponent: 47 - 40 - 90  [0.520] 177
Started game 178 of 200 (opponent vs checkforge)
Finished game 178 (opponent vs checkforge): 1/2-1/2 {Draw by 3-fold repetition}
Score of checkforge vs opponent: 47 - 40 - 91  [0.520] 178
Started game 179 of 200 (checkforge vs opponent)
Finished game 179 (checkforge vs opponent): 1/2-1/2 {Draw by 3-fold repetition}
Score of checkforge vs opponent: 47 - 40 - 92  [0.520] 179
Started game 180 of 200 (opponent vs checkforge)
Finished game 180 (opponent vs checkforge): 1/2-1/2 {Draw by 3-fold repetition}
Score of checkforge vs opponent: 47 - 40 - 93  [0.519] 180
Started game 181 of 200 (checkforge vs opponent)
Finished game 181 (checkforge vs opponent): 1-0 {White mates}
Score of checkforge vs opponent: 48 - 40 - 93  [0.522] 181
Started game 182 of 200 (opponent vs checkforge)
Finished game 182 (opponent vs checkforge): 1-0 {White mates}
Score of checkforge vs opponent: 48 - 41 - 93  [0.519] 182
Started game 183 of 200 (checkforge vs opponent)
Finished game 183 (checkforge vs opponent): 0-1 {Black mates}
Score of checkforge vs opponent: 48 - 42 - 93  [0.516] 183
Started game 184 of 200 (opponent vs checkforge)
Finished game 184 (opponent vs checkforge): 0-1 {Black mates}
Score of checkforge vs opponent: 49 - 42 - 93  [0.519] 184
Started game 185 of 200 (checkforge vs opponent)
Finished game 185 (checkforge vs opponent): 1/2-1/2 {Draw by 3-fold repetition}
Score of checkforge vs opponent: 49 - 42 - 94  [0.519] 185
Started game 186 of 200 (opponent vs checkforge)
Finished game 186 (opponent vs checkforge): 1/2-1/2 {Draw by 3-fold repetition}
Score of checkforge vs opponent: 49 - 42 - 95  [0.519] 186
Started game 187 of 200 (checkforge vs opponent)
Finished game 187 (checkforge vs opponent): 1-0 {White mates}
Score of checkforge vs opponent: 50 - 42 - 95  [0.521] 187
Started game 188 of 200 (opponent vs checkforge)
Finished game 188 (opponent vs checkforge): 1-0 {White mates}
Score of checkforge vs opponent: 50 - 43 - 95  [0.519] 188
Started game 189 of 200 (checkforge vs opponent)
Finished game 189 (checkforge vs opponent): 1/2-1/2 {Draw by 3-fold repetition}
Score of checkforge vs opponent: 50 - 43 - 96  [0.519] 189
Started game 190 of 200 (opponent vs checkforge)
Finished game 190 (opponent vs checkforge): 1/2-1/2 {Draw by 3-fold repetition}
Score of checkforge vs opponent: 50 - 43 - 97  [0.518] 190
Started game 191 of 200 (checkforge vs opponent)
Finished game 191 (checkforge vs opponent): 1/2-1/2 {Draw by 3-fold repetition}
Score of checkforge vs opponent: 50 - 43 - 98  [0.518] 191
Started game 192 of 200 (opponent vs checkforge)
Finished game 192 (opponent vs checkforge): 1/2-1/2 {Draw by 3-fold repetition}
Score of checkforge vs opponent: 50 - 43 - 99  [0.518] 192
Started game 193 of 200 (checkforge vs opponent)
Finished game 193 (checkforge vs opponent): 1/2-1/2 {Draw by 3-fold repetition}
Score of checkforge vs opponent: 50 - 43 - 100  [0.518] 193
Started game 194 of 200 (opponent vs checkforge)
Finished game 194 (opponent vs checkforge): 1/2-1/2 {Draw by 3-fold repetition}
Score of checkforge vs opponent: 50 - 43 - 101  [0.518] 194
Started game 195 of 200 (checkforge vs opponent)
Finished game 195 (checkforge vs opponent): 0-1 {Black mates}
Score of checkforge vs opponent: 50 - 44 - 101  [0.515] 195
Started game 196 of 200 (opponent vs checkforge)
Finished game 196 (opponent vs checkforge): 1-0 {White mates}
Score of checkforge vs opponent: 50 - 45 - 101  [0.513] 196
Started game 197 of 200 (checkforge vs opponent)
Finished game 197 (checkforge vs opponent): 1/2-1/2 {Draw by 3-fold repetition}
Score of checkforge vs opponent: 50 - 45 - 102  [0.513] 197
Started game 198 of 200 (opponent vs checkforge)
Finished game 198 (opponent vs checkforge): 1/2-1/2 {Draw by 3-fold repetition}
Score of checkforge vs opponent: 50 - 45 - 103  [0.513] 198
Started game 199 of 200 (checkforge vs opponent)
Finished game 199 (checkforge vs opponent): 1-0 {White mates}
Score of checkforge vs opponent: 51 - 45 - 103  [0.515] 199
Started game 200 of 200 (opponent vs checkforge)
Finished game 200 (opponent vs checkforge): 1-0 {White mates}
Score of checkforge vs opponent: 51 - 46 - 103  [0.512] 200
...      checkforge playing White: 27 - 22 - 51  [0.525] 100
...      checkforge playing Black: 24 - 24 - 52  [0.500] 100
...      White vs Black: 51 - 46 - 103  [0.512] 200
Elo difference: 8.7 +/- 33.6, LOS: 69.4 %, DrawRatio: 51.5 %
SPRT: llr 0 (0.0%), lbound -inf, ubound inf

Player: checkforge
   "Draw by 3-fold repetition": 99
   "Draw by insufficient mating material": 3
   "Draw by stalemate": 1
   "Loss: Black mates": 22
   "Loss: White mates": 24
   "Win: Black loses on time": 1
   "Win: Black mates": 24
   "Win: White mates": 26
Player: opponent
   "Draw by 3-fold repetition": 99
   "Draw by insufficient mating material": 3
   "Draw by stalemate": 1
   "Loss: Black loses on time": 1
   "Loss: Black mates": 24
   "Loss: White mates": 26
   "Win: Black mates": 22
   "Win: White mates": 24
Finished match
