Indexing opening suite...
Started game 1 of 200 (checkforge vs SF2000)
Finished game 1 (checkforge vs SF2000): 0-1 {Black mates}
Score of checkforge vs SF2000: 0 - 1 - 0  [0.000] 1
Started game 2 of 200 (SF2000 vs checkforge)
Finished game 2 (SF2000 vs checkforge): 0-1 {Black mates}
Score of checkforge vs SF2000: 1 - 1 - 0  [0.500] 2
Started game 3 of 200 (checkforge vs SF2000)
Finished game 3 (checkforge vs SF2000): 0-1 {Black mates}
Score of checkforge vs SF2000: 1 - 2 - 0  [0.333] 3
Started game 4 of 200 (SF2000 vs checkforge)
Finished game 4 (SF2000 vs checkforge): 1-0 {White mates}
Score of checkforge vs SF2000: 1 - 3 - 0  [0.250] 4
Started game 5 of 200 (checkforge vs SF2000)
Finished game 5 (checkforge vs SF2000): 1-0 {White mates}
Score of checkforge vs SF2000: 2 - 3 - 0  [0.400] 5
Started game 6 of 200 (SF2000 vs checkforge)
Finished game 6 (SF2000 vs checkforge): 1-0 {White mates}
Score of checkforge vs SF2000: 2 - 4 - 0  [0.333] 6
Started game 7 of 200 (checkforge vs SF2000)
Finished game 7 (checkforge vs SF2000): 1-0 {White mates}
Score of checkforge vs SF2000: 3 - 4 - 0  [0.429] 7
Started game 8 of 200 (SF2000 vs checkforge)
Finished game 8 (SF2000 vs checkforge): 0-1 {Black mates}
Score of checkforge vs SF2000: 4 - 4 - 0  [0.500] 8
Started game 9 of 200 (checkforge vs SF2000)
Finished game 9 (checkforge vs SF2000): 0-1 {Black mates}
Score of checkforge vs SF2000: 4 - 5 - 0  [0.444] 9
Started game 10 of 200 (SF2000 vs checkforge)
Finished game 10 (SF2000 vs checkforge): 1-0 {White mates}
Score of checkforge vs SF2000: 4 - 6 - 0  [0.400] 10
Started game 11 of 200 (checkforge vs SF2000)
Finished game 11 (checkforge vs SF2000): 0-1 {Black mates}
Score of checkforge vs SF2000: 4 - 7 - 0  [0.364] 11
Started game 12 of 200 (SF2000 vs checkforge)
Finished game 12 (SF2000 vs checkforge): 0-1 {Black mates}
Score of checkforge vs SF2000: 5 - 7 - 0  [0.417] 12
Started game 13 of 200 (checkforge vs SF2000)
Finished game 13 (checkforge vs SF2000): 0-1 {Black mates}
Score of checkforge vs SF2000: 5 - 8 - 0  [0.385] 13
Started game 14 of 200 (SF2000 vs checkforge)
Finished game 14 (SF2000 vs checkforge): 0-1 {Black mates}
Score of checkforge vs SF2000: 6 - 8 - 0  [0.429] 14
Started game 15 of 200 (checkforge vs SF2000)
Finished game 15 (checkforge vs SF2000): 0-1 {Black mates}
Score of checkforge vs SF2000: 6 - 9 - 0  [0.400] 15
Started game 16 of 200 (SF2000 vs checkforge)
Finished game 16 (SF2000 vs checkforge): 1-0 {White mates}
Score of checkforge vs SF2000: 6 - 10 - 0  [0.375] 16
Started game 17 of 200 (checkforge vs SF2000)
Finished game 17 (checkforge vs SF2000): 1-0 {White mates}
Score of checkforge vs SF2000: 7 - 10 - 0  [0.412] 17
Started game 18 of 200 (SF2000 vs checkforge)
Finished game 18 (SF2000 vs checkforge): 0-1 {Black mates}
Score of checkforge vs SF2000: 8 - 10 - 0  [0.444] 18
Started game 19 of 200 (checkforge vs SF2000)
Finished game 19 (checkforge vs SF2000): 1-0 {White mates}
Score of checkforge vs SF2000: 9 - 10 - 0  [0.474] 19
Started game 20 of 200 (SF2000 vs checkforge)
Finished game 20 (SF2000 vs checkforge): 1-0 {White mates}
Score of checkforge vs SF2000: 9 - 11 - 0  [0.450] 20
Started game 21 of 200 (checkforge vs SF2000)
Finished game 21 (checkforge vs SF2000): 0-1 {Black mates}
Score of checkforge vs SF2000: 9 - 12 - 0  [0.429] 21
Started game 22 of 200 (SF2000 vs checkforge)
Finished game 22 (SF2000 vs checkforge): 1-0 {White mates}
Score of checkforge vs SF2000: 9 - 13 - 0  [0.409] 22
Started game 23 of 200 (checkforge vs SF2000)
Finished game 23 (checkforge vs SF2000): 1-0 {White mates}
Score of checkforge vs SF2000: 10 - 13 - 0  [0.435] 23
Started game 24 of 200 (SF2000 vs checkforge)
Finished game 24 (SF2000 vs checkforge): 0-1 {Black mates}
Score of checkforge vs SF2000: 11 - 13 - 0  [0.458] 24
Started game 25 of 200 (checkforge vs SF2000)
Finished game 25 (checkforge vs SF2000): 0-1 {Black mates}
Score of checkforge vs SF2000: 11 - 14 - 0  [0.440] 25
Started game 26 of 200 (SF2000 vs checkforge)
Finished game 26 (SF2000 vs checkforge): 1-0 {White mates}
Score of checkforge vs SF2000: 11 - 15 - 0  [0.423] 26
Started game 27 of 200 (checkforge vs SF2000)
Finished game 27 (checkforge vs SF2000): 1-0 {White mates}
Score of checkforge vs SF2000: 12 - 15 - 0  [0.444] 27
Started game 28 of 200 (SF2000 vs checkforge)
Finished game 28 (SF2000 vs checkforge): 1-0 {White mates}
Score of checkforge vs SF2000: 12 - 16 - 0  [0.429] 28
Started game 29 of 200 (checkforge vs SF2000)
Finished game 29 (checkforge vs SF2000): 0-1 {Black mates}
Score of checkforge vs SF2000: 12 - 17 - 0  [0.414] 29
Started game 30 of 200 (SF2000 vs checkforge)
Finished game 30 (SF2000 vs checkforge): 1-0 {White mates}
Score of checkforge vs SF2000: 12 - 18 - 0  [0.400] 30
Started game 31 of 200 (checkforge vs SF2000)
Finished game 31 (checkforge vs SF2000): 0-1 {Black mates}
Score of checkforge vs SF2000: 12 - 19 - 0  [0.387] 31
Started game 32 of 200 (SF2000 vs checkforge)
Finished game 32 (SF2000 vs checkforge): 0-1 {Black mates}
Score of checkforge vs SF2000: 13 - 19 - 0  [0.406] 32
Started game 33 of 200 (checkforge vs SF2000)
Finished game 33 (checkforge vs SF2000): 1/2-1/2 {Draw by 3-fold repetition}
Score of checkforge vs SF2000: 13 - 19 - 1  [0.409] 33
Started game 34 of 200 (SF2000 vs checkforge)
Finished game 34 (SF2000 vs checkforge): 1-0 {White mates}
Score of checkforge vs SF2000: 13 - 20 - 1  [0.397] 34
Started game 35 of 200 (checkforge vs SF2000)
Finished game 35 (checkforge vs SF2000): 1-0 {White mates}
Score of checkforge vs SF2000: 14 - 20 - 1  [0.414] 35
Started game 36 of 200 (SF2000 vs checkforge)
Finished game 36 (SF2000 vs checkforge): 1/2-1/2 {Draw by 3-fold repetition}
Score of checkforge vs SF2000: 14 - 20 - 2  [0.417] 36
Started game 37 of 200 (checkforge vs SF2000)
Finished game 37 (checkforge vs SF2000): 0-1 {Black mates}
Score of checkforge vs SF2000: 14 - 21 - 2  [0.405] 37
Started game 38 of 200 (SF2000 vs checkforge)
Finished game 38 (SF2000 vs checkforge): 1-0 {White mates}
Score of checkforge vs SF2000: 14 - 22 - 2  [0.395] 38
Started game 39 of 200 (checkforge vs SF2000)
Finished game 39 (checkforge vs SF2000): 1-0 {White mates}
Score of checkforge vs SF2000: 15 - 22 - 2  [0.410] 39
Started game 40 of 200 (SF2000 vs checkforge)
Finished game 40 (SF2000 vs checkforge): 1-0 {White mates}
Score of checkforge vs SF2000: 15 - 23 - 2  [0.400] 40
Started game 41 of 200 (checkforge vs SF2000)
Finished game 41 (checkforge vs SF2000): 1-0 {White mates}
Score of checkforge vs SF2000: 16 - 23 - 2  [0.415] 41
Started game 42 of 200 (SF2000 vs checkforge)
Finished game 42 (SF2000 vs checkforge): 1-0 {White mates}
Score of checkforge vs SF2000: 16 - 24 - 2  [0.405] 42
Started game 43 of 200 (checkforge vs SF2000)
Finished game 43 (checkforge vs SF2000): 0-1 {Black mates}
Score of checkforge vs SF2000: 16 - 25 - 2  [0.395] 43
Started game 44 of 200 (SF2000 vs checkforge)
Finished game 44 (SF2000 vs checkforge): 1-0 {White mates}
Score of checkforge vs SF2000: 16 - 26 - 2  [0.386] 44
Started game 45 of 200 (checkforge vs SF2000)
Finished game 45 (checkforge vs SF2000): 0-1 {Black mates}
Score of checkforge vs SF2000: 16 - 27 - 2  [0.378] 45
Started game 46 of 200 (SF2000 vs checkforge)
Finished game 46 (SF2000 vs checkforge): 0-1 {Black mates}
Score of checkforge vs SF2000: 17 - 27 - 2  [0.391] 46
Started game 47 of 200 (checkforge vs SF2000)
Finished game 47 (checkforge vs SF2000): 1-0 {White mates}
Score of checkforge vs SF2000: 18 - 27 - 2  [0.404] 47
Started game 48 of 200 (SF2000 vs checkforge)
Finished game 48 (SF2000 vs checkforge): 1-0 {White mates}
Score of checkforge vs SF2000: 18 - 28 - 2  [0.396] 48
Started game 49 of 200 (checkforge vs SF2000)
Finished game 49 (checkforge vs SF2000): 0-1 {Black mates}
Score of checkforge vs SF2000: 18 - 29 - 2  [0.388] 49
Started game 50 of 200 (SF2000 vs checkforge)
Finished game 50 (SF2000 vs checkforge): 0-1 {Black mates}
Score of checkforge vs SF2000: 19 - 29 - 2  [0.400] 50
Started game 51 of 200 (checkforge vs SF2000)
Finished game 51 (checkforge vs SF2000): 1/2-1/2 {Draw by 3-fold repetition}
Score of checkforge vs SF2000: 19 - 29 - 3  [0.402] 51
Started game 52 of 200 (SF2000 vs checkforge)
Finished game 52 (SF2000 vs checkforge): 1-0 {White mates}
Score of checkforge vs SF2000: 19 - 30 - 3  [0.394] 52
Started game 53 of 200 (checkforge vs SF2000)
Finished game 53 (checkforge vs SF2000): 0-1 {Black mates}
Score of checkforge vs SF2000: 19 - 31 - 3  [0.387] 53
Started game 54 of 200 (SF2000 vs checkforge)
Finished game 54 (SF2000 vs checkforge): 1-0 {White mates}
Score of checkforge vs SF2000: 19 - 32 - 3  [0.380] 54
Started game 55 of 200 (checkforge vs SF2000)
Finished game 55 (checkforge vs SF2000): 1-0 {White mates}
Score of checkforge vs SF2000: 20 - 32 - 3  [0.391] 55
Started game 56 of 200 (SF2000 vs checkforge)
Finished game 56 (SF2000 vs checkforge): 1-0 {White mates}
Score of checkforge vs SF2000: 20 - 33 - 3  [0.384] 56
Started game 57 of 200 (checkforge vs SF2000)
Finished game 57 (checkforge vs SF2000): 0-1 {Black mates}
Score of checkforge vs SF2000: 20 - 34 - 3  [0.377] 57
Started game 58 of 200 (SF2000 vs checkforge)
Finished game 58 (SF2000 vs checkforge): 1-0 {White mates}
Score of checkforge vs SF2000: 20 - 35 - 3  [0.371] 58
Started game 59 of 200 (checkforge vs SF2000)
Finished game 59 (checkforge vs SF2000): 0-1 {Black mates}
Score of checkforge vs SF2000: 20 - 36 - 3  [0.364] 59
Started game 60 of 200 (SF2000 vs checkforge)
Finished game 60 (SF2000 vs checkforge): 1-0 {White mates}
Score of checkforge vs SF2000: 20 - 37 - 3  [0.358] 60
Started game 61 of 200 (checkforge vs SF2000)
Finished game 61 (checkforge vs SF2000): 1/2-1/2 {Draw by 3-fold repetition}
Score of checkforge vs SF2000: 20 - 37 - 4  [0.361] 61
Started game 62 of 200 (SF2000 vs checkforge)
Finished game 62 (SF2000 vs checkforge): 0-1 {Black mates}
Score of checkforge vs SF2000: 21 - 37 - 4  [0.371] 62
Started game 63 of 200 (checkforge vs SF2000)
Finished game 63 (checkforge vs SF2000): 0-1 {Black mates}
Score of checkforge vs SF2000: 21 - 38 - 4  [0.365] 63
Started game 64 of 200 (SF2000 vs checkforge)
Finished game 64 (SF2000 vs checkforge): 0-1 {Black mates}
Score of checkforge vs SF2000: 22 - 38 - 4  [0.375] 64
Started game 65 of 200 (checkforge vs SF2000)
Finished game 65 (checkforge vs SF2000): 1-0 {White mates}
Score of checkforge vs SF2000: 23 - 38 - 4  [0.385] 65
Started game 66 of 200 (SF2000 vs checkforge)
Finished game 66 (SF2000 vs checkforge): 1-0 {White mates}
Score of checkforge vs SF2000: 23 - 39 - 4  [0.379] 66
Started game 67 of 200 (checkforge vs SF2000)
Finished game 67 (checkforge vs SF2000): 0-1 {Black mates}
Score of checkforge vs SF2000: 23 - 40 - 4  [0.373] 67
Started game 68 of 200 (SF2000 vs checkforge)
Finished game 68 (SF2000 vs checkforge): 1-0 {White mates}
Score of checkforge vs SF2000: 23 - 41 - 4  [0.368] 68
Started game 69 of 200 (checkforge vs SF2000)
Finished game 69 (checkforge vs SF2000): 1-0 {White mates}
Score of checkforge vs SF2000: 24 - 41 - 4  [0.377] 69
Started game 70 of 200 (SF2000 vs checkforge)
Finished game 70 (SF2000 vs checkforge): 1-0 {White mates}
Score of checkforge vs SF2000: 24 - 42 - 4  [0.371] 70
Started game 71 of 200 (checkforge vs SF2000)
Finished game 71 (checkforge vs SF2000): 0-1 {Black mates}
Score of checkforge vs SF2000: 24 - 43 - 4  [0.366] 71
Started game 72 of 200 (SF2000 vs checkforge)
Finished game 72 (SF2000 vs checkforge): 1-0 {White mates}
Score of checkforge vs SF2000: 24 - 44 - 4  [0.361] 72
Started game 73 of 200 (checkforge vs SF2000)
Finished game 73 (checkforge vs SF2000): 1-0 {White mates}
Score of checkforge vs SF2000: 25 - 44 - 4  [0.370] 73
Started game 74 of 200 (SF2000 vs checkforge)
Finished game 74 (SF2000 vs checkforge): 1-0 {White mates}
Score of checkforge vs SF2000: 25 - 45 - 4  [0.365] 74
Started game 75 of 200 (checkforge vs SF2000)
Finished game 75 (checkforge vs SF2000): 1-0 {White mates}
Score of checkforge vs SF2000: 26 - 45 - 4  [0.373] 75
Started game 76 of 200 (SF2000 vs checkforge)
Finished game 76 (SF2000 vs checkforge): 1/2-1/2 {Draw by 3-fold repetition}
Score of checkforge vs SF2000: 26 - 45 - 5  [0.375] 76
Started game 77 of 200 (checkforge vs SF2000)
Finished game 77 (checkforge vs SF2000): 0-1 {Black mates}
Score of checkforge vs SF2000: 26 - 46 - 5  [0.370] 77
Started game 78 of 200 (SF2000 vs checkforge)
Finished game 78 (SF2000 vs checkforge): 1-0 {White mates}
Score of checkforge vs SF2000: 26 - 47 - 5  [0.365] 78
Started game 79 of 200 (checkforge vs SF2000)
Finished game 79 (checkforge vs SF2000): 1-0 {White mates}
Score of checkforge vs SF2000: 27 - 47 - 5  [0.373] 79
Started game 80 of 200 (SF2000 vs checkforge)
Finished game 80 (SF2000 vs checkforge): 1-0 {White mates}
Score of checkforge vs SF2000: 27 - 48 - 5  [0.369] 80
Started game 81 of 200 (checkforge vs SF2000)
Finished game 81 (checkforge vs SF2000): 1-0 {White mates}
Score of checkforge vs SF2000: 28 - 48 - 5  [0.377] 81
Started game 82 of 200 (SF2000 vs checkforge)
Finished game 82 (SF2000 vs checkforge): 1-0 {White mates}
Score of checkforge vs SF2000: 28 - 49 - 5  [0.372] 82
Started game 83 of 200 (checkforge vs SF2000)
Finished game 83 (checkforge vs SF2000): 0-1 {Black mates}
Score of checkforge vs SF2000: 28 - 50 - 5  [0.367] 83
Started game 84 of 200 (SF2000 vs checkforge)
Finished game 84 (SF2000 vs checkforge): 0-1 {Black mates}
Score of checkforge vs SF2000: 29 - 50 - 5  [0.375] 84
Started game 85 of 200 (checkforge vs SF2000)
Finished game 85 (checkforge vs SF2000): 0-1 {Black mates}
Score of checkforge vs SF2000: 29 - 51 - 5  [0.371] 85
Started game 86 of 200 (SF2000 vs checkforge)
Finished game 86 (SF2000 vs checkforge): 0-1 {Black mates}
Score of checkforge vs SF2000: 30 - 51 - 5  [0.378] 86
Started game 87 of 200 (checkforge vs SF2000)
Finished game 87 (checkforge vs SF2000): 1/2-1/2 {Draw by insufficient mating material}
Score of checkforge vs SF2000: 30 - 51 - 6  [0.379] 87
Started game 88 of 200 (SF2000 vs checkforge)
Finished game 88 (SF2000 vs checkforge): 1-0 {White mates}
Score of checkforge vs SF2000: 30 - 52 - 6  [0.375] 88
Started game 89 of 200 (checkforge vs SF2000)
Finished game 89 (checkforge vs SF2000): 1/2-1/2 {Draw by 3-fold repetition}
Score of checkforge vs SF2000: 30 - 52 - 7  [0.376] 89
Started game 90 of 200 (SF2000 vs checkforge)
Finished game 90 (SF2000 vs checkforge): 1/2-1/2 {Draw by 3-fold repetition}
Score of checkforge vs SF2000: 30 - 52 - 8  [0.378] 90
Started game 91 of 200 (checkforge vs SF2000)
Finished game 91 (checkforge vs SF2000): 0-1 {Black mates}
Score of checkforge vs SF2000: 30 - 53 - 8  [0.374] 91
Started game 92 of 200 (SF2000 vs checkforge)
Finished game 92 (SF2000 vs checkforge): 0-1 {Black mates}
Score of checkforge vs SF2000: 31 - 53 - 8  [0.380] 92
Started game 93 of 200 (checkforge vs SF2000)
Finished game 93 (checkforge vs SF2000): 0-1 {Black mates}
Score of checkforge vs SF2000: 31 - 54 - 8  [0.376] 93
Started game 94 of 200 (SF2000 vs checkforge)
Finished game 94 (SF2000 vs checkforge): 1-0 {White mates}
Score of checkforge vs SF2000: 31 - 55 - 8  [0.372] 94
Started game 95 of 200 (checkforge vs SF2000)
Finished game 95 (checkforge vs SF2000): 1-0 {White mates}
Score of checkforge vs SF2000: 32 - 55 - 8  [0.379] 95
Started game 96 of 200 (SF2000 vs checkforge)
Finished game 96 (SF2000 vs checkforge): 1-0 {White mates}
Score of checkforge vs SF2000: 32 - 56 - 8  [0.375] 96
Started game 97 of 200 (checkforge vs SF2000)
Finished game 97 (checkforge vs SF2000): 1-0 {White mates}
Score of checkforge vs SF2000: 33 - 56 - 8  [0.381] 97
Started game 98 of 200 (SF2000 vs checkforge)
Finished game 98 (SF2000 vs checkforge): 1-0 {White mates}
Score of checkforge vs SF2000: 33 - 57 - 8  [0.378] 98
Started game 99 of 200 (checkforge vs SF2000)
Finished game 99 (checkforge vs SF2000): 1-0 {White mates}
Score of checkforge vs SF2000: 34 - 57 - 8  [0.384] 99
Started game 100 of 200 (SF2000 vs checkforge)
Finished game 100 (SF2000 vs checkforge): 0-1 {Black mates}
Score of checkforge vs SF2000: 35 - 57 - 8  [0.390] 100
Started game 101 of 200 (checkforge vs SF2000)
Finished game 101 (checkforge vs SF2000): 1-0 {White mates}
Score of checkforge vs SF2000: 36 - 57 - 8  [0.396] 101
Started game 102 of 200 (SF2000 vs checkforge)
Finished game 102 (SF2000 vs checkforge): 1-0 {White mates}
Score of checkforge vs SF2000: 36 - 58 - 8  [0.392] 102
Started game 103 of 200 (checkforge vs SF2000)
Finished game 103 (checkforge vs SF2000): 1-0 {White mates}
Score of checkforge vs SF2000: 37 - 58 - 8  [0.398] 103
Started game 104 of 200 (SF2000 vs checkforge)
Finished game 104 (SF2000 vs checkforge): 1-0 {White mates}
Score of checkforge vs SF2000: 37 - 59 - 8  [0.394] 104
Started game 105 of 200 (checkforge vs SF2000)
Finished game 105 (checkforge vs SF2000): 1-0 {White mates}
Score of checkforge vs SF2000: 38 - 59 - 8  [0.400] 105
Started game 106 of 200 (SF2000 vs checkforge)
Finished game 106 (SF2000 vs checkforge): 1-0 {White mates}
Score of checkforge vs SF2000: 38 - 60 - 8  [0.396] 106
Started game 107 of 200 (checkforge vs SF2000)
Finished game 107 (checkforge vs SF2000): 0-1 {Black mates}
Score of checkforge vs SF2000: 38 - 61 - 8  [0.393] 107
Started game 108 of 200 (SF2000 vs checkforge)
Finished game 108 (SF2000 vs checkforge): 1/2-1/2 {Draw by 3-fold repetition}
Score of checkforge vs SF2000: 38 - 61 - 9  [0.394] 108
Started game 109 of 200 (checkforge vs SF2000)
Finished game 109 (checkforge vs SF2000): 0-1 {Black mates}
Score of checkforge vs SF2000: 38 - 62 - 9  [0.390] 109
Started game 110 of 200 (SF2000 vs checkforge)
Finished game 110 (SF2000 vs checkforge): 0-1 {Black mates}
Score of checkforge vs SF2000: 39 - 62 - 9  [0.395] 110
Started game 111 of 200 (checkforge vs SF2000)
Finished game 111 (checkforge vs SF2000): 0-1 {Black mates}
Score of checkforge vs SF2000: 39 - 63 - 9  [0.392] 111
Started game 112 of 200 (SF2000 vs checkforge)
Finished game 112 (SF2000 vs checkforge): 1/2-1/2 {Draw by 3-fold repetition}
Score of checkforge vs SF2000: 39 - 63 - 10  [0.393] 112
Started game 113 of 200 (checkforge vs SF2000)
Finished game 113 (checkforge vs SF2000): 1-0 {White mates}
Score of checkforge vs SF2000: 40 - 63 - 10  [0.398] 113
Started game 114 of 200 (SF2000 vs checkforge)
Finished game 114 (SF2000 vs checkforge): 1-0 {White mates}
Score of checkforge vs SF2000: 40 - 64 - 10  [0.395] 114
Started game 115 of 200 (checkforge vs SF2000)
Finished game 115 (checkforge vs SF2000): 1/2-1/2 {Draw by 3-fold repetition}
Score of checkforge vs SF2000: 40 - 64 - 11  [0.396] 115
Started game 116 of 200 (SF2000 vs checkforge)
Finished game 116 (SF2000 vs checkforge): 0-1 {Black mates}
Score of checkforge vs SF2000: 41 - 64 - 11  [0.401] 116
Started game 117 of 200 (checkforge vs SF2000)
Finished game 117 (checkforge vs SF2000): 1-0 {White mates}
Score of checkforge vs SF2000: 42 - 64 - 11  [0.406] 117
Started game 118 of 200 (SF2000 vs checkforge)
Finished game 118 (SF2000 vs checkforge): 1-0 {White mates}
Score of checkforge vs SF2000: 42 - 65 - 11  [0.403] 118
Started game 119 of 200 (checkforge vs SF2000)
Finished game 119 (checkforge vs SF2000): 1-0 {White mates}
Score of checkforge vs SF2000: 43 - 65 - 11  [0.408] 119
Started game 120 of 200 (SF2000 vs checkforge)
Finished game 120 (SF2000 vs checkforge): 1-0 {White mates}
Score of checkforge vs SF2000: 43 - 66 - 11  [0.404] 120
Started game 121 of 200 (checkforge vs SF2000)
Finished game 121 (checkforge vs SF2000): 0-1 {Black mates}
Score of checkforge vs SF2000: 43 - 67 - 11  [0.401] 121
Started game 122 of 200 (SF2000 vs checkforge)
Finished game 122 (SF2000 vs checkforge): 0-1 {Black mates}
Score of checkforge vs SF2000: 44 - 67 - 11  [0.406] 122
Started game 123 of 200 (checkforge vs SF2000)
Finished game 123 (checkforge vs SF2000): 0-1 {Black mates}
Score of checkforge vs SF2000: 44 - 68 - 11  [0.402] 123
Started game 124 of 200 (SF2000 vs checkforge)
Finished game 124 (SF2000 vs checkforge): 1-0 {White mates}
Score of checkforge vs SF2000: 44 - 69 - 11  [0.399] 124
Started game 125 of 200 (checkforge vs SF2000)
Finished game 125 (checkforge vs SF2000): 0-1 {Black mates}
Score of checkforge vs SF2000: 44 - 70 - 11  [0.396] 125
Started game 126 of 200 (SF2000 vs checkforge)
Finished game 126 (SF2000 vs checkforge): 1-0 {White mates}
Score of checkforge vs SF2000: 44 - 71 - 11  [0.393] 126
Started game 127 of 200 (checkforge vs SF2000)
Finished game 127 (checkforge vs SF2000): 1/2-1/2 {Draw by 3-fold repetition}
Score of checkforge vs SF2000: 44 - 71 - 12  [0.394] 127
Started game 128 of 200 (SF2000 vs checkforge)
Finished game 128 (SF2000 vs checkforge): 0-1 {Black mates}
Score of checkforge vs SF2000: 45 - 71 - 12  [0.398] 128
Started game 129 of 200 (checkforge vs SF2000)
Finished game 129 (checkforge vs SF2000): 1-0 {White mates}
Score of checkforge vs SF2000: 46 - 71 - 12  [0.403] 129
Started game 130 of 200 (SF2000 vs checkforge)
Finished game 130 (SF2000 vs checkforge): 1-0 {White mates}
Score of checkforge vs SF2000: 46 - 72 - 12  [0.400] 130
Started game 131 of 200 (checkforge vs SF2000)
Finished game 131 (checkforge vs SF2000): 1/2-1/2 {Draw by 3-fold repetition}
Score of checkforge vs SF2000: 46 - 72 - 13  [0.401] 131
Started game 132 of 200 (SF2000 vs checkforge)
Finished game 132 (SF2000 vs checkforge): 0-1 {Black mates}
Score of checkforge vs SF2000: 47 - 72 - 13  [0.405] 132
Started game 133 of 200 (checkforge vs SF2000)
Finished game 133 (checkforge vs SF2000): 0-1 {Black mates}
Score of checkforge vs SF2000: 47 - 73 - 13  [0.402] 133
Started game 134 of 200 (SF2000 vs checkforge)
Finished game 134 (SF2000 vs checkforge): 1-0 {White mates}
Score of checkforge vs SF2000: 47 - 74 - 13  [0.399] 134
Started game 135 of 200 (checkforge vs SF2000)
Finished game 135 (checkforge vs SF2000): 1-0 {White mates}
Score of checkforge vs SF2000: 48 - 74 - 13  [0.404] 135
Started game 136 of 200 (SF2000 vs checkforge)
Finished game 136 (SF2000 vs checkforge): 1-0 {White mates}
Score of checkforge vs SF2000: 48 - 75 - 13  [0.401] 136
Started game 137 of 200 (checkforge vs SF2000)
Finished game 137 (checkforge vs SF2000): 1-0 {White mates}
Score of checkforge vs SF2000: 49 - 75 - 13  [0.405] 137
Started game 138 of 200 (SF2000 vs checkforge)
Finished game 138 (SF2000 vs checkforge): 1-0 {White mates}
Score of checkforge vs SF2000: 49 - 76 - 13  [0.402] 138
Started game 139 of 200 (checkforge vs SF2000)
Finished game 139 (checkforge vs SF2000): 1/2-1/2 {Draw by 3-fold repetition}
Score of checkforge vs SF2000: 49 - 76 - 14  [0.403] 139
Started game 140 of 200 (SF2000 vs checkforge)
Finished game 140 (SF2000 vs checkforge): 0-1 {Black mates}
Score of checkforge vs SF2000: 50 - 76 - 14  [0.407] 140
Started game 141 of 200 (checkforge vs SF2000)
Finished game 141 (checkforge vs SF2000): 0-1 {Black mates}
Score of checkforge vs SF2000: 50 - 77 - 14  [0.404] 141
Started game 142 of 200 (SF2000 vs checkforge)
Finished game 142 (SF2000 vs checkforge): 1/2-1/2 {Draw by 3-fold repetition}
Score of checkforge vs SF2000: 50 - 77 - 15  [0.405] 142
Started game 143 of 200 (checkforge vs SF2000)
Finished game 143 (checkforge vs SF2000): 1-0 {White mates}
Score of checkforge vs SF2000: 51 - 77 - 15  [0.409] 143
Started game 144 of 200 (SF2000 vs checkforge)
Finished game 144 (SF2000 vs checkforge): 0-1 {Black mates}
Score of checkforge vs SF2000: 52 - 77 - 15  [0.413] 144
Started game 145 of 200 (checkforge vs SF2000)
Finished game 145 (checkforge vs SF2000): 1/2-1/2 {Draw by 3-fold repetition}
Score of checkforge vs SF2000: 52 - 77 - 16  [0.414] 145
Started game 146 of 200 (SF2000 vs checkforge)
Finished game 146 (SF2000 vs checkforge): 0-1 {Black mates}
Score of checkforge vs SF2000: 53 - 77 - 16  [0.418] 146
Started game 147 of 200 (checkforge vs SF2000)
Finished game 147 (checkforge vs SF2000): 1/2-1/2 {Draw by 3-fold repetition}
Score of checkforge vs SF2000: 53 - 77 - 17  [0.418] 147
Started game 148 of 200 (SF2000 vs checkforge)
Finished game 148 (SF2000 vs checkforge): 1-0 {White mates}
Score of checkforge vs SF2000: 53 - 78 - 17  [0.416] 148
Started game 149 of 200 (checkforge vs SF2000)
Finished game 149 (checkforge vs SF2000): 0-1 {Black mates}
Score of checkforge vs SF2000: 53 - 79 - 17  [0.413] 149
Started game 150 of 200 (SF2000 vs checkforge)
Finished game 150 (SF2000 vs checkforge): 1-0 {White mates}
Score of checkforge vs SF2000: 53 - 80 - 17  [0.410] 150
Started game 151 of 200 (checkforge vs SF2000)
Finished game 151 (checkforge vs SF2000): 1/2-1/2 {Draw by insufficient mating material}
Score of checkforge vs SF2000: 53 - 80 - 18  [0.411] 151
Started game 152 of 200 (SF2000 vs checkforge)
Finished game 152 (SF2000 vs checkforge): 1-0 {White mates}
Score of checkforge vs SF2000: 53 - 81 - 18  [0.408] 152
Started game 153 of 200 (checkforge vs SF2000)
Finished game 153 (checkforge vs SF2000): 1-0 {White mates}
Score of checkforge vs SF2000: 54 - 81 - 18  [0.412] 153
Started game 154 of 200 (SF2000 vs checkforge)
Finished game 154 (SF2000 vs checkforge): 0-1 {Black mates}
Score of checkforge vs SF2000: 55 - 81 - 18  [0.416] 154
Started game 155 of 200 (checkforge vs SF2000)
Finished game 155 (checkforge vs SF2000): 1-0 {White mates}
Score of checkforge vs SF2000: 56 - 81 - 18  [0.419] 155
Started game 156 of 200 (SF2000 vs checkforge)
Finished game 156 (SF2000 vs checkforge): 1-0 {White mates}
Score of checkforge vs SF2000: 56 - 82 - 18  [0.417] 156
Started game 157 of 200 (checkforge vs SF2000)
Finished game 157 (checkforge vs SF2000): 0-1 {Black mates}
Score of checkforge vs SF2000: 56 - 83 - 18  [0.414] 157
Started game 158 of 200 (SF2000 vs checkforge)
Finished game 158 (SF2000 vs checkforge): 0-1 {Black mates}
Score of checkforge vs SF2000: 57 - 83 - 18  [0.418] 158
Started game 159 of 200 (checkforge vs SF2000)
Finished game 159 (checkforge vs SF2000): 0-1 {Black mates}
Score of checkforge vs SF2000: 57 - 84 - 18  [0.415] 159
Started game 160 of 200 (SF2000 vs checkforge)
Finished game 160 (SF2000 vs checkforge): 0-1 {Black mates}
Score of checkforge vs SF2000: 58 - 84 - 18  [0.419] 160
Started game 161 of 200 (checkforge vs SF2000)
Finished game 161 (checkforge vs SF2000): 1-0 {White mates}
Score of checkforge vs SF2000: 59 - 84 - 18  [0.422] 161
Started game 162 of 200 (SF2000 vs checkforge)
Finished game 162 (SF2000 vs checkforge): 1-0 {White mates}
Score of checkforge vs SF2000: 59 - 85 - 18  [0.420] 162
Started game 163 of 200 (checkforge vs SF2000)
Finished game 163 (checkforge vs SF2000): 0-1 {Black mates}
Score of checkforge vs SF2000: 59 - 86 - 18  [0.417] 163
Started game 164 of 200 (SF2000 vs checkforge)
Finished game 164 (SF2000 vs checkforge): 1-0 {White mates}
Score of checkforge vs SF2000: 59 - 87 - 18  [0.415] 164
Started game 165 of 200 (checkforge vs SF2000)
Finished game 165 (checkforge vs SF2000): 1/2-1/2 {Draw by 3-fold repetition}
Score of checkforge vs SF2000: 59 - 87 - 19  [0.415] 165
Started game 166 of 200 (SF2000 vs checkforge)
Finished game 166 (SF2000 vs checkforge): 0-1 {Black mates}
Score of checkforge vs SF2000: 60 - 87 - 19  [0.419] 166
Started game 167 of 200 (checkforge vs SF2000)
Finished game 167 (checkforge vs SF2000): 0-1 {Black mates}
Score of checkforge vs SF2000: 60 - 88 - 19  [0.416] 167
Started game 168 of 200 (SF2000 vs checkforge)
Finished game 168 (SF2000 vs checkforge): 0-1 {Black mates}
Score of checkforge vs SF2000: 61 - 88 - 19  [0.420] 168
Started game 169 of 200 (checkforge vs SF2000)
Finished game 169 (checkforge vs SF2000): 1-0 {White mates}
Score of checkforge vs SF2000: 62 - 88 - 19  [0.423] 169
Started game 170 of 200 (SF2000 vs checkforge)
Finished game 170 (SF2000 vs checkforge): 0-1 {Black mates}
Score of checkforge vs SF2000: 63 - 88 - 19  [0.426] 170
Started game 171 of 200 (checkforge vs SF2000)
Finished game 171 (checkforge vs SF2000): 0-1 {Black mates}
Score of checkforge vs SF2000: 63 - 89 - 19  [0.424] 171
Started game 172 of 200 (SF2000 vs checkforge)
Finished game 172 (SF2000 vs checkforge): 1-0 {White mates}
Score of checkforge vs SF2000: 63 - 90 - 19  [0.422] 172
Started game 173 of 200 (checkforge vs SF2000)
Finished game 173 (checkforge vs SF2000): 0-1 {Black mates}
Score of checkforge vs SF2000: 63 - 91 - 19  [0.419] 173
Started game 174 of 200 (SF2000 vs checkforge)
Finished game 174 (SF2000 vs checkforge): 1/2-1/2 {Draw by 3-fold repetition}
Score of checkforge vs SF2000: 63 - 91 - 20  [0.420] 174
Started game 175 of 200 (checkforge vs SF2000)
Finished game 175 (checkforge vs SF2000): 1-0 {White mates}
Score of checkforge vs SF2000: 64 - 91 - 20  [0.423] 175
Started game 176 of 200 (SF2000 vs checkforge)
Finished game 176 (SF2000 vs checkforge): 1-0 {White mates}
Score of checkforge vs SF2000: 64 - 92 - 20  [0.420] 176
Started game 177 of 200 (checkforge vs SF2000)
Finished game 177 (checkforge vs SF2000): 0-1 {Black mates}
Score of checkforge vs SF2000: 64 - 93 - 20  [0.418] 177
Started game 178 of 200 (SF2000 vs checkforge)
Finished game 178 (SF2000 vs checkforge): 1-0 {White mates}
Score of checkforge vs SF2000: 64 - 94 - 20  [0.416] 178
Started game 179 of 200 (checkforge vs SF2000)
Finished game 179 (checkforge vs SF2000): 0-1 {Black mates}
Score of checkforge vs SF2000: 64 - 95 - 20  [0.413] 179
Started game 180 of 200 (SF2000 vs checkforge)
Finished game 180 (SF2000 vs checkforge): 0-1 {Black mates}
Score of checkforge vs SF2000: 65 - 95 - 20  [0.417] 180
Started game 181 of 200 (checkforge vs SF2000)
Finished game 181 (checkforge vs SF2000): 0-1 {Black mates}
Score of checkforge vs SF2000: 65 - 96 - 20  [0.414] 181
Started game 182 of 200 (SF2000 vs checkforge)
Finished game 182 (SF2000 vs checkforge): 1-0 {White mates}
Score of checkforge vs SF2000: 65 - 97 - 20  [0.412] 182
Started game 183 of 200 (checkforge vs SF2000)
Finished game 183 (checkforge vs SF2000): 1-0 {White mates}
Score of checkforge vs SF2000: 66 - 97 - 20  [0.415] 183
Started game 184 of 200 (SF2000 vs checkforge)
Finished game 184 (SF2000 vs checkforge): 0-1 {Black mates}
Score of checkforge vs SF2000: 67 - 97 - 20  [0.418] 184
Started game 185 of 200 (checkforge vs SF2000)
Finished game 185 (checkforge vs SF2000): 0-1 {Black mates}
Score of checkforge vs SF2000: 67 - 98 - 20  [0.416] 185
Started game 186 of 200 (SF2000 vs checkforge)
Finished game 186 (SF2000 vs checkforge): 1-0 {White mates}
Score of checkforge vs SF2000: 67 - 99 - 20  [0.414] 186
Started game 187 of 200 (checkforge vs SF2000)
Finished game 187 (checkforge vs SF2000): 0-1 {Black mates}
Score of checkforge vs SF2000: 67 - 100 - 20  [0.412] 187
Started game 188 of 200 (SF2000 vs checkforge)
Finished game 188 (SF2000 vs checkforge): 1-0 {White mates}
Score of checkforge vs SF2000: 67 - 101 - 20  [0.410] 188
Started game 189 of 200 (checkforge vs SF2000)
Finished game 189 (checkforge vs SF2000): 0-1 {Black mates}
Score of checkforge vs SF2000: 67 - 102 - 20  [0.407] 189
Started game 190 of 200 (SF2000 vs checkforge)
Finished game 190 (SF2000 vs checkforge): 0-1 {Black mates}
Score of checkforge vs SF2000: 68 - 102 - 20  [0.411] 190
Started game 191 of 200 (checkforge vs SF2000)
Finished game 191 (checkforge vs SF2000): 1-0 {White mates}
Score of checkforge vs SF2000: 69 - 102 - 20  [0.414] 191
Started game 192 of 200 (SF2000 vs checkforge)
Finished game 192 (SF2000 vs checkforge): 1-0 {White mates}
Score of checkforge vs SF2000: 69 - 103 - 20  [0.411] 192
Started game 193 of 200 (checkforge vs SF2000)
Finished game 193 (checkforge vs SF2000): 1-0 {White mates}
Score of checkforge vs SF2000: 70 - 103 - 20  [0.415] 193
Started game 194 of 200 (SF2000 vs checkforge)
Finished game 194 (SF2000 vs checkforge): 1-0 {White mates}
Score of checkforge vs SF2000: 70 - 104 - 20  [0.412] 194
Started game 195 of 200 (checkforge vs SF2000)
Finished game 195 (checkforge vs SF2000): 0-1 {Black mates}
Score of checkforge vs SF2000: 70 - 105 - 20  [0.410] 195
Started game 196 of 200 (SF2000 vs checkforge)
Finished game 196 (SF2000 vs checkforge): 1/2-1/2 {Draw by 3-fold repetition}
Score of checkforge vs SF2000: 70 - 105 - 21  [0.411] 196
Started game 197 of 200 (checkforge vs SF2000)
Finished game 197 (checkforge vs SF2000): 1-0 {White mates}
Score of checkforge vs SF2000: 71 - 105 - 21  [0.414] 197
Started game 198 of 200 (SF2000 vs checkforge)
Finished game 198 (SF2000 vs checkforge): 1-0 {White mates}
Score of checkforge vs SF2000: 71 - 106 - 21  [0.412] 198
Started game 199 of 200 (checkforge vs SF2000)
Finished game 199 (checkforge vs SF2000): 0-1 {Black mates}
Score of checkforge vs SF2000: 71 - 107 - 21  [0.410] 199
Started game 200 of 200 (SF2000 vs checkforge)
Finished game 200 (SF2000 vs checkforge): 1-0 {White mates}
Score of checkforge vs SF2000: 71 - 108 - 21  [0.407] 200
...      checkforge playing White: 39 - 48 - 13  [0.455] 100
...      checkforge playing Black: 32 - 60 - 8  [0.360] 100
...      White vs Black: 99 - 80 - 21  [0.547] 200
Elo difference: -65.0 +/- 46.5, LOS: 0.3 %, DrawRatio: 10.5 %
SPRT: llr 0 (0.0%), lbound -inf, ubound inf

Player: checkforge
   "Draw by 3-fold repetition": 19
   "Draw by insufficient mating material": 2
   "Loss: Black mates": 48
   "Loss: White mates": 60
   "Win: Black mates": 32
   "Win: White mates": 39
Player: SF2000
   "Draw by 3-fold repetition": 19
   "Draw by insufficient mating material": 2
   "Loss: Black mates": 32
   "Loss: White mates": 39
   "Win: Black mates": 48
   "Win: White mates": 60
Finished match
