Indexing opening suite...
Started game 1 of 200 (checkforge vs SF2000)
Finished game 1 (checkforge vs SF2000): 1-0 {White mates}
Score of checkforge vs SF2000: 1 - 0 - 0  [1.000] 1
Started game 2 of 200 (SF2000 vs checkforge)
Finished game 2 (SF2000 vs checkforge): 0-1 {Black mates}
Score of checkforge vs SF2000: 2 - 0 - 0  [1.000] 2
Started game 3 of 200 (checkforge vs SF2000)
Finished game 3 (checkforge vs SF2000): 0-1 {Black mates}
Score of checkforge vs SF2000: 2 - 1 - 0  [0.667] 3
Started game 4 of 200 (SF2000 vs checkforge)
Finished game 4 (SF2000 vs checkforge): 0-1 {Black mates}
Score of checkforge vs SF2000: 3 - 1 - 0  [0.750] 4
Started game 5 of 200 (checkforge vs SF2000)
Finished game 5 (checkforge vs SF2000): 1-0 {White mates}
Score of checkforge vs SF2000: 4 - 1 - 0  [0.800] 5
Started game 6 of 200 (SF2000 vs checkforge)
Finished game 6 (SF2000 vs checkforge): 1-0 {White mates}
Score of checkforge vs SF2000: 4 - 2 - 0  [0.667] 6
Started game 7 of 200 (checkforge vs SF2000)
Finished game 7 (checkforge vs SF2000): 0-1 {Black mates}
Score of checkforge vs SF2000: 4 - 3 - 0  [0.571] 7
Started game 8 of 200 (SF2000 vs checkforge)
Finished game 8 (SF2000 vs checkforge): 0-1 {Black mates}
Score of checkforge vs SF2000: 5 - 3 - 0  [0.625] 8
Started game 9 of 200 (checkforge vs SF2000)
Finished game 9 (checkforge vs SF2000): 1-0 {White mates}
Score of checkforge vs SF2000: 6 - 3 - 0  [0.667] 9
Started game 10 of 200 (SF2000 vs checkforge)
Finished game 10 (SF2000 vs checkforge): 0-1 {Black mates}
Score of checkforge vs SF2000: 7 - 3 - 0  [0.700] 10
Started game 11 of 200 (checkforge vs SF2000)
Finished game 11 (checkforge vs SF2000): 0-1 {Black mates}
Score of checkforge vs SF2000: 7 - 4 - 0  [0.636] 11
Started game 12 of 200 (SF2000 vs checkforge)
Finished game 12 (SF2000 vs checkforge): 1-0 {White mates}
Score of checkforge vs SF2000: 7 - 5 - 0  [0.583] 12
Started game 13 of 200 (checkforge vs SF2000)
Finished game 13 (checkforge vs SF2000): 1-0 {White mates}
Score of checkforge vs SF2000: 8 - 5 - 0  [0.615] 13
Started game 14 of 200 (SF2000 vs checkforge)
Finished game 14 (SF2000 vs checkforge): 0-1 {Black mates}
Score of checkforge vs SF2000: 9 - 5 - 0  [0.643] 14
Started game 15 of 200 (checkforge vs SF2000)
Finished game 15 (checkforge vs SF2000): 1-0 {White mates}
Score of checkforge vs SF2000: 10 - 5 - 0  [0.667] 15
Started game 16 of 200 (SF2000 vs checkforge)
Finished game 16 (SF2000 vs checkforge): 1/2-1/2 {Draw by 3-fold repetition}
Score of checkforge vs SF2000: 10 - 5 - 1  [0.656] 16
Started game 17 of 200 (checkforge vs SF2000)
Finished game 17 (checkforge vs SF2000): 1-0 {White mates}
Score of checkforge vs SF2000: 11 - 5 - 1  [0.676] 17
Started game 18 of 200 (SF2000 vs checkforge)
Finished game 18 (SF2000 vs checkforge): 1-0 {White mates}
Score of checkforge vs SF2000: 11 - 6 - 1  [0.639] 18
Started game 19 of 200 (checkforge vs SF2000)
Finished game 19 (checkforge vs SF2000): 0-1 {Black mates}
Score of checkforge vs SF2000: 11 - 7 - 1  [0.605] 19
Started game 20 of 200 (SF2000 vs checkforge)
Finished game 20 (SF2000 vs checkforge): 1-0 {White mates}
Score of checkforge vs SF2000: 11 - 8 - 1  [0.575] 20
Started game 21 of 200 (checkforge vs SF2000)
Finished game 21 (checkforge vs SF2000): 0-1 {Black mates}
Score of checkforge vs SF2000: 11 - 9 - 1  [0.548] 21
Started game 22 of 200 (SF2000 vs checkforge)
Finished game 22 (SF2000 vs checkforge): 1-0 {White mates}
Score of checkforge vs SF2000: 11 - 10 - 1  [0.523] 22
Started game 23 of 200 (checkforge vs SF2000)
Finished game 23 (checkforge vs SF2000): 1-0 {White mates}
Score of checkforge vs SF2000: 12 - 10 - 1  [0.543] 23
Started game 24 of 200 (SF2000 vs checkforge)
Finished game 24 (SF2000 vs checkforge): 0-1 {Black mates}
Score of checkforge vs SF2000: 13 - 10 - 1  [0.563] 24
Started game 25 of 200 (checkforge vs SF2000)
Finished game 25 (checkforge vs SF2000): 0-1 {Black mates}
Score of checkforge vs SF2000: 13 - 11 - 1  [0.540] 25
Started game 26 of 200 (SF2000 vs checkforge)
Finished game 26 (SF2000 vs checkforge): 1/2-1/2 {Draw by 3-fold repetition}
Score of checkforge vs SF2000: 13 - 11 - 2  [0.538] 26
Started game 27 of 200 (checkforge vs SF2000)
Finished game 27 (checkforge vs SF2000): 1-0 {White mates}
Score of checkforge vs SF2000: 14 - 11 - 2  [0.556] 27
Started game 28 of 200 (SF2000 vs checkforge)
Finished game 28 (SF2000 vs checkforge): 0-1 {Black mates}
Score of checkforge vs SF2000: 15 - 11 - 2  [0.571] 28
Started game 29 of 200 (checkforge vs SF2000)
Finished game 29 (checkforge vs SF2000): 0-1 {Black mates}
Score of checkforge vs SF2000: 15 - 12 - 2  [0.552] 29
Started game 30 of 200 (SF2000 vs checkforge)
Finished game 30 (SF2000 vs checkforge): 0-1 {White loses on time}
Score of checkforge vs SF2000: 16 - 12 - 2  [0.567] 30
Started game 31 of 200 (checkforge vs SF2000)
Finished game 31 (checkforge vs SF2000): 0-1 {Black mates}
Score of checkforge vs SF2000: 16 - 13 - 2  [0.548] 31
Started game 32 of 200 (SF2000 vs checkforge)
Finished game 32 (SF2000 vs checkforge): 1-0 {White mates}
Score of checkforge vs SF2000: 16 - 14 - 2  [0.531] 32
Started game 33 of 200 (checkforge vs SF2000)
Finished game 33 (checkforge vs SF2000): 1-0 {White mates}
Score of checkforge vs SF2000: 17 - 14 - 2  [0.545] 33
Started game 34 of 200 (SF2000 vs checkforge)
Finished game 34 (SF2000 vs checkforge): 1-0 {White mates}
Score of checkforge vs SF2000: 17 - 15 - 2  [0.529] 34
Started game 35 of 200 (checkforge vs SF2000)
Finished game 35 (checkforge vs SF2000): 1-0 {White mates}
Score of checkforge vs SF2000: 18 - 15 - 2  [0.543] 35
Started game 36 of 200 (SF2000 vs checkforge)
Finished game 36 (SF2000 vs checkforge): 1/2-1/2 {Draw by 3-fold repetition}
Score of checkforge vs SF2000: 18 - 15 - 3  [0.542] 36
Started game 37 of 200 (checkforge vs SF2000)
Finished game 37 (checkforge vs SF2000): 1-0 {White mates}
Score of checkforge vs SF2000: 19 - 15 - 3  [0.554] 37
Started game 38 of 200 (SF2000 vs checkforge)
Finished game 38 (SF2000 vs checkforge): 1/2-1/2 {Draw by 3-fold repetition}
Score of checkforge vs SF2000: 19 - 15 - 4  [0.553] 38
Started game 39 of 200 (checkforge vs SF2000)
Finished game 39 (checkforge vs SF2000): 0-1 {Black mates}
Score of checkforge vs SF2000: 19 - 16 - 4  [0.538] 39
Started game 40 of 200 (SF2000 vs checkforge)
Finished game 40 (SF2000 vs checkforge): 1-0 {White mates}
Score of checkforge vs SF2000: 19 - 17 - 4  [0.525] 40
Started game 41 of 200 (checkforge vs SF2000)
Finished game 41 (checkforge vs SF2000): 1/2-1/2 {Draw by 3-fold repetition}
Score of checkforge vs SF2000: 19 - 17 - 5  [0.524] 41
Started game 42 of 200 (SF2000 vs checkforge)
Finished game 42 (SF2000 vs checkforge): 1-0 {White mates}
Score of checkforge vs SF2000: 19 - 18 - 5  [0.512] 42
Started game 43 of 200 (checkforge vs SF2000)
Finished game 43 (checkforge vs SF2000): 1-0 {White mates}
Score of checkforge vs SF2000: 20 - 18 - 5  [0.523] 43
Started game 44 of 200 (SF2000 vs checkforge)
Finished game 44 (SF2000 vs checkforge): 0-1 {Black mates}
Score of checkforge vs SF2000: 21 - 18 - 5  [0.534] 44
Started game 45 of 200 (checkforge vs SF2000)
Finished game 45 (checkforge vs SF2000): 0-1 {Black mates}
Score of checkforge vs SF2000: 21 - 19 - 5  [0.522] 45
Started game 46 of 200 (SF2000 vs checkforge)
Finished game 46 (SF2000 vs checkforge): 1-0 {White mates}
Score of checkforge vs SF2000: 21 - 20 - 5  [0.511] 46
Started game 47 of 200 (checkforge vs SF2000)
Finished game 47 (checkforge vs SF2000): 1-0 {White mates}
Score of checkforge vs SF2000: 22 - 20 - 5  [0.521] 47
Started game 48 of 200 (SF2000 vs checkforge)
Finished game 48 (SF2000 vs checkforge): 0-1 {Black mates}
Score of checkforge vs SF2000: 23 - 20 - 5  [0.531] 48
Started game 49 of 200 (checkforge vs SF2000)
Finished game 49 (checkforge vs SF2000): 0-1 {Black mates}
Score of checkforge vs SF2000: 23 - 21 - 5  [0.520] 49
Started game 50 of 200 (SF2000 vs checkforge)
Finished game 50 (SF2000 vs checkforge): 1-0 {White mates}
Score of checkforge vs SF2000: 23 - 22 - 5  [0.510] 50
Started game 51 of 200 (checkforge vs SF2000)
Finished game 51 (checkforge vs SF2000): 1-0 {Black loses on time}
Score of checkforge vs SF2000: 24 - 22 - 5  [0.520] 51
Started game 52 of 200 (SF2000 vs checkforge)
Finished game 52 (SF2000 vs checkforge): 1-0 {White mates}
Score of checkforge vs SF2000: 24 - 23 - 5  [0.510] 52
Started game 53 of 200 (checkforge vs SF2000)
Finished game 53 (checkforge vs SF2000): 1-0 {White mates}
Score of checkforge vs SF2000: 25 - 23 - 5  [0.519] 53
Started game 54 of 200 (SF2000 vs checkforge)
Finished game 54 (SF2000 vs checkforge): 1-0 {White mates}
Score of checkforge vs SF2000: 25 - 24 - 5  [0.509] 54
Started game 55 of 200 (checkforge vs SF2000)
Finished game 55 (checkforge vs SF2000): 1-0 {White mates}
Score of checkforge vs SF2000: 26 - 24 - 5  [0.518] 55
Started game 56 of 200 (SF2000 vs checkforge)
Finished game 56 (SF2000 vs checkforge): 1-0 {White mates}
Score of checkforge vs SF2000: 26 - 25 - 5  [0.509] 56
Started game 57 of 200 (checkforge vs SF2000)
Finished game 57 (checkforge vs SF2000): 0-1 {Black mates}
Score of checkforge vs SF2000: 26 - 26 - 5  [0.500] 57
Started game 58 of 200 (SF2000 vs checkforge)
Finished game 58 (SF2000 vs checkforge): 1/2-1/2 {Draw by 3-fold repetition}
Score of checkforge vs SF2000: 26 - 26 - 6  [0.500] 58
Started game 59 of 200 (checkforge vs SF2000)
Finished game 59 (checkforge vs SF2000): 1-0 {White mates}
Score of checkforge vs SF2000: 27 - 26 - 6  [0.508] 59
Started game 60 of 200 (SF2000 vs checkforge)
Finished game 60 (SF2000 vs checkforge): 1-0 {White mates}
Score of checkforge vs SF2000: 27 - 27 - 6  [0.500] 60
Started game 61 of 200 (checkforge vs SF2000)
Finished game 61 (checkforge vs SF2000): 1/2-1/2 {Draw by 3-fold repetition}
Score of checkforge vs SF2000: 27 - 27 - 7  [0.500] 61
Started game 62 of 200 (SF2000 vs checkforge)
Finished game 62 (SF2000 vs checkforge): 1-0 {White mates}
Score of checkforge vs SF2000: 27 - 28 - 7  [0.492] 62
Started game 63 of 200 (checkforge vs SF2000)
Finished game 63 (checkforge vs SF2000): 0-1 {Black mates}
Score of checkforge vs SF2000: 27 - 29 - 7  [0.484] 63
Started game 64 of 200 (SF2000 vs checkforge)
Finished game 64 (SF2000 vs checkforge): 0-1 {Black mates}
Score of checkforge vs SF2000: 28 - 29 - 7  [0.492] 64
Started game 65 of 200 (checkforge vs SF2000)
Finished game 65 (checkforge vs SF2000): 0-1 {Black mates}
Score of checkforge vs SF2000: 28 - 30 - 7  [0.485] 65
Started game 66 of 200 (SF2000 vs checkforge)
Finished game 66 (SF2000 vs checkforge): 1/2-1/2 {Draw by 3-fold repetition}
Score of checkforge vs SF2000: 28 - 30 - 8  [0.485] 66
Started game 67 of 200 (checkforge vs SF2000)
Finished game 67 (checkforge vs SF2000): 1-0 {White mates}
Score of checkforge vs SF2000: 29 - 30 - 8  [0.493] 67
Started game 68 of 200 (SF2000 vs checkforge)
Finished game 68 (SF2000 vs checkforge): 0-1 {Black mates}
Score of checkforge vs SF2000: 30 - 30 - 8  [0.500] 68
Started game 69 of 200 (checkforge vs SF2000)
Finished game 69 (checkforge vs SF2000): 0-1 {Black mates}
Score of checkforge vs SF2000: 30 - 31 - 8  [0.493] 69
Started game 70 of 200 (SF2000 vs checkforge)
Finished game 70 (SF2000 vs checkforge): 1-0 {White mates}
Score of checkforge vs SF2000: 30 - 32 - 8  [0.486] 70
Started game 71 of 200 (checkforge vs SF2000)
Finished game 71 (checkforge vs SF2000): 0-1 {Black mates}
Score of checkforge vs SF2000: 30 - 33 - 8  [0.479] 71
Started game 72 of 200 (SF2000 vs checkforge)
Finished game 72 (SF2000 vs checkforge): 1-0 {White mates}
Score of checkforge vs SF2000: 30 - 34 - 8  [0.472] 72
Started game 73 of 200 (checkforge vs SF2000)
Finished game 73 (checkforge vs SF2000): 1-0 {White mates}
Score of checkforge vs SF2000: 31 - 34 - 8  [0.479] 73
Started game 74 of 200 (SF2000 vs checkforge)
Finished game 74 (SF2000 vs checkforge): 1-0 {White mates}
Score of checkforge vs SF2000: 31 - 35 - 8  [0.473] 74
Started game 75 of 200 (checkforge vs SF2000)
Finished game 75 (checkforge vs SF2000): 1-0 {Black loses on time}
Score of checkforge vs SF2000: 32 - 35 - 8  [0.480] 75
Started game 76 of 200 (SF2000 vs checkforge)
Finished game 76 (SF2000 vs checkforge): 1-0 {White mates}
Score of checkforge vs SF2000: 32 - 36 - 8  [0.474] 76
Started game 77 of 200 (checkforge vs SF2000)
Finished game 77 (checkforge vs SF2000): 0-1 {Black mates}
Score of checkforge vs SF2000: 32 - 37 - 8  [0.468] 77
Started game 78 of 200 (SF2000 vs checkforge)
Finished game 78 (SF2000 vs checkforge): 0-1 {Black mates}
Score of checkforge vs SF2000: 33 - 37 - 8  [0.474] 78
Started game 79 of 200 (checkforge vs SF2000)
Finished game 79 (checkforge vs SF2000): 1-0 {White mates}
Score of checkforge vs SF2000: 34 - 37 - 8  [0.481] 79
Started game 80 of 200 (SF2000 vs checkforge)
Finished game 80 (SF2000 vs checkforge): 0-1 {Black mates}
Score of checkforge vs SF2000: 35 - 37 - 8  [0.487] 80
Started game 81 of 200 (checkforge vs SF2000)
Finished game 81 (checkforge vs SF2000): 1-0 {White mates}
Score of checkforge vs SF2000: 36 - 37 - 8  [0.494] 81
Started game 82 of 200 (SF2000 vs checkforge)
Finished game 82 (SF2000 vs checkforge): 1-0 {White mates}
Score of checkforge vs SF2000: 36 - 38 - 8  [0.488] 82
Started game 83 of 200 (checkforge vs SF2000)
Finished game 83 (checkforge vs SF2000): 1/2-1/2 {Draw by 3-fold repetition}
Score of checkforge vs SF2000: 36 - 38 - 9  [0.488] 83
Started game 84 of 200 (SF2000 vs checkforge)
Finished game 84 (SF2000 vs checkforge): 1-0 {White mates}
Score of checkforge vs SF2000: 36 - 39 - 9  [0.482] 84
Started game 85 of 200 (checkforge vs SF2000)
Finished game 85 (checkforge vs SF2000): 1-0 {White mates}
Score of checkforge vs SF2000: 37 - 39 - 9  [0.488] 85
Started game 86 of 200 (SF2000 vs checkforge)
Finished game 86 (SF2000 vs checkforge): 0-1 {Black mates}
Score of checkforge vs SF2000: 38 - 39 - 9  [0.494] 86
Started game 87 of 200 (checkforge vs SF2000)
Finished game 87 (checkforge vs SF2000): 0-1 {Black mates}
Score of checkforge vs SF2000: 38 - 40 - 9  [0.489] 87
Started game 88 of 200 (SF2000 vs checkforge)
Finished game 88 (SF2000 vs checkforge): 1-0 {White mates}
Score of checkforge vs SF2000: 38 - 41 - 9  [0.483] 88
Started game 89 of 200 (checkforge vs SF2000)
Finished game 89 (checkforge vs SF2000): 0-1 {Black mates}
Score of checkforge vs SF2000: 38 - 42 - 9  [0.478] 89
Started game 90 of 200 (SF2000 vs checkforge)
Finished game 90 (SF2000 vs checkforge): 0-1 {Black mates}
Score of checkforge vs SF2000: 39 - 42 - 9  [0.483] 90
Started game 91 of 200 (checkforge vs SF2000)
Finished game 91 (checkforge vs SF2000): 0-1 {Black mates}
Score of checkforge vs SF2000: 39 - 43 - 9  [0.478] 91
Started game 92 of 200 (SF2000 vs checkforge)
Finished game 92 (SF2000 vs checkforge): 0-1 {Black mates}
Score of checkforge vs SF2000: 40 - 43 - 9  [0.484] 92
Started game 93 of 200 (checkforge vs SF2000)
Finished game 93 (checkforge vs SF2000): 1-0 {White mates}
Score of checkforge vs SF2000: 41 - 43 - 9  [0.489] 93
Started game 94 of 200 (SF2000 vs checkforge)
Finished game 94 (SF2000 vs checkforge): 1-0 {White mates}
Score of checkforge vs SF2000: 41 - 44 - 9  [0.484] 94
Started game 95 of 200 (checkforge vs SF2000)
Finished game 95 (checkforge vs SF2000): 1-0 {White mates}
Score of checkforge vs SF2000: 42 - 44 - 9  [0.489] 95
Started game 96 of 200 (SF2000 vs checkforge)
Finished game 96 (SF2000 vs checkforge): 1-0 {White mates}
Score of checkforge vs SF2000: 42 - 45 - 9  [0.484] 96
Started game 97 of 200 (checkforge vs SF2000)
Finished game 97 (checkforge vs SF2000): 1-0 {White mates}
Score of checkforge vs SF2000: 43 - 45 - 9  [0.490] 97
Started game 98 of 200 (SF2000 vs checkforge)
Finished game 98 (SF2000 vs checkforge): 1-0 {White mates}
Score of checkforge vs SF2000: 43 - 46 - 9  [0.485] 98
Started game 99 of 200 (checkforge vs SF2000)
Finished game 99 (checkforge vs SF2000): 0-1 {Black mates}
Score of checkforge vs SF2000: 43 - 47 - 9  [0.480] 99
Started game 100 of 200 (SF2000 vs checkforge)
Finished game 100 (SF2000 vs checkforge): 1/2-1/2 {Draw by 3-fold repetition}
Score of checkforge vs SF2000: 43 - 47 - 10  [0.480] 100
Started game 101 of 200 (checkforge vs SF2000)
Finished game 101 (checkforge vs SF2000): 1-0 {White mates}
Score of checkforge vs SF2000: 44 - 47 - 10  [0.485] 101
Started game 102 of 200 (SF2000 vs checkforge)
Finished game 102 (SF2000 vs checkforge): 1/2-1/2 {Draw by 3-fold repetition}
Score of checkforge vs SF2000: 44 - 47 - 11  [0.485] 102
Started game 103 of 200 (checkforge vs SF2000)
Finished game 103 (checkforge vs SF2000): 1-0 {White mates}
Score of checkforge vs SF2000: 45 - 47 - 11  [0.490] 103
Started game 104 of 200 (SF2000 vs checkforge)
Finished game 104 (SF2000 vs checkforge): 1-0 {White mates}
Score of checkforge vs SF2000: 45 - 48 - 11  [0.486] 104
Started game 105 of 200 (checkforge vs SF2000)
Finished game 105 (checkforge vs SF2000): 1-0 {White mates}
Score of checkforge vs SF2000: 46 - 48 - 11  [0.490] 105
Started game 106 of 200 (SF2000 vs checkforge)
Finished game 106 (SF2000 vs checkforge): 0-1 {Black mates}
Score of checkforge vs SF2000: 47 - 48 - 11  [0.495] 106
Started game 107 of 200 (checkforge vs SF2000)
Finished game 107 (checkforge vs SF2000): 1-0 {White mates}
Score of checkforge vs SF2000: 48 - 48 - 11  [0.500] 107
Started game 108 of 200 (SF2000 vs checkforge)
Finished game 108 (SF2000 vs checkforge): 1/2-1/2 {Draw by 3-fold repetition}
Score of checkforge vs SF2000: 48 - 48 - 12  [0.500] 108
Started game 109 of 200 (checkforge vs SF2000)
Finished game 109 (checkforge vs SF2000): 1/2-1/2 {Draw by 3-fold repetition}
Score of checkforge vs SF2000: 48 - 48 - 13  [0.500] 109
Started game 110 of 200 (SF2000 vs checkforge)
Finished game 110 (SF2000 vs checkforge): 0-1 {Black mates}
Score of checkforge vs SF2000: 49 - 48 - 13  [0.505] 110
Started game 111 of 200 (checkforge vs SF2000)
Finished game 111 (checkforge vs SF2000): 1-0 {White mates}
Score of checkforge vs SF2000: 50 - 48 - 13  [0.509] 111
Started game 112 of 200 (SF2000 vs checkforge)
Finished game 112 (SF2000 vs checkforge): 0-1 {Black mates}
Score of checkforge vs SF2000: 51 - 48 - 13  [0.513] 112
Started game 113 of 200 (checkforge vs SF2000)
Finished game 113 (checkforge vs SF2000): 1-0 {White mates}
Score of checkforge vs SF2000: 52 - 48 - 13  [0.518] 113
Started game 114 of 200 (SF2000 vs checkforge)
Finished game 114 (SF2000 vs checkforge): 0-1 {Black mates}
Score of checkforge vs SF2000: 53 - 48 - 13  [0.522] 114
Started game 115 of 200 (checkforge vs SF2000)
Finished game 115 (checkforge vs SF2000): 1-0 {White mates}
Score of checkforge vs SF2000: 54 - 48 - 13  [0.526] 115
Started game 116 of 200 (SF2000 vs checkforge)
Finished game 116 (SF2000 vs checkforge): 1-0 {White mates}
Score of checkforge vs SF2000: 54 - 49 - 13  [0.522] 116
Started game 117 of 200 (checkforge vs SF2000)
Finished game 117 (checkforge vs SF2000): 0-1 {Black mates}
Score of checkforge vs SF2000: 54 - 50 - 13  [0.517] 117
Started game 118 of 200 (SF2000 vs checkforge)
Finished game 118 (SF2000 vs checkforge): 1-0 {White mates}
Score of checkforge vs SF2000: 54 - 51 - 13  [0.513] 118
Started game 119 of 200 (checkforge vs SF2000)
Finished game 119 (checkforge vs SF2000): 1/2-1/2 {Draw by 3-fold repetition}
Score of checkforge vs SF2000: 54 - 51 - 14  [0.513] 119
Started game 120 of 200 (SF2000 vs checkforge)
Finished game 120 (SF2000 vs checkforge): 0-1 {White loses on time}
Score of checkforge vs SF2000: 55 - 51 - 14  [0.517] 120
Started game 121 of 200 (checkforge vs SF2000)
Finished game 121 (checkforge vs SF2000): 1/2-1/2 {Draw by 3-fold repetition}
Score of checkforge vs SF2000: 55 - 51 - 15  [0.517] 121
Started game 122 of 200 (SF2000 vs checkforge)
Finished game 122 (SF2000 vs checkforge): 1-0 {White mates}
Score of checkforge vs SF2000: 55 - 52 - 15  [0.512] 122
Started game 123 of 200 (checkforge vs SF2000)
Finished game 123 (checkforge vs SF2000): 1-0 {White mates}
Score of checkforge vs SF2000: 56 - 52 - 15  [0.516] 123
Started game 124 of 200 (SF2000 vs checkforge)
Finished game 124 (SF2000 vs checkforge): 0-1 {Black mates}
Score of checkforge vs SF2000: 57 - 52 - 15  [0.520] 124
Started game 125 of 200 (checkforge vs SF2000)
Finished game 125 (checkforge vs SF2000): 1-0 {White mates}
Score of checkforge vs SF2000: 58 - 52 - 15  [0.524] 125
Started game 126 of 200 (SF2000 vs checkforge)
Finished game 126 (SF2000 vs checkforge): 1-0 {White mates}
Score of checkforge vs SF2000: 58 - 53 - 15  [0.520] 126
Started game 127 of 200 (checkforge vs SF2000)
Finished game 127 (checkforge vs SF2000): 1-0 {White mates}
Score of checkforge vs SF2000: 59 - 53 - 15  [0.524] 127
Started game 128 of 200 (SF2000 vs checkforge)
Finished game 128 (SF2000 vs checkforge): 1-0 {White mates}
Score of checkforge vs SF2000: 59 - 54 - 15  [0.520] 128
Started game 129 of 200 (checkforge vs SF2000)
Finished game 129 (checkforge vs SF2000): 0-1 {Black mates}
Score of checkforge vs SF2000: 59 - 55 - 15  [0.516] 129
Started game 130 of 200 (SF2000 vs checkforge)
Finished game 130 (SF2000 vs checkforge): 0-1 {Black mates}
Score of checkforge vs SF2000: 60 - 55 - 15  [0.519] 130
Started game 131 of 200 (checkforge vs SF2000)
Finished game 131 (checkforge vs SF2000): 0-1 {Black mates}
Score of checkforge vs SF2000: 60 - 56 - 15  [0.515] 131
Started game 132 of 200 (SF2000 vs checkforge)
Finished game 132 (SF2000 vs checkforge): 0-1 {Black mates}
Score of checkforge vs SF2000: 61 - 56 - 15  [0.519] 132
Started game 133 of 200 (checkforge vs SF2000)
Finished game 133 (checkforge vs SF2000): 0-1 {Black mates}
Score of checkforge vs SF2000: 61 - 57 - 15  [0.515] 133
Started game 134 of 200 (SF2000 vs checkforge)
Finished game 134 (SF2000 vs checkforge): 0-1 {Black mates}
Score of checkforge vs SF2000: 62 - 57 - 15  [0.519] 134
Started game 135 of 200 (checkforge vs SF2000)
Finished game 135 (checkforge vs SF2000): 1/2-1/2 {Draw by 3-fold repetition}
Score of checkforge vs SF2000: 62 - 57 - 16  [0.519] 135
Started game 136 of 200 (SF2000 vs checkforge)
Finished game 136 (SF2000 vs checkforge): 0-1 {Black mates}
Score of checkforge vs SF2000: 63 - 57 - 16  [0.522] 136
Started game 137 of 200 (checkforge vs SF2000)
Finished game 137 (checkforge vs SF2000): 1-0 {White mates}
Score of checkforge vs SF2000: 64 - 57 - 16  [0.526] 137
Started game 138 of 200 (SF2000 vs checkforge)
Finished game 138 (SF2000 vs checkforge): 1-0 {White mates}
Score of checkforge vs SF2000: 64 - 58 - 16  [0.522] 138
Started game 139 of 200 (checkforge vs SF2000)
Finished game 139 (checkforge vs SF2000): 0-1 {Black mates}
Score of checkforge vs SF2000: 64 - 59 - 16  [0.518] 139
Started game 140 of 200 (SF2000 vs checkforge)
Finished game 140 (SF2000 vs checkforge): 0-1 {Black mates}
Score of checkforge vs SF2000: 65 - 59 - 16  [0.521] 140
Started game 141 of 200 (checkforge vs SF2000)
Finished game 141 (checkforge vs SF2000): 0-1 {Black mates}
Score of checkforge vs SF2000: 65 - 60 - 16  [0.518] 141
Started game 142 of 200 (SF2000 vs checkforge)
Finished game 142 (SF2000 vs checkforge): 0-1 {Black mates}
Score of checkforge vs SF2000: 66 - 60 - 16  [0.521] 142
Started game 143 of 200 (checkforge vs SF2000)
Finished game 143 (checkforge vs SF2000): 1/2-1/2 {Draw by 3-fold repetition}
Score of checkforge vs SF2000: 66 - 60 - 17  [0.521] 143
Started game 144 of 200 (SF2000 vs checkforge)
Finished game 144 (SF2000 vs checkforge): 0-1 {Black mates}
Score of checkforge vs SF2000: 67 - 60 - 17  [0.524] 144
Started game 145 of 200 (checkforge vs SF2000)
Finished game 145 (checkforge vs SF2000): 0-1 {Black mates}
Score of checkforge vs SF2000: 67 - 61 - 17  [0.521] 145
Started game 146 of 200 (SF2000 vs checkforge)
Finished game 146 (SF2000 vs checkforge): 1-0 {White mates}
Score of checkforge vs SF2000: 67 - 62 - 17  [0.517] 146
Started game 147 of 200 (checkforge vs SF2000)
Finished game 147 (checkforge vs SF2000): 1-0 {White mates}
Score of checkforge vs SF2000: 68 - 62 - 17  [0.520] 147
Started game 148 of 200 (SF2000 vs checkforge)
Finished game 148 (SF2000 vs checkforge): 1-0 {White mates}
Score of checkforge vs SF2000: 68 - 63 - 17  [0.517] 148
Started game 149 of 200 (checkforge vs SF2000)
Finished game 149 (checkforge vs SF2000): 1-0 {White mates}
Score of checkforge vs SF2000: 69 - 63 - 17  [0.520] 149
Started game 150 of 200 (SF2000 vs checkforge)
Finished game 150 (SF2000 vs checkforge): 0-1 {Black mates}
Score of checkforge vs SF2000: 70 - 63 - 17  [0.523] 150
Started game 151 of 200 (checkforge vs SF2000)
Finished game 151 (checkforge vs SF2000): 0-1 {Black mates}
Score of checkforge vs SF2000: 70 - 64 - 17  [0.520] 151
Started game 152 of 200 (SF2000 vs checkforge)
Finished game 152 (SF2000 vs checkforge): 0-1 {Black mates}
Score of checkforge vs SF2000: 71 - 64 - 17  [0.523] 152
Started game 153 of 200 (checkforge vs SF2000)
Finished game 153 (checkforge vs SF2000): 0-1 {Black mates}
Score of checkforge vs SF2000: 71 - 65 - 17  [0.520] 153
Started game 154 of 200 (SF2000 vs checkforge)
Finished game 154 (SF2000 vs checkforge): 0-1 {Black mates}
Score of checkforge vs SF2000: 72 - 65 - 17  [0.523] 154
Started game 155 of 200 (checkforge vs SF2000)
Finished game 155 (checkforge vs SF2000): 0-1 {Black mates}
Score of checkforge vs SF2000: 72 - 66 - 17  [0.519] 155
Started game 156 of 200 (SF2000 vs checkforge)
Finished game 156 (SF2000 vs checkforge): 1-0 {White mates}
Score of checkforge vs SF2000: 72 - 67 - 17  [0.516] 156
Started game 157 of 200 (checkforge vs SF2000)
Finished game 157 (checkforge vs SF2000): 1-0 {White mates}
Score of checkforge vs SF2000: 73 - 67 - 17  [0.519] 157
Started game 158 of 200 (SF2000 vs checkforge)
Finished game 158 (SF2000 vs checkforge): 1-0 {White mates}
Score of checkforge vs SF2000: 73 - 68 - 17  [0.516] 158
Started game 159 of 200 (checkforge vs SF2000)
Finished game 159 (checkforge vs SF2000): 1/2-1/2 {Draw by 3-fold repetition}
Score of checkforge vs SF2000: 73 - 68 - 18  [0.516] 159
Started game 160 of 200 (SF2000 vs checkforge)
Finished game 160 (SF2000 vs checkforge): 0-1 {Black mates}
Score of checkforge vs SF2000: 74 - 68 - 18  [0.519] 160
Started game 161 of 200 (checkforge vs SF2000)
Finished game 161 (checkforge vs SF2000): 0-1 {Black mates}
Score of checkforge vs SF2000: 74 - 69 - 18  [0.516] 161
Started game 162 of 200 (SF2000 vs checkforge)
Finished game 162 (SF2000 vs checkforge): 1-0 {White mates}
Score of checkforge vs SF2000: 74 - 70 - 18  [0.512] 162
Started game 163 of 200 (checkforge vs SF2000)
Finished game 163 (checkforge vs SF2000): 1-0 {White mates}
Score of checkforge vs SF2000: 75 - 70 - 18  [0.515] 163
Started game 164 of 200 (SF2000 vs checkforge)
Finished game 164 (SF2000 vs checkforge): 0-1 {Black mates}
Score of checkforge vs SF2000: 76 - 70 - 18  [0.518] 164
Started game 165 of 200 (checkforge vs SF2000)
Finished game 165 (checkforge vs SF2000): 0-1 {Black mates}
Score of checkforge vs SF2000: 76 - 71 - 18  [0.515] 165
Started game 166 of 200 (SF2000 vs checkforge)
Finished game 166 (SF2000 vs checkforge): 0-1 {Black mates}
Score of checkforge vs SF2000: 77 - 71 - 18  [0.518] 166
Started game 167 of 200 (checkforge vs SF2000)
Finished game 167 (checkforge vs SF2000): 1-0 {White mates}
Score of checkforge vs SF2000: 78 - 71 - 18  [0.521] 167
Started game 168 of 200 (SF2000 vs checkforge)
Finished game 168 (SF2000 vs checkforge): 0-1 {Black mates}
Score of checkforge vs SF2000: 79 - 71 - 18  [0.524] 168
Started game 169 of 200 (checkforge vs SF2000)
Finished game 169 (checkforge vs SF2000): 1/2-1/2 {Draw by 3-fold repetition}
Score of checkforge vs SF2000: 79 - 71 - 19  [0.524] 169
Started game 170 of 200 (SF2000 vs checkforge)
Finished game 170 (SF2000 vs checkforge): 1-0 {White mates}
Score of checkforge vs SF2000: 79 - 72 - 19  [0.521] 170
Started game 171 of 200 (checkforge vs SF2000)
Finished game 171 (checkforge vs SF2000): 1-0 {White mates}
Score of checkforge vs SF2000: 80 - 72 - 19  [0.523] 171
Started game 172 of 200 (SF2000 vs checkforge)
Finished game 172 (SF2000 vs checkforge): 1-0 {White mates}
Score of checkforge vs SF2000: 80 - 73 - 19  [0.520] 172
Started game 173 of 200 (checkforge vs SF2000)
Finished game 173 (checkforge vs SF2000): 1-0 {White mates}
Score of checkforge vs SF2000: 81 - 73 - 19  [0.523] 173
Started game 174 of 200 (SF2000 vs checkforge)
Finished game 174 (SF2000 vs checkforge): 1-0 {White mates}
Score of checkforge vs SF2000: 81 - 74 - 19  [0.520] 174
Started game 175 of 200 (checkforge vs SF2000)
Finished game 175 (checkforge vs SF2000): 0-1 {Black mates}
Score of checkforge vs SF2000: 81 - 75 - 19  [0.517] 175
Started game 176 of 200 (SF2000 vs checkforge)
Finished game 176 (SF2000 vs checkforge): 1-0 {White mates}
Score of checkforge vs SF2000: 81 - 76 - 19  [0.514] 176
Started game 177 of 200 (checkforge vs SF2000)
Finished game 177 (checkforge vs SF2000): 0-1 {Black mates}
Score of checkforge vs SF2000: 81 - 77 - 19  [0.511] 177
Started game 178 of 200 (SF2000 vs checkforge)
Finished game 178 (SF2000 vs checkforge): 1-0 {White mates}
Score of checkforge vs SF2000: 81 - 78 - 19  [0.508] 178
Started game 179 of 200 (checkforge vs SF2000)
Finished game 179 (checkforge vs SF2000): 1-0 {White mates}
Score of checkforge vs SF2000: 82 - 78 - 19  [0.511] 179
Started game 180 of 200 (SF2000 vs checkforge)
Finished game 180 (SF2000 vs checkforge): 0-1 {Black mates}
Score of checkforge vs SF2000: 83 - 78 - 19  [0.514] 180
Started game 181 of 200 (checkforge vs SF2000)
Finished game 181 (checkforge vs SF2000): 1-0 {White mates}
Score of checkforge vs SF2000: 84 - 78 - 19  [0.517] 181
Started game 182 of 200 (SF2000 vs checkforge)
Finished game 182 (SF2000 vs checkforge): 1-0 {White mates}
Score of checkforge vs SF2000: 84 - 79 - 19  [0.514] 182
Started game 183 of 200 (checkforge vs SF2000)
Finished game 183 (checkforge vs SF2000): 1-0 {White mates}
Score of checkforge vs SF2000: 85 - 79 - 19  [0.516] 183
Started game 184 of 200 (SF2000 vs checkforge)
Finished game 184 (SF2000 vs checkforge): 1-0 {White mates}
Score of checkforge vs SF2000: 85 - 80 - 19  [0.514] 184
Started game 185 of 200 (checkforge vs SF2000)
Finished game 185 (checkforge vs SF2000): 1-0 {White mates}
Score of checkforge vs SF2000: 86 - 80 - 19  [0.516] 185
Started game 186 of 200 (SF2000 vs checkforge)
Finished game 186 (SF2000 vs checkforge): 1/2-1/2 {Draw by 3-fold repetition}
Score of checkforge vs SF2000: 86 - 80 - 20  [0.516] 186
Started game 187 of 200 (checkforge vs SF2000)
Finished game 187 (checkforge vs SF2000): 1-0 {White mates}
Score of checkforge vs SF2000: 87 - 80 - 20  [0.519] 187
Started game 188 of 200 (SF2000 vs checkforge)
Finished game 188 (SF2000 vs checkforge): 0-1 {Black mates}
Score of checkforge vs SF2000: 88 - 80 - 20  [0.521] 188
Started game 189 of 200 (checkforge vs SF2000)
Finished game 189 (checkforge vs SF2000): 1/2-1/2 {Draw by fifty moves rule}
Score of checkforge vs SF2000: 88 - 80 - 21  [0.521] 189
Started game 190 of 200 (SF2000 vs checkforge)
Finished game 190 (SF2000 vs checkforge): 1-0 {White mates}
Score of checkforge vs SF2000: 88 - 81 - 21  [0.518] 190
Started game 191 of 200 (checkforge vs SF2000)
Finished game 191 (checkforge vs SF2000): 0-1 {Black mates}
Score of checkforge vs SF2000: 88 - 82 - 21  [0.516] 191
Started game 192 of 200 (SF2000 vs checkforge)
Finished game 192 (SF2000 vs checkforge): 1/2-1/2 {Draw by 3-fold repetition}
Score of checkforge vs SF2000: 88 - 82 - 22  [0.516] 192
Started game 193 of 200 (checkforge vs SF2000)
Finished game 193 (checkforge vs SF2000): 1-0 {White mates}
Score of checkforge vs SF2000: 89 - 82 - 22  [0.518] 193
Started game 194 of 200 (SF2000 vs checkforge)
Finished game 194 (SF2000 vs checkforge): 0-1 {White loses on time}
Score of checkforge vs SF2000: 90 - 82 - 22  [0.521] 194
Started game 195 of 200 (checkforge vs SF2000)
Finished game 195 (checkforge vs SF2000): 1-0 {White mates}
Score of checkforge vs SF2000: 91 - 82 - 22  [0.523] 195
Started game 196 of 200 (SF2000 vs checkforge)
Finished game 196 (SF2000 vs checkforge): 1/2-1/2 {Draw by 3-fold repetition}
Score of checkforge vs SF2000: 91 - 82 - 23  [0.523] 196
Started game 197 of 200 (checkforge vs SF2000)
Finished game 197 (checkforge vs SF2000): 0-1 {Black mates}
Score of checkforge vs SF2000: 91 - 83 - 23  [0.520] 197
Started game 198 of 200 (SF2000 vs checkforge)
Finished game 198 (SF2000 vs checkforge): 0-1 {Black mates}
Score of checkforge vs SF2000: 92 - 83 - 23  [0.523] 198
Started game 199 of 200 (checkforge vs SF2000)
Finished game 199 (checkforge vs SF2000): 1/2-1/2 {Draw by 3-fold repetition}
Score of checkforge vs SF2000: 92 - 83 - 24  [0.523] 199
Started game 200 of 200 (SF2000 vs checkforge)
Finished game 200 (SF2000 vs checkforge): 0-1 {Black mates}
Score of checkforge vs SF2000: 93 - 83 - 24  [0.525] 200
...      checkforge playing White: 51 - 37 - 12  [0.570] 100
...      checkforge playing Black: 42 - 46 - 12  [0.480] 100
...      White vs Black: 97 - 79 - 24  [0.545] 200
Elo difference: 17.4 +/- 45.4, LOS: 77.5 %, DrawRatio: 12.0 %
SPRT: llr 0 (0.0%), lbound -inf, ubound inf

Player: checkforge
   "Draw by 3-fold repetition": 23
   "Draw by fifty moves rule": 1
   "Loss: Black mates": 37
   "Loss: White mates": 46
   "Win: Black loses on time": 2
   "Win: Black mates": 39
   "Win: White loses on time": 3
   "Win: White mates": 49
Player: SF2000
   "Draw by 3-fold repetition": 23
   "Draw by fifty moves rule": 1
   "Loss: Black loses on time": 2
   "Loss: Black mates": 39
   "Loss: White loses on time": 3
   "Loss: White mates": 49
   "Win: Black mates": 37
   "Win: White mates": 46
Finished match
